00:00 +0: loading /home/cdesbois/flutterApps/pcriteria/test/chip_text_interaction_test.dart
00:00 +0: ChipText updates displayed status on input
if title is null or empty, may be a better idea to use Container() instead of TitleBorderBox()
══╡ EXCEPTION CAUGHT BY RENDERING LIBRARY ╞═════════════════════════════════════════════════════════
The following assertion was thrown during performLayout():
An InputDecorator, which is typically created by a TextField, cannot have an unbounded width.
This happens when the parent widget does not provide a finite width constraint. For example, if the
InputDecorator is contained by a Row, then its width must be constrained. An Expanded widget or a
SizedBox can be used to constrain the width of the InputDecorator or the TextField that contains it.
'package:flutter/src/material/input_decorator.dart':
Failed assertion: line 962 pos 7: 'constraints.maxWidth < double.infinity'

Either the assertion indicates an error in the framework itself, or we should provide substantially
more information in this error message to help you determine and fix the underlying cause.
In either case, please report this assertion by filing a bug on GitHub:
  https://github.com/flutter/flutter/issues/new?template=02_bug.yml

The relevant error-causing widget was:
  TextField TextField:file:///home/cdesbois/flutterApps/pcriteria/lib/chips/chip_text.dart:54:13

When the exception was thrown, this was the stack:
#2      _RenderDecoration._layout (package:flutter/src/material/input_decorator.dart:962:7)
#3      _RenderDecoration.performLayout (package:flutter/src/material/input_decorator.dart:1388:44)
#4      RenderObject.layout (package:flutter/src/rendering/object.dart:2768:7)
#5      RenderProxyBoxMixin.performLayout (package:flutter/src/rendering/proxy_box.dart:118:18)
#6      RenderObject.layout (package:flutter/src/rendering/object.dart:2768:7)
#7      RenderProxyBoxMixin.performLayout (package:flutter/src/rendering/proxy_box.dart:118:18)
#8      RenderObject.layout (package:flutter/src/rendering/object.dart:2768:7)
#9      RenderProxyBoxMixin.performLayout (package:flutter/src/rendering/proxy_box.dart:118:18)
#10     RenderObject.layout (package:flutter/src/rendering/object.dart:2768:7)
#11     RenderProxyBoxMixin.performLayout (package:flutter/src/rendering/proxy_box.dart:118:18)
#12     RenderObject.layout (package:flutter/src/rendering/object.dart:2768:7)
#13     RenderTapRegion.layout (package:flutter/src/widgets/tap_region.dart:686:11)
#14     RenderProxyBoxMixin.performLayout (package:flutter/src/rendering/proxy_box.dart:118:18)
#15     RenderObject.layout (package:flutter/src/rendering/object.dart:2768:7)
#16     ChildLayoutHelper.layoutChild (package:flutter/src/rendering/layout_helper.dart:62:11)
#17     RenderFlex._computeSizes (package:flutter/src/rendering/flex.dart:1237:28)
#18     RenderFlex.performLayout (package:flutter/src/rendering/flex.dart:1329:32)
#19     RenderObject.layout (package:flutter/src/rendering/object.dart:2768:7)
#20     RenderProxyBoxMixin.performLayout (package:flutter/src/rendering/proxy_box.dart:118:18)
#21     RenderObject.layout (package:flutter/src/rendering/object.dart:2768:7)
#22     RenderProxyBoxMixin.performLayout (package:flutter/src/rendering/proxy_box.dart:118:18)
#23     RenderObject.layout (package:flutter/src/rendering/object.dart:2768:7)
#24     RenderProxyBoxMixin.performLayout (package:flutter/src/rendering/proxy_box.dart:118:18)
#25     RenderObject.layout (package:flutter/src/rendering/object.dart:2768:7)
#26     RenderProxyBoxMixin.performLayout (package:flutter/src/rendering/proxy_box.dart:118:18)
#27     RenderObject.layout (package:flutter/src/rendering/object.dart:2768:7)
#28     RenderPadding.performLayout (package:flutter/src/rendering/shifted_box.dart:262:12)
#29     RenderObject.layout (package:flutter/src/rendering/object.dart:2768:7)
#30     RenderProxyBoxMixin.performLayout (package:flutter/src/rendering/proxy_box.dart:118:18)
#31     RenderCustomPaint.performLayout (package:flutter/src/rendering/custom_paint.dart:574:11)
#32     RenderObject.layout (package:flutter/src/rendering/object.dart:2768:7)
#33     _RenderLayoutBuilder.performLayout (package:flutter/src/widgets/layout_builder.dart:449:14)
#34     RenderObject.layout (package:flutter/src/rendering/object.dart:2768:7)
#35     RenderPadding.performLayout (package:flutter/src/rendering/shifted_box.dart:262:12)
#36     RenderObject.layout (package:flutter/src/rendering/object.dart:2768:7)
#37     RenderConstrainedBox.performLayout (package:flutter/src/rendering/proxy_box.dart:296:14)
#38     RenderObject.layout (package:flutter/src/rendering/object.dart:2768:7)
#39     RenderProxyBoxMixin.performLayout (package:flutter/src/rendering/proxy_box.dart:118:18)
#40     RenderObject.layout (package:flutter/src/rendering/object.dart:2768:7)
#41     RenderPadding.performLayout (package:flutter/src/rendering/shifted_box.dart:262:12)
#42     RenderObject.layout (package:flutter/src/rendering/object.dart:2768:7)
#43     MultiChildLayoutDelegate.layoutChild (package:flutter/src/rendering/custom_layout.dart:180:12)
#44     _ScaffoldLayout.performLayout (package:flutter/src/material/scaffold.dart:1111:7)
#45     MultiChildLayoutDelegate._callPerformLayout (package:flutter/src/rendering/custom_layout.dart:246:7)
#46     RenderCustomMultiChildLayoutBox.performLayout (package:flutter/src/rendering/custom_layout.dart:417:14)
#47     RenderObject._layoutWithoutResize (package:flutter/src/rendering/object.dart:2616:7)
#48     PipelineOwner.flushLayout (package:flutter/src/rendering/object.dart:1174:18)
#49     PipelineOwner.flushLayout (package:flutter/src/rendering/object.dart:1187:15)
#50     AutomatedTestWidgetsFlutterBinding.drawFrame (package:flutter_test/src/binding.dart:2133:27)
#51     RendererBinding._handlePersistentFrameCallback (package:flutter/src/rendering/binding.dart:495:5)
#52     SchedulerBinding._invokeFrameCallback (package:flutter/src/scheduler/binding.dart:1430:15)
#53     SchedulerBinding.handleDrawFrame (package:flutter/src/scheduler/binding.dart:1345:9)
#54     AutomatedTestWidgetsFlutterBinding.pump.<anonymous closure> (package:flutter_test/src/binding.dart:1960:9)
#57     TestAsyncUtils.guard (package:flutter_test/src/test_async_utils.dart:74:41)
#58     AutomatedTestWidgetsFlutterBinding.pump (package:flutter_test/src/binding.dart:1949:27)
#59     WidgetTester.pump.<anonymous closure> (package:flutter_test/src/widget_tester.dart:652:53)
#62     TestAsyncUtils.guard (package:flutter_test/src/test_async_utils.dart:74:41)
#63     WidgetTester.pump (package:flutter_test/src/widget_tester.dart:652:27)
#64     main.<anonymous closure> (file:///home/cdesbois/flutterApps/pcriteria/test/chip_text_interaction_test.dart:27:18)
<asynchronous suspension>
#65     testWidgets.<anonymous closure>.<anonymous closure> (package:flutter_test/src/widget_tester.dart:192:15)
<asynchronous suspension>
#66     TestWidgetsFlutterBinding._runTestBody (package:flutter_test/src/binding.dart:1682:5)
<asynchronous suspension>
<asynchronous suspension>
(elided 7 frames from class _AssertionError, dart:async, and package:stack_trace)

The following RenderObject was being processed when the exception was fired: _RenderDecoration#41cc7 relayoutBoundary=up18 NEEDS-PAINT NEEDS-COMPOSITING-BITS-UPDATE:
  creator: _Decorator ← InputDecorator ← AnimatedBuilder ← Listener ← RawGestureDetector ←
    TextSelectionGestureDetector ← Semantics ← AnimatedBuilder ← IgnorePointer ← TextFieldTapRegion ←
    MouseRegion ← TextField ← ⋯
  parentData: <none> (can use size)
  constraints: BoxConstraints(0.0<=w<=Infinity, 0.0<=h<=38.0)
  size: MISSING
This RenderObject had the following descendants (showing up to depth 5):
    input: RenderRepaintBoundary#8bbbd NEEDS-LAYOUT NEEDS-PAINT NEEDS-COMPOSITING-BITS-UPDATE
      child: _RenderCompositionCallback#2e715 NEEDS-LAYOUT NEEDS-PAINT NEEDS-COMPOSITING-BITS-UPDATE
        child: RenderTapRegion#1830f NEEDS-LAYOUT NEEDS-PAINT NEEDS-COMPOSITING-BITS-UPDATE
          child: RenderMouseRegion#13cb7 NEEDS-LAYOUT NEEDS-PAINT NEEDS-COMPOSITING-BITS-UPDATE
            child: RenderPointerListener#6460e NEEDS-LAYOUT NEEDS-PAINT NEEDS-COMPOSITING-BITS-UPDATE
    helperError: RenderConstrainedBox#51293 NEEDS-LAYOUT NEEDS-PAINT
    container: RenderCustomPaint#29e0c NEEDS-LAYOUT NEEDS-PAINT
════════════════════════════════════════════════════════════════════════════════════════════════════
══╡ EXCEPTION CAUGHT BY RENDERING LIBRARY ╞═════════════════════════════════════════════════════════
The following assertion was thrown during performLayout():
RenderBox was not laid out: _RenderDecoration#41cc7 relayoutBoundary=up18 NEEDS-PAINT
NEEDS-COMPOSITING-BITS-UPDATE
'package:flutter/src/rendering/box.dart':
Failed assertion: line 2251 pos 12: 'hasSize'

Either the assertion indicates an error in the framework itself, or we should provide substantially
more information in this error message to help you determine and fix the underlying cause.
In either case, please report this assertion by filing a bug on GitHub:
  https://github.com/flutter/flutter/issues/new?template=02_bug.yml

The relevant error-causing widget was:
  TextField TextField:file:///home/cdesbois/flutterApps/pcriteria/lib/chips/chip_text.dart:54:13

When the exception was thrown, this was the stack:
#2      RenderBox.size (package:flutter/src/rendering/box.dart:2251:12)
#3      RenderProxyBoxMixin.performLayout (package:flutter/src/rendering/proxy_box.dart:118:62)
#4      RenderObject.layout (package:flutter/src/rendering/object.dart:2768:7)
#5      RenderProxyBoxMixin.performLayout (package:flutter/src/rendering/proxy_box.dart:118:18)
#6      RenderObject.layout (package:flutter/src/rendering/object.dart:2768:7)
#7      RenderProxyBoxMixin.performLayout (package:flutter/src/rendering/proxy_box.dart:118:18)
#8      RenderObject.layout (package:flutter/src/rendering/object.dart:2768:7)
#9      RenderProxyBoxMixin.performLayout (package:flutter/src/rendering/proxy_box.dart:118:18)
#10     RenderObject.layout (package:flutter/src/rendering/object.dart:2768:7)
#11     RenderTapRegion.layout (package:flutter/src/widgets/tap_region.dart:686:11)
#12     RenderProxyBoxMixin.performLayout (package:flutter/src/rendering/proxy_box.dart:118:18)
#13     RenderObject.layout (package:flutter/src/rendering/object.dart:2768:7)
#14     ChildLayoutHelper.layoutChild (package:flutter/src/rendering/layout_helper.dart:62:11)
#15     RenderFlex._computeSizes (package:flutter/src/rendering/flex.dart:1237:28)
#16     RenderFlex.performLayout (package:flutter/src/rendering/flex.dart:1329:32)
#17     RenderObject.layout (package:flutter/src/rendering/object.dart:2768:7)
#18     RenderProxyBoxMixin.performLayout (package:flutter/src/rendering/proxy_box.dart:118:18)
#19     RenderObject.layout (package:flutter/src/rendering/object.dart:2768:7)
#20     RenderProxyBoxMixin.performLayout (package:flutter/src/rendering/proxy_box.dart:118:18)
#21     RenderObject.layout (package:flutter/src/rendering/object.dart:2768:7)
#22     RenderProxyBoxMixin.performLayout (package:flutter/src/rendering/proxy_box.dart:118:18)
#23     RenderObject.layout (package:flutter/src/rendering/object.dart:2768:7)
#24     RenderProxyBoxMixin.performLayout (package:flutter/src/rendering/proxy_box.dart:118:18)
#25     RenderObject.layout (package:flutter/src/rendering/object.dart:2768:7)
#26     RenderPadding.performLayout (package:flutter/src/rendering/shifted_box.dart:262:12)
#27     RenderObject.layout (package:flutter/src/rendering/object.dart:2768:7)
#28     RenderProxyBoxMixin.performLayout (package:flutter/src/rendering/proxy_box.dart:118:18)
#29     RenderCustomPaint.performLayout (package:flutter/src/rendering/custom_paint.dart:574:11)
#30     RenderObject.layout (package:flutter/src/rendering/object.dart:2768:7)
#31     _RenderLayoutBuilder.performLayout (package:flutter/src/widgets/layout_builder.dart:449:14)
#32     RenderObject.layout (package:flutter/src/rendering/object.dart:2768:7)
#33     RenderPadding.performLayout (package:flutter/src/rendering/shifted_box.dart:262:12)
#34     RenderObject.layout (package:flutter/src/rendering/object.dart:2768:7)
#35     RenderConstrainedBox.performLayout (package:flutter/src/rendering/proxy_box.dart:296:14)
#36     RenderObject.layout (package:flutter/src/rendering/object.dart:2768:7)
#37     RenderProxyBoxMixin.performLayout (package:flutter/src/rendering/proxy_box.dart:118:18)
#38     RenderObject.layout (package:flutter/src/rendering/object.dart:2768:7)
#39     RenderPadding.performLayout (package:flutter/src/rendering/shifted_box.dart:262:12)
#40     RenderObject.layout (package:flutter/src/rendering/object.dart:2768:7)
#41     MultiChildLayoutDelegate.layoutChild (package:flutter/src/rendering/custom_layout.dart:180:12)
#42     _ScaffoldLayout.performLayout (package:flutter/src/material/scaffold.dart:1111:7)
#43     MultiChildLayoutDelegate._callPerformLayout (package:flutter/src/rendering/custom_layout.dart:246:7)
#44     RenderCustomMultiChildLayoutBox.performLayout (package:flutter/src/rendering/custom_layout.dart:417:14)
#45     RenderObject._layoutWithoutResize (package:flutter/src/rendering/object.dart:2616:7)
#46     PipelineOwner.flushLayout (package:flutter/src/rendering/object.dart:1174:18)
#47     PipelineOwner.flushLayout (package:flutter/src/rendering/object.dart:1187:15)
#48     AutomatedTestWidgetsFlutterBinding.drawFrame (package:flutter_test/src/binding.dart:2133:27)
#49     RendererBinding._handlePersistentFrameCallback (package:flutter/src/rendering/binding.dart:495:5)
#50     SchedulerBinding._invokeFrameCallback (package:flutter/src/scheduler/binding.dart:1430:15)
#51     SchedulerBinding.handleDrawFrame (package:flutter/src/scheduler/binding.dart:1345:9)
#52     AutomatedTestWidgetsFlutterBinding.pump.<anonymous closure> (package:flutter_test/src/binding.dart:1960:9)
#55     TestAsyncUtils.guard (package:flutter_test/src/test_async_utils.dart:74:41)
#56     AutomatedTestWidgetsFlutterBinding.pump (package:flutter_test/src/binding.dart:1949:27)
#57     WidgetTester.pump.<anonymous closure> (package:flutter_test/src/widget_tester.dart:652:53)
#60     TestAsyncUtils.guard (package:flutter_test/src/test_async_utils.dart:74:41)
#61     WidgetTester.pump (package:flutter_test/src/widget_tester.dart:652:27)
#62     main.<anonymous closure> (file:///home/cdesbois/flutterApps/pcriteria/test/chip_text_interaction_test.dart:27:18)
<asynchronous suspension>
#63     testWidgets.<anonymous closure>.<anonymous closure> (package:flutter_test/src/widget_tester.dart:192:15)
<asynchronous suspension>
#64     TestWidgetsFlutterBinding._runTestBody (package:flutter_test/src/binding.dart:1682:5)
<asynchronous suspension>
<asynchronous suspension>
(elided 7 frames from class _AssertionError, dart:async, and package:stack_trace)

The following RenderObject was being processed when the exception was fired: RenderPointerListener#fb2b6 relayoutBoundary=up17 NEEDS-LAYOUT NEEDS-PAINT NEEDS-COMPOSITING-BITS-UPDATE:
  creator: Listener ← RawGestureDetector ← TextSelectionGestureDetector ← Semantics ← AnimatedBuilder
    ← IgnorePointer ← TextFieldTapRegion ← MouseRegion ← TextField ← Row ← Listener ←
    RawGestureDetector ← ⋯
  parentData: <none> (can use size)
  constraints: BoxConstraints(0.0<=w<=Infinity, 0.0<=h<=38.0)
  size: MISSING
  behavior: translucent
  listeners: down, panZoomStart
This RenderObject had the following descendants (showing up to depth 5):
    child: _RenderDecoration#41cc7 relayoutBoundary=up18 NEEDS-PAINT NEEDS-COMPOSITING-BITS-UPDATE
      input: RenderRepaintBoundary#8bbbd NEEDS-LAYOUT NEEDS-PAINT NEEDS-COMPOSITING-BITS-UPDATE
        child: _RenderCompositionCallback#2e715 NEEDS-LAYOUT NEEDS-PAINT NEEDS-COMPOSITING-BITS-UPDATE
          child: RenderTapRegion#1830f NEEDS-LAYOUT NEEDS-PAINT NEEDS-COMPOSITING-BITS-UPDATE
            child: RenderMouseRegion#13cb7 NEEDS-LAYOUT NEEDS-PAINT NEEDS-COMPOSITING-BITS-UPDATE
      helperError: RenderConstrainedBox#51293 NEEDS-LAYOUT NEEDS-PAINT
      container: RenderCustomPaint#29e0c NEEDS-LAYOUT NEEDS-PAINT
════════════════════════════════════════════════════════════════════════════════════════════════════
══╡ EXCEPTION CAUGHT BY RENDERING LIBRARY ╞═════════════════════════════════════════════════════════
The following assertion was thrown during performLayout():
RenderBox was not laid out: RenderPointerListener#fb2b6 relayoutBoundary=up17 NEEDS-PAINT
NEEDS-COMPOSITING-BITS-UPDATE
'package:flutter/src/rendering/box.dart':
Failed assertion: line 2251 pos 12: 'hasSize'

Either the assertion indicates an error in the framework itself, or we should provide substantially
more information in this error message to help you determine and fix the underlying cause.
In either case, please report this assertion by filing a bug on GitHub:
  https://github.com/flutter/flutter/issues/new?template=02_bug.yml

The relevant error-causing widget was:
  TextField TextField:file:///home/cdesbois/flutterApps/pcriteria/lib/chips/chip_text.dart:54:13

When the exception was thrown, this was the stack:
#2      RenderBox.size (package:flutter/src/rendering/box.dart:2251:12)
#3      RenderProxyBoxMixin.performLayout (package:flutter/src/rendering/proxy_box.dart:118:62)
#4      RenderObject.layout (package:flutter/src/rendering/object.dart:2768:7)
#5      RenderProxyBoxMixin.performLayout (package:flutter/src/rendering/proxy_box.dart:118:18)
#6      RenderObject.layout (package:flutter/src/rendering/object.dart:2768:7)
#7      RenderProxyBoxMixin.performLayout (package:flutter/src/rendering/proxy_box.dart:118:18)
#8      RenderObject.layout (package:flutter/src/rendering/object.dart:2768:7)
#9      RenderTapRegion.layout (package:flutter/src/widgets/tap_region.dart:686:11)
#10     RenderProxyBoxMixin.performLayout (package:flutter/src/rendering/proxy_box.dart:118:18)
#11     RenderObject.layout (package:flutter/src/rendering/object.dart:2768:7)
#12     ChildLayoutHelper.layoutChild (package:flutter/src/rendering/layout_helper.dart:62:11)
#13     RenderFlex._computeSizes (package:flutter/src/rendering/flex.dart:1237:28)
#14     RenderFlex.performLayout (package:flutter/src/rendering/flex.dart:1329:32)
#15     RenderObject.layout (package:flutter/src/rendering/object.dart:2768:7)
#16     RenderProxyBoxMixin.performLayout (package:flutter/src/rendering/proxy_box.dart:118:18)
#17     RenderObject.layout (package:flutter/src/rendering/object.dart:2768:7)
#18     RenderProxyBoxMixin.performLayout (package:flutter/src/rendering/proxy_box.dart:118:18)
#19     RenderObject.layout (package:flutter/src/rendering/object.dart:2768:7)
#20     RenderProxyBoxMixin.performLayout (package:flutter/src/rendering/proxy_box.dart:118:18)
#21     RenderObject.layout (package:flutter/src/rendering/object.dart:2768:7)
#22     RenderProxyBoxMixin.performLayout (package:flutter/src/rendering/proxy_box.dart:118:18)
#23     RenderObject.layout (package:flutter/src/rendering/object.dart:2768:7)
#24     RenderPadding.performLayout (package:flutter/src/rendering/shifted_box.dart:262:12)
#25     RenderObject.layout (package:flutter/src/rendering/object.dart:2768:7)
#26     RenderProxyBoxMixin.performLayout (package:flutter/src/rendering/proxy_box.dart:118:18)
#27     RenderCustomPaint.performLayout (package:flutter/src/rendering/custom_paint.dart:574:11)
#28     RenderObject.layout (package:flutter/src/rendering/object.dart:2768:7)
#29     _RenderLayoutBuilder.performLayout (package:flutter/src/widgets/layout_builder.dart:449:14)
#30     RenderObject.layout (package:flutter/src/rendering/object.dart:2768:7)
#31     RenderPadding.performLayout (package:flutter/src/rendering/shifted_box.dart:262:12)
#32     RenderObject.layout (package:flutter/src/rendering/object.dart:2768:7)
#33     RenderConstrainedBox.performLayout (package:flutter/src/rendering/proxy_box.dart:296:14)
#34     RenderObject.layout (package:flutter/src/rendering/object.dart:2768:7)
#35     RenderProxyBoxMixin.performLayout (package:flutter/src/rendering/proxy_box.dart:118:18)
#36     RenderObject.layout (package:flutter/src/rendering/object.dart:2768:7)
#37     RenderPadding.performLayout (package:flutter/src/rendering/shifted_box.dart:262:12)
#38     RenderObject.layout (package:flutter/src/rendering/object.dart:2768:7)
#39     MultiChildLayoutDelegate.layoutChild (package:flutter/src/rendering/custom_layout.dart:180:12)
#40     _ScaffoldLayout.performLayout (package:flutter/src/material/scaffold.dart:1111:7)
#41     MultiChildLayoutDelegate._callPerformLayout (package:flutter/src/rendering/custom_layout.dart:246:7)
#42     RenderCustomMultiChildLayoutBox.performLayout (package:flutter/src/rendering/custom_layout.dart:417:14)
#43     RenderObject._layoutWithoutResize (package:flutter/src/rendering/object.dart:2616:7)
#44     PipelineOwner.flushLayout (package:flutter/src/rendering/object.dart:1174:18)
#45     PipelineOwner.flushLayout (package:flutter/src/rendering/object.dart:1187:15)
#46     AutomatedTestWidgetsFlutterBinding.drawFrame (package:flutter_test/src/binding.dart:2133:27)
#47     RendererBinding._handlePersistentFrameCallback (package:flutter/src/rendering/binding.dart:495:5)
#48     SchedulerBinding._invokeFrameCallback (package:flutter/src/scheduler/binding.dart:1430:15)
#49     SchedulerBinding.handleDrawFrame (package:flutter/src/scheduler/binding.dart:1345:9)
#50     AutomatedTestWidgetsFlutterBinding.pump.<anonymous closure> (package:flutter_test/src/binding.dart:1960:9)
#53     TestAsyncUtils.guard (package:flutter_test/src/test_async_utils.dart:74:41)
#54     AutomatedTestWidgetsFlutterBinding.pump (package:flutter_test/src/binding.dart:1949:27)
#55     WidgetTester.pump.<anonymous closure> (package:flutter_test/src/widget_tester.dart:652:53)
#58     TestAsyncUtils.guard (package:flutter_test/src/test_async_utils.dart:74:41)
#59     WidgetTester.pump (package:flutter_test/src/widget_tester.dart:652:27)
#60     main.<anonymous closure> (file:///home/cdesbois/flutterApps/pcriteria/test/chip_text_interaction_test.dart:27:18)
<asynchronous suspension>
#61     testWidgets.<anonymous closure>.<anonymous closure> (package:flutter_test/src/widget_tester.dart:192:15)
<asynchronous suspension>
#62     TestWidgetsFlutterBinding._runTestBody (package:flutter_test/src/binding.dart:1682:5)
<asynchronous suspension>
<asynchronous suspension>
(elided 7 frames from class _AssertionError, dart:async, and package:stack_trace)

The following RenderObject was being processed when the exception was fired: RenderSemanticsAnnotations#742d9 relayoutBoundary=up16 NEEDS-LAYOUT NEEDS-PAINT NEEDS-COMPOSITING-BITS-UPDATE:
  creator: Semantics ← AnimatedBuilder ← IgnorePointer ← TextFieldTapRegion ← MouseRegion ← TextField
    ← Row ← Listener ← RawGestureDetector ← GestureDetector ← Semantics ← DefaultSelectionStyle ← ⋯
  parentData: <none> (can use size)
  constraints: BoxConstraints(0.0<=w<=Infinity, 0.0<=h<=38.0)
  size: MISSING
This RenderObject had the following descendants (showing up to depth 5):
    child: RenderPointerListener#fb2b6 relayoutBoundary=up17 NEEDS-PAINT NEEDS-COMPOSITING-BITS-UPDATE
      child: _RenderDecoration#41cc7 relayoutBoundary=up18 NEEDS-PAINT NEEDS-COMPOSITING-BITS-UPDATE
        input: RenderRepaintBoundary#8bbbd NEEDS-LAYOUT NEEDS-PAINT NEEDS-COMPOSITING-BITS-UPDATE
          child: _RenderCompositionCallback#2e715 NEEDS-LAYOUT NEEDS-PAINT NEEDS-COMPOSITING-BITS-UPDATE
            child: RenderTapRegion#1830f NEEDS-LAYOUT NEEDS-PAINT NEEDS-COMPOSITING-BITS-UPDATE
        helperError: RenderConstrainedBox#51293 NEEDS-LAYOUT NEEDS-PAINT
        container: RenderCustomPaint#29e0c NEEDS-LAYOUT NEEDS-PAINT
════════════════════════════════════════════════════════════════════════════════════════════════════
══╡ EXCEPTION CAUGHT BY RENDERING LIBRARY ╞═════════════════════════════════════════════════════════
The following assertion was thrown during performLayout():
RenderBox was not laid out: RenderSemanticsAnnotations#742d9 relayoutBoundary=up16 NEEDS-PAINT
NEEDS-COMPOSITING-BITS-UPDATE
'package:flutter/src/rendering/box.dart':
Failed assertion: line 2251 pos 12: 'hasSize'

Either the assertion indicates an error in the framework itself, or we should provide substantially
more information in this error message to help you determine and fix the underlying cause.
In either case, please report this assertion by filing a bug on GitHub:
  https://github.com/flutter/flutter/issues/new?template=02_bug.yml

The relevant error-causing widget was:
  TextField TextField:file:///home/cdesbois/flutterApps/pcriteria/lib/chips/chip_text.dart:54:13

When the exception was thrown, this was the stack:
#2      RenderBox.size (package:flutter/src/rendering/box.dart:2251:12)
#3      RenderProxyBoxMixin.performLayout (package:flutter/src/rendering/proxy_box.dart:118:62)
#4      RenderObject.layout (package:flutter/src/rendering/object.dart:2768:7)
#5      RenderProxyBoxMixin.performLayout (package:flutter/src/rendering/proxy_box.dart:118:18)
#6      RenderObject.layout (package:flutter/src/rendering/object.dart:2768:7)
#7      RenderTapRegion.layout (package:flutter/src/widgets/tap_region.dart:686:11)
#8      RenderProxyBoxMixin.performLayout (package:flutter/src/rendering/proxy_box.dart:118:18)
#9      RenderObject.layout (package:flutter/src/rendering/object.dart:2768:7)
#10     ChildLayoutHelper.layoutChild (package:flutter/src/rendering/layout_helper.dart:62:11)
#11     RenderFlex._computeSizes (package:flutter/src/rendering/flex.dart:1237:28)
#12     RenderFlex.performLayout (package:flutter/src/rendering/flex.dart:1329:32)
#13     RenderObject.layout (package:flutter/src/rendering/object.dart:2768:7)
#14     RenderProxyBoxMixin.performLayout (package:flutter/src/rendering/proxy_box.dart:118:18)
#15     RenderObject.layout (package:flutter/src/rendering/object.dart:2768:7)
#16     RenderProxyBoxMixin.performLayout (package:flutter/src/rendering/proxy_box.dart:118:18)
#17     RenderObject.layout (package:flutter/src/rendering/object.dart:2768:7)
#18     RenderProxyBoxMixin.performLayout (package:flutter/src/rendering/proxy_box.dart:118:18)
#19     RenderObject.layout (package:flutter/src/rendering/object.dart:2768:7)
#20     RenderProxyBoxMixin.performLayout (package:flutter/src/rendering/proxy_box.dart:118:18)
#21     RenderObject.layout (package:flutter/src/rendering/object.dart:2768:7)
#22     RenderPadding.performLayout (package:flutter/src/rendering/shifted_box.dart:262:12)
#23     RenderObject.layout (package:flutter/src/rendering/object.dart:2768:7)
#24     RenderProxyBoxMixin.performLayout (package:flutter/src/rendering/proxy_box.dart:118:18)
#25     RenderCustomPaint.performLayout (package:flutter/src/rendering/custom_paint.dart:574:11)
#26     RenderObject.layout (package:flutter/src/rendering/object.dart:2768:7)
#27     _RenderLayoutBuilder.performLayout (package:flutter/src/widgets/layout_builder.dart:449:14)
#28     RenderObject.layout (package:flutter/src/rendering/object.dart:2768:7)
#29     RenderPadding.performLayout (package:flutter/src/rendering/shifted_box.dart:262:12)
#30     RenderObject.layout (package:flutter/src/rendering/object.dart:2768:7)
#31     RenderConstrainedBox.performLayout (package:flutter/src/rendering/proxy_box.dart:296:14)
#32     RenderObject.layout (package:flutter/src/rendering/object.dart:2768:7)
#33     RenderProxyBoxMixin.performLayout (package:flutter/src/rendering/proxy_box.dart:118:18)
#34     RenderObject.layout (package:flutter/src/rendering/object.dart:2768:7)
#35     RenderPadding.performLayout (package:flutter/src/rendering/shifted_box.dart:262:12)
#36     RenderObject.layout (package:flutter/src/rendering/object.dart:2768:7)
#37     MultiChildLayoutDelegate.layoutChild (package:flutter/src/rendering/custom_layout.dart:180:12)
#38     _ScaffoldLayout.performLayout (package:flutter/src/material/scaffold.dart:1111:7)
#39     MultiChildLayoutDelegate._callPerformLayout (package:flutter/src/rendering/custom_layout.dart:246:7)
#40     RenderCustomMultiChildLayoutBox.performLayout (package:flutter/src/rendering/custom_layout.dart:417:14)
#41     RenderObject._layoutWithoutResize (package:flutter/src/rendering/object.dart:2616:7)
#42     PipelineOwner.flushLayout (package:flutter/src/rendering/object.dart:1174:18)
#43     PipelineOwner.flushLayout (package:flutter/src/rendering/object.dart:1187:15)
#44     AutomatedTestWidgetsFlutterBinding.drawFrame (package:flutter_test/src/binding.dart:2133:27)
#45     RendererBinding._handlePersistentFrameCallback (package:flutter/src/rendering/binding.dart:495:5)
#46     SchedulerBinding._invokeFrameCallback (package:flutter/src/scheduler/binding.dart:1430:15)
#47     SchedulerBinding.handleDrawFrame (package:flutter/src/scheduler/binding.dart:1345:9)
#48     AutomatedTestWidgetsFlutterBinding.pump.<anonymous closure> (package:flutter_test/src/binding.dart:1960:9)
#51     TestAsyncUtils.guard (package:flutter_test/src/test_async_utils.dart:74:41)
#52     AutomatedTestWidgetsFlutterBinding.pump (package:flutter_test/src/binding.dart:1949:27)
#53     WidgetTester.pump.<anonymous closure> (package:flutter_test/src/widget_tester.dart:652:53)
#56     TestAsyncUtils.guard (package:flutter_test/src/test_async_utils.dart:74:41)
#57     WidgetTester.pump (package:flutter_test/src/widget_tester.dart:652:27)
#58     main.<anonymous closure> (file:///home/cdesbois/flutterApps/pcriteria/test/chip_text_interaction_test.dart:27:18)
<asynchronous suspension>
#59     testWidgets.<anonymous closure>.<anonymous closure> (package:flutter_test/src/widget_tester.dart:192:15)
<asynchronous suspension>
#60     TestWidgetsFlutterBinding._runTestBody (package:flutter_test/src/binding.dart:1682:5)
<asynchronous suspension>
<asynchronous suspension>
(elided 7 frames from class _AssertionError, dart:async, and package:stack_trace)

The following RenderObject was being processed when the exception was fired: RenderIgnorePointer#3aeb4 relayoutBoundary=up15 NEEDS-LAYOUT NEEDS-PAINT NEEDS-COMPOSITING-BITS-UPDATE:
  creator: IgnorePointer ← TextFieldTapRegion ← MouseRegion ← TextField ← Row ← Listener ←
    RawGestureDetector ← GestureDetector ← Semantics ← DefaultSelectionStyle ← Builder ← MouseRegion ←
    ⋯
  parentData: <none> (can use size)
  constraints: BoxConstraints(0.0<=w<=Infinity, 0.0<=h<=38.0)
  size: MISSING
  ignoring: false
  ignoringSemantics: null
This RenderObject had the following descendants (showing up to depth 5):
    child: RenderSemanticsAnnotations#742d9 relayoutBoundary=up16 NEEDS-PAINT NEEDS-COMPOSITING-BITS-UPDATE
      child: RenderPointerListener#fb2b6 relayoutBoundary=up17 NEEDS-PAINT NEEDS-COMPOSITING-BITS-UPDATE
        child: _RenderDecoration#41cc7 relayoutBoundary=up18 NEEDS-PAINT NEEDS-COMPOSITING-BITS-UPDATE
          input: RenderRepaintBoundary#8bbbd NEEDS-LAYOUT NEEDS-PAINT NEEDS-COMPOSITING-BITS-UPDATE
            child: _RenderCompositionCallback#2e715 NEEDS-LAYOUT NEEDS-PAINT NEEDS-COMPOSITING-BITS-UPDATE
          helperError: RenderConstrainedBox#51293 NEEDS-LAYOUT NEEDS-PAINT
          container: RenderCustomPaint#29e0c NEEDS-LAYOUT NEEDS-PAINT
════════════════════════════════════════════════════════════════════════════════════════════════════
══╡ EXCEPTION CAUGHT BY RENDERING LIBRARY ╞═════════════════════════════════════════════════════════
The following assertion was thrown during performLayout():
RenderBox was not laid out: RenderIgnorePointer#3aeb4 relayoutBoundary=up15 NEEDS-PAINT
NEEDS-COMPOSITING-BITS-UPDATE
'package:flutter/src/rendering/box.dart':
Failed assertion: line 2251 pos 12: 'hasSize'

Either the assertion indicates an error in the framework itself, or we should provide substantially
more information in this error message to help you determine and fix the underlying cause.
In either case, please report this assertion by filing a bug on GitHub:
  https://github.com/flutter/flutter/issues/new?template=02_bug.yml

The relevant error-causing widget was:
  TextField TextField:file:///home/cdesbois/flutterApps/pcriteria/lib/chips/chip_text.dart:54:13

When the exception was thrown, this was the stack:
#2      RenderBox.size (package:flutter/src/rendering/box.dart:2251:12)
#3      RenderProxyBoxMixin.performLayout (package:flutter/src/rendering/proxy_box.dart:118:62)
#4      RenderObject.layout (package:flutter/src/rendering/object.dart:2768:7)
#5      RenderTapRegion.layout (package:flutter/src/widgets/tap_region.dart:686:11)
#6      RenderProxyBoxMixin.performLayout (package:flutter/src/rendering/proxy_box.dart:118:18)
#7      RenderObject.layout (package:flutter/src/rendering/object.dart:2768:7)
#8      ChildLayoutHelper.layoutChild (package:flutter/src/rendering/layout_helper.dart:62:11)
#9      RenderFlex._computeSizes (package:flutter/src/rendering/flex.dart:1237:28)
#10     RenderFlex.performLayout (package:flutter/src/rendering/flex.dart:1329:32)
#11     RenderObject.layout (package:flutter/src/rendering/object.dart:2768:7)
#12     RenderProxyBoxMixin.performLayout (package:flutter/src/rendering/proxy_box.dart:118:18)
#13     RenderObject.layout (package:flutter/src/rendering/object.dart:2768:7)
#14     RenderProxyBoxMixin.performLayout (package:flutter/src/rendering/proxy_box.dart:118:18)
#15     RenderObject.layout (package:flutter/src/rendering/object.dart:2768:7)
#16     RenderProxyBoxMixin.performLayout (package:flutter/src/rendering/proxy_box.dart:118:18)
#17     RenderObject.layout (package:flutter/src/rendering/object.dart:2768:7)
#18     RenderProxyBoxMixin.performLayout (package:flutter/src/rendering/proxy_box.dart:118:18)
#19     RenderObject.layout (package:flutter/src/rendering/object.dart:2768:7)
#20     RenderPadding.performLayout (package:flutter/src/rendering/shifted_box.dart:262:12)
#21     RenderObject.layout (package:flutter/src/rendering/object.dart:2768:7)
#22     RenderProxyBoxMixin.performLayout (package:flutter/src/rendering/proxy_box.dart:118:18)
#23     RenderCustomPaint.performLayout (package:flutter/src/rendering/custom_paint.dart:574:11)
#24     RenderObject.layout (package:flutter/src/rendering/object.dart:2768:7)
#25     _RenderLayoutBuilder.performLayout (package:flutter/src/widgets/layout_builder.dart:449:14)
#26     RenderObject.layout (package:flutter/src/rendering/object.dart:2768:7)
#27     RenderPadding.performLayout (package:flutter/src/rendering/shifted_box.dart:262:12)
#28     RenderObject.layout (package:flutter/src/rendering/object.dart:2768:7)
#29     RenderConstrainedBox.performLayout (package:flutter/src/rendering/proxy_box.dart:296:14)
#30     RenderObject.layout (package:flutter/src/rendering/object.dart:2768:7)
#31     RenderProxyBoxMixin.performLayout (package:flutter/src/rendering/proxy_box.dart:118:18)
#32     RenderObject.layout (package:flutter/src/rendering/object.dart:2768:7)
#33     RenderPadding.performLayout (package:flutter/src/rendering/shifted_box.dart:262:12)
#34     RenderObject.layout (package:flutter/src/rendering/object.dart:2768:7)
#35     MultiChildLayoutDelegate.layoutChild (package:flutter/src/rendering/custom_layout.dart:180:12)
#36     _ScaffoldLayout.performLayout (package:flutter/src/material/scaffold.dart:1111:7)
#37     MultiChildLayoutDelegate._callPerformLayout (package:flutter/src/rendering/custom_layout.dart:246:7)
#38     RenderCustomMultiChildLayoutBox.performLayout (package:flutter/src/rendering/custom_layout.dart:417:14)
#39     RenderObject._layoutWithoutResize (package:flutter/src/rendering/object.dart:2616:7)
#40     PipelineOwner.flushLayout (package:flutter/src/rendering/object.dart:1174:18)
#41     PipelineOwner.flushLayout (package:flutter/src/rendering/object.dart:1187:15)
#42     AutomatedTestWidgetsFlutterBinding.drawFrame (package:flutter_test/src/binding.dart:2133:27)
#43     RendererBinding._handlePersistentFrameCallback (package:flutter/src/rendering/binding.dart:495:5)
#44     SchedulerBinding._invokeFrameCallback (package:flutter/src/scheduler/binding.dart:1430:15)
#45     SchedulerBinding.handleDrawFrame (package:flutter/src/scheduler/binding.dart:1345:9)
#46     AutomatedTestWidgetsFlutterBinding.pump.<anonymous closure> (package:flutter_test/src/binding.dart:1960:9)
#49     TestAsyncUtils.guard (package:flutter_test/src/test_async_utils.dart:74:41)
#50     AutomatedTestWidgetsFlutterBinding.pump (package:flutter_test/src/binding.dart:1949:27)
#51     WidgetTester.pump.<anonymous closure> (package:flutter_test/src/widget_tester.dart:652:53)
#54     TestAsyncUtils.guard (package:flutter_test/src/test_async_utils.dart:74:41)
#55     WidgetTester.pump (package:flutter_test/src/widget_tester.dart:652:27)
#56     main.<anonymous closure> (file:///home/cdesbois/flutterApps/pcriteria/test/chip_text_interaction_test.dart:27:18)
<asynchronous suspension>
#57     testWidgets.<anonymous closure>.<anonymous closure> (package:flutter_test/src/widget_tester.dart:192:15)
<asynchronous suspension>
#58     TestWidgetsFlutterBinding._runTestBody (package:flutter_test/src/binding.dart:1682:5)
<asynchronous suspension>
<asynchronous suspension>
(elided 7 frames from class _AssertionError, dart:async, and package:stack_trace)

The following RenderObject was being processed when the exception was fired: RenderTapRegion#daf37 relayoutBoundary=up14 NEEDS-LAYOUT NEEDS-PAINT NEEDS-COMPOSITING-BITS-UPDATE:
  creator: TextFieldTapRegion ← MouseRegion ← TextField ← Row ← Listener ← RawGestureDetector ←
    GestureDetector ← Semantics ← DefaultSelectionStyle ← Builder ← MouseRegion ← Semantics ← ⋯
  parentData: <none> (can use size)
  constraints: BoxConstraints(0.0<=w<=Infinity, 0.0<=h<=38.0)
  size: MISSING
  behavior: deferToChild
  groupId: EditableText
This RenderObject had the following descendants (showing up to depth 5):
    child: RenderIgnorePointer#3aeb4 relayoutBoundary=up15 NEEDS-PAINT NEEDS-COMPOSITING-BITS-UPDATE
      child: RenderSemanticsAnnotations#742d9 relayoutBoundary=up16 NEEDS-PAINT NEEDS-COMPOSITING-BITS-UPDATE
        child: RenderPointerListener#fb2b6 relayoutBoundary=up17 NEEDS-PAINT NEEDS-COMPOSITING-BITS-UPDATE
          child: _RenderDecoration#41cc7 relayoutBoundary=up18 NEEDS-PAINT NEEDS-COMPOSITING-BITS-UPDATE
            input: RenderRepaintBoundary#8bbbd NEEDS-LAYOUT NEEDS-PAINT NEEDS-COMPOSITING-BITS-UPDATE
            helperError: RenderConstrainedBox#51293 NEEDS-LAYOUT NEEDS-PAINT
            container: RenderCustomPaint#29e0c NEEDS-LAYOUT NEEDS-PAINT
════════════════════════════════════════════════════════════════════════════════════════════════════
══╡ EXCEPTION CAUGHT BY RENDERING LIBRARY ╞═════════════════════════════════════════════════════════
The following assertion was thrown during performLayout():
RenderBox was not laid out: RenderTapRegion#daf37 relayoutBoundary=up14 NEEDS-PAINT
NEEDS-COMPOSITING-BITS-UPDATE
'package:flutter/src/rendering/box.dart':
Failed assertion: line 2251 pos 12: 'hasSize'

Either the assertion indicates an error in the framework itself, or we should provide substantially
more information in this error message to help you determine and fix the underlying cause.
In either case, please report this assertion by filing a bug on GitHub:
  https://github.com/flutter/flutter/issues/new?template=02_bug.yml

The relevant error-causing widget was:
  TextField TextField:file:///home/cdesbois/flutterApps/pcriteria/lib/chips/chip_text.dart:54:13

When the exception was thrown, this was the stack:
#2      RenderBox.size (package:flutter/src/rendering/box.dart:2251:12)
#3      RenderProxyBoxMixin.performLayout (package:flutter/src/rendering/proxy_box.dart:118:62)
#4      RenderObject.layout (package:flutter/src/rendering/object.dart:2768:7)
#5      ChildLayoutHelper.layoutChild (package:flutter/src/rendering/layout_helper.dart:62:11)
#6      RenderFlex._computeSizes (package:flutter/src/rendering/flex.dart:1237:28)
#7      RenderFlex.performLayout (package:flutter/src/rendering/flex.dart:1329:32)
#8      RenderObject.layout (package:flutter/src/rendering/object.dart:2768:7)
#9      RenderProxyBoxMixin.performLayout (package:flutter/src/rendering/proxy_box.dart:118:18)
#10     RenderObject.layout (package:flutter/src/rendering/object.dart:2768:7)
#11     RenderProxyBoxMixin.performLayout (package:flutter/src/rendering/proxy_box.dart:118:18)
#12     RenderObject.layout (package:flutter/src/rendering/object.dart:2768:7)
#13     RenderProxyBoxMixin.performLayout (package:flutter/src/rendering/proxy_box.dart:118:18)
#14     RenderObject.layout (package:flutter/src/rendering/object.dart:2768:7)
#15     RenderProxyBoxMixin.performLayout (package:flutter/src/rendering/proxy_box.dart:118:18)
#16     RenderObject.layout (package:flutter/src/rendering/object.dart:2768:7)
#17     RenderPadding.performLayout (package:flutter/src/rendering/shifted_box.dart:262:12)
#18     RenderObject.layout (package:flutter/src/rendering/object.dart:2768:7)
#19     RenderProxyBoxMixin.performLayout (package:flutter/src/rendering/proxy_box.dart:118:18)
#20     RenderCustomPaint.performLayout (package:flutter/src/rendering/custom_paint.dart:574:11)
#21     RenderObject.layout (package:flutter/src/rendering/object.dart:2768:7)
#22     _RenderLayoutBuilder.performLayout (package:flutter/src/widgets/layout_builder.dart:449:14)
#23     RenderObject.layout (package:flutter/src/rendering/object.dart:2768:7)
#24     RenderPadding.performLayout (package:flutter/src/rendering/shifted_box.dart:262:12)
#25     RenderObject.layout (package:flutter/src/rendering/object.dart:2768:7)
#26     RenderConstrainedBox.performLayout (package:flutter/src/rendering/proxy_box.dart:296:14)
#27     RenderObject.layout (package:flutter/src/rendering/object.dart:2768:7)
#28     RenderProxyBoxMixin.performLayout (package:flutter/src/rendering/proxy_box.dart:118:18)
#29     RenderObject.layout (package:flutter/src/rendering/object.dart:2768:7)
#30     RenderPadding.performLayout (package:flutter/src/rendering/shifted_box.dart:262:12)
#31     RenderObject.layout (package:flutter/src/rendering/object.dart:2768:7)
#32     MultiChildLayoutDelegate.layoutChild (package:flutter/src/rendering/custom_layout.dart:180:12)
#33     _ScaffoldLayout.performLayout (package:flutter/src/material/scaffold.dart:1111:7)
#34     MultiChildLayoutDelegate._callPerformLayout (package:flutter/src/rendering/custom_layout.dart:246:7)
#35     RenderCustomMultiChildLayoutBox.performLayout (package:flutter/src/rendering/custom_layout.dart:417:14)
#36     RenderObject._layoutWithoutResize (package:flutter/src/rendering/object.dart:2616:7)
#37     PipelineOwner.flushLayout (package:flutter/src/rendering/object.dart:1174:18)
#38     PipelineOwner.flushLayout (package:flutter/src/rendering/object.dart:1187:15)
#39     AutomatedTestWidgetsFlutterBinding.drawFrame (package:flutter_test/src/binding.dart:2133:27)
#40     RendererBinding._handlePersistentFrameCallback (package:flutter/src/rendering/binding.dart:495:5)
#41     SchedulerBinding._invokeFrameCallback (package:flutter/src/scheduler/binding.dart:1430:15)
#42     SchedulerBinding.handleDrawFrame (package:flutter/src/scheduler/binding.dart:1345:9)
#43     AutomatedTestWidgetsFlutterBinding.pump.<anonymous closure> (package:flutter_test/src/binding.dart:1960:9)
#46     TestAsyncUtils.guard (package:flutter_test/src/test_async_utils.dart:74:41)
#47     AutomatedTestWidgetsFlutterBinding.pump (package:flutter_test/src/binding.dart:1949:27)
#48     WidgetTester.pump.<anonymous closure> (package:flutter_test/src/widget_tester.dart:652:53)
#51     TestAsyncUtils.guard (package:flutter_test/src/test_async_utils.dart:74:41)
#52     WidgetTester.pump (package:flutter_test/src/widget_tester.dart:652:27)
#53     main.<anonymous closure> (file:///home/cdesbois/flutterApps/pcriteria/test/chip_text_interaction_test.dart:27:18)
<asynchronous suspension>
#54     testWidgets.<anonymous closure>.<anonymous closure> (package:flutter_test/src/widget_tester.dart:192:15)
<asynchronous suspension>
#55     TestWidgetsFlutterBinding._runTestBody (package:flutter_test/src/binding.dart:1682:5)
<asynchronous suspension>
<asynchronous suspension>
(elided 7 frames from class _AssertionError, dart:async, and package:stack_trace)

The following RenderObject was being processed when the exception was fired: RenderMouseRegion#0cc0d relayoutBoundary=up13 NEEDS-LAYOUT NEEDS-PAINT NEEDS-COMPOSITING-BITS-UPDATE:
  creator: MouseRegion ← TextField ← Row ← Listener ← RawGestureDetector ← GestureDetector ← Semantics
    ← DefaultSelectionStyle ← Builder ← MouseRegion ← Semantics ← _FocusInheritedScope ← ⋯
  parentData: offset=Offset(0.0, 0.0); flex=null; fit=null (can use size)
  constraints: BoxConstraints(0.0<=w<=Infinity, 0.0<=h<=38.0)
  size: MISSING
  behavior: opaque
  listeners: enter, exit
  cursor: SystemMouseCursor(text)
This RenderObject had the following descendants (showing up to depth 5):
    child: RenderTapRegion#daf37 relayoutBoundary=up14 NEEDS-PAINT NEEDS-COMPOSITING-BITS-UPDATE
      child: RenderIgnorePointer#3aeb4 relayoutBoundary=up15 NEEDS-PAINT NEEDS-COMPOSITING-BITS-UPDATE
        child: RenderSemanticsAnnotations#742d9 relayoutBoundary=up16 NEEDS-PAINT NEEDS-COMPOSITING-BITS-UPDATE
          child: RenderPointerListener#fb2b6 relayoutBoundary=up17 NEEDS-PAINT NEEDS-COMPOSITING-BITS-UPDATE
            child: _RenderDecoration#41cc7 relayoutBoundary=up18 NEEDS-PAINT NEEDS-COMPOSITING-BITS-UPDATE
════════════════════════════════════════════════════════════════════════════════════════════════════
══╡ EXCEPTION CAUGHT BY RENDERING LIBRARY ╞═════════════════════════════════════════════════════════
The following assertion was thrown during performLayout():
RenderBox was not laid out: RenderMouseRegion#0cc0d relayoutBoundary=up13 NEEDS-PAINT
NEEDS-COMPOSITING-BITS-UPDATE
'package:flutter/src/rendering/box.dart':
Failed assertion: line 2251 pos 12: 'hasSize'

Either the assertion indicates an error in the framework itself, or we should provide substantially
more information in this error message to help you determine and fix the underlying cause.
In either case, please report this assertion by filing a bug on GitHub:
  https://github.com/flutter/flutter/issues/new?template=02_bug.yml

The relevant error-causing widget was:
  Row Row:file:///home/cdesbois/flutterApps/pcriteria/lib/chips/chip_decorator.dart:39:14

When the exception was thrown, this was the stack:
#2      RenderBox.size (package:flutter/src/rendering/box.dart:2251:12)
#3      ChildLayoutHelper.layoutChild (package:flutter/src/rendering/layout_helper.dart:63:18)
#4      RenderFlex._computeSizes (package:flutter/src/rendering/flex.dart:1237:28)
#5      RenderFlex.performLayout (package:flutter/src/rendering/flex.dart:1329:32)
#6      RenderObject.layout (package:flutter/src/rendering/object.dart:2768:7)
#7      RenderProxyBoxMixin.performLayout (package:flutter/src/rendering/proxy_box.dart:118:18)
#8      RenderObject.layout (package:flutter/src/rendering/object.dart:2768:7)
#9      RenderProxyBoxMixin.performLayout (package:flutter/src/rendering/proxy_box.dart:118:18)
#10     RenderObject.layout (package:flutter/src/rendering/object.dart:2768:7)
#11     RenderProxyBoxMixin.performLayout (package:flutter/src/rendering/proxy_box.dart:118:18)
#12     RenderObject.layout (package:flutter/src/rendering/object.dart:2768:7)
#13     RenderProxyBoxMixin.performLayout (package:flutter/src/rendering/proxy_box.dart:118:18)
#14     RenderObject.layout (package:flutter/src/rendering/object.dart:2768:7)
#15     RenderPadding.performLayout (package:flutter/src/rendering/shifted_box.dart:262:12)
#16     RenderObject.layout (package:flutter/src/rendering/object.dart:2768:7)
#17     RenderProxyBoxMixin.performLayout (package:flutter/src/rendering/proxy_box.dart:118:18)
#18     RenderCustomPaint.performLayout (package:flutter/src/rendering/custom_paint.dart:574:11)
#19     RenderObject.layout (package:flutter/src/rendering/object.dart:2768:7)
#20     _RenderLayoutBuilder.performLayout (package:flutter/src/widgets/layout_builder.dart:449:14)
#21     RenderObject.layout (package:flutter/src/rendering/object.dart:2768:7)
#22     RenderPadding.performLayout (package:flutter/src/rendering/shifted_box.dart:262:12)
#23     RenderObject.layout (package:flutter/src/rendering/object.dart:2768:7)
#24     RenderConstrainedBox.performLayout (package:flutter/src/rendering/proxy_box.dart:296:14)
#25     RenderObject.layout (package:flutter/src/rendering/object.dart:2768:7)
#26     RenderProxyBoxMixin.performLayout (package:flutter/src/rendering/proxy_box.dart:118:18)
#27     RenderObject.layout (package:flutter/src/rendering/object.dart:2768:7)
#28     RenderPadding.performLayout (package:flutter/src/rendering/shifted_box.dart:262:12)
#29     RenderObject.layout (package:flutter/src/rendering/object.dart:2768:7)
#30     MultiChildLayoutDelegate.layoutChild (package:flutter/src/rendering/custom_layout.dart:180:12)
#31     _ScaffoldLayout.performLayout (package:flutter/src/material/scaffold.dart:1111:7)
#32     MultiChildLayoutDelegate._callPerformLayout (package:flutter/src/rendering/custom_layout.dart:246:7)
#33     RenderCustomMultiChildLayoutBox.performLayout (package:flutter/src/rendering/custom_layout.dart:417:14)
#34     RenderObject._layoutWithoutResize (package:flutter/src/rendering/object.dart:2616:7)
#35     PipelineOwner.flushLayout (package:flutter/src/rendering/object.dart:1174:18)
#36     PipelineOwner.flushLayout (package:flutter/src/rendering/object.dart:1187:15)
#37     AutomatedTestWidgetsFlutterBinding.drawFrame (package:flutter_test/src/binding.dart:2133:27)
#38     RendererBinding._handlePersistentFrameCallback (package:flutter/src/rendering/binding.dart:495:5)
#39     SchedulerBinding._invokeFrameCallback (package:flutter/src/scheduler/binding.dart:1430:15)
#40     SchedulerBinding.handleDrawFrame (package:flutter/src/scheduler/binding.dart:1345:9)
#41     AutomatedTestWidgetsFlutterBinding.pump.<anonymous closure> (package:flutter_test/src/binding.dart:1960:9)
#44     TestAsyncUtils.guard (package:flutter_test/src/test_async_utils.dart:74:41)
#45     AutomatedTestWidgetsFlutterBinding.pump (package:flutter_test/src/binding.dart:1949:27)
#46     WidgetTester.pump.<anonymous closure> (package:flutter_test/src/widget_tester.dart:652:53)
#49     TestAsyncUtils.guard (package:flutter_test/src/test_async_utils.dart:74:41)
#50     WidgetTester.pump (package:flutter_test/src/widget_tester.dart:652:27)
#51     main.<anonymous closure> (file:///home/cdesbois/flutterApps/pcriteria/test/chip_text_interaction_test.dart:27:18)
<asynchronous suspension>
#52     testWidgets.<anonymous closure>.<anonymous closure> (package:flutter_test/src/widget_tester.dart:192:15)
<asynchronous suspension>
#53     TestWidgetsFlutterBinding._runTestBody (package:flutter_test/src/binding.dart:1682:5)
<asynchronous suspension>
<asynchronous suspension>
(elided 7 frames from class _AssertionError, dart:async, and package:stack_trace)

The following RenderObject was being processed when the exception was fired: RenderFlex#110bf relayoutBoundary=up12 NEEDS-LAYOUT NEEDS-COMPOSITING-BITS-UPDATE:
  creator: Row ← Listener ← RawGestureDetector ← GestureDetector ← Semantics ← DefaultSelectionStyle ←
    Builder ← MouseRegion ← Semantics ← _FocusInheritedScope ← Focus ← _ActionsScope ← ⋯
  parentData: <none> (can use size)
  constraints: BoxConstraints(0.0<=w<=794.0, h=38.0)
  size: Size(161.5, 38.0)
  direction: horizontal
  mainAxisAlignment: start
  mainAxisSize: min
  crossAxisAlignment: center
  textDirection: ltr
  verticalDirection: down
  spacing: 0.0
This RenderObject had the following descendants (showing up to depth 5):
    child 1: RenderMouseRegion#bb030 relayoutBoundary=up13
      child: RenderSemanticsAnnotations#79e11 relayoutBoundary=up14
        child: RenderExcludeSemantics#801a3 relayoutBoundary=up15
          child: RenderConstrainedBox#20816 relayoutBoundary=up16
            child: RenderPositionedBox#9b9ea
    child 2: RenderConstrainedBox#89952 relayoutBoundary=up13
    child 3: RenderMouseRegion#0cc0d relayoutBoundary=up13 NEEDS-PAINT NEEDS-COMPOSITING-BITS-UPDATE
      child: RenderTapRegion#daf37 relayoutBoundary=up14 NEEDS-PAINT NEEDS-COMPOSITING-BITS-UPDATE
        child: RenderIgnorePointer#3aeb4 relayoutBoundary=up15 NEEDS-PAINT NEEDS-COMPOSITING-BITS-UPDATE
          child: RenderSemanticsAnnotations#742d9 relayoutBoundary=up16 NEEDS-PAINT NEEDS-COMPOSITING-BITS-UPDATE
            child: RenderPointerListener#fb2b6 relayoutBoundary=up17 NEEDS-PAINT NEEDS-COMPOSITING-BITS-UPDATE
    child 4: RenderConstrainedBox#983e8 relayoutBoundary=up13
    child 5: RenderFlex#f1eab relayoutBoundary=up13
      child 1: RenderSemanticsAnnotations#2c824 relayoutBoundary=up14
        child: _RenderInputPadding#6bd23 relayoutBoundary=up15
          child: RenderConstrainedBox#9793c relayoutBoundary=up16
            child: RenderPhysicalShape#eb562 relayoutBoundary=up17
════════════════════════════════════════════════════════════════════════════════════════════════════
══╡ EXCEPTION CAUGHT BY RENDERING LIBRARY ╞═════════════════════════════════════════════════════════
The following assertion was thrown during paint():
RenderBox was not laid out: RenderRepaintBoundary#8bbbd NEEDS-LAYOUT NEEDS-PAINT
'package:flutter/src/rendering/box.dart':
Failed assertion: line 2251 pos 12: 'hasSize'

Either the assertion indicates an error in the framework itself, or we should provide substantially
more information in this error message to help you determine and fix the underlying cause.
In either case, please report this assertion by filing a bug on GitHub:
  https://github.com/flutter/flutter/issues/new?template=02_bug.yml

The relevant error-causing widget was:
  TextField TextField:file:///home/cdesbois/flutterApps/pcriteria/lib/chips/chip_text.dart:54:13

When the exception was thrown, this was the stack:
#2      RenderBox.size (package:flutter/src/rendering/box.dart:2251:12)
#3      RenderBox.paintBounds (package:flutter/src/rendering/box.dart:3109:41)
#4      PaintingContext._repaintCompositedChild (package:flutter/src/rendering/object.dart:179:56)
#5      PaintingContext.repaintCompositedChild (package:flutter/src/rendering/object.dart:125:5)
#6      PaintingContext._compositeChild (package:flutter/src/rendering/object.dart:276:7)
#7      PaintingContext.paintChild (package:flutter/src/rendering/object.dart:257:7)
#8      _RenderDecoration.paint.doPaint (package:flutter/src/material/input_decorator.dart:1598:17)
#9      _RenderDecoration.paint (package:flutter/src/material/input_decorator.dart:1667:5)
#10     RenderObject._paintWithContext (package:flutter/src/rendering/object.dart:3429:7)
#11     PaintingContext.paintChild (package:flutter/src/rendering/object.dart:265:13)
#12     RenderProxyBoxMixin.paint (package:flutter/src/rendering/proxy_box.dart:143:13)
#13     RenderObject._paintWithContext (package:flutter/src/rendering/object.dart:3429:7)
#14     PaintingContext.paintChild (package:flutter/src/rendering/object.dart:265:13)
#15     RenderProxyBoxMixin.paint (package:flutter/src/rendering/proxy_box.dart:143:13)
#16     RenderObject._paintWithContext (package:flutter/src/rendering/object.dart:3429:7)
#17     PaintingContext.paintChild (package:flutter/src/rendering/object.dart:265:13)
#18     RenderProxyBoxMixin.paint (package:flutter/src/rendering/proxy_box.dart:143:13)
#19     RenderObject._paintWithContext (package:flutter/src/rendering/object.dart:3429:7)
#20     PaintingContext.paintChild (package:flutter/src/rendering/object.dart:265:13)
#21     RenderProxyBoxMixin.paint (package:flutter/src/rendering/proxy_box.dart:143:13)
#22     RenderObject._paintWithContext (package:flutter/src/rendering/object.dart:3429:7)
#23     PaintingContext.paintChild (package:flutter/src/rendering/object.dart:265:13)
#24     RenderProxyBoxMixin.paint (package:flutter/src/rendering/proxy_box.dart:143:13)
#25     RenderObject._paintWithContext (package:flutter/src/rendering/object.dart:3429:7)
#26     PaintingContext.paintChild (package:flutter/src/rendering/object.dart:265:13)
#27     RenderBoxContainerDefaultsMixin.defaultPaint (package:flutter/src/rendering/box.dart:3368:15)
#28     RenderFlex.paint (package:flutter/src/rendering/flex.dart:1402:7)
#29     RenderObject._paintWithContext (package:flutter/src/rendering/object.dart:3429:7)
#30     PaintingContext.paintChild (package:flutter/src/rendering/object.dart:265:13)
#31     RenderProxyBoxMixin.paint (package:flutter/src/rendering/proxy_box.dart:143:13)
#32     RenderObject._paintWithContext (package:flutter/src/rendering/object.dart:3429:7)
#33     PaintingContext.paintChild (package:flutter/src/rendering/object.dart:265:13)
#34     RenderProxyBoxMixin.paint (package:flutter/src/rendering/proxy_box.dart:143:13)
#35     RenderObject._paintWithContext (package:flutter/src/rendering/object.dart:3429:7)
#36     PaintingContext.paintChild (package:flutter/src/rendering/object.dart:265:13)
#37     RenderProxyBoxMixin.paint (package:flutter/src/rendering/proxy_box.dart:143:13)
#38     RenderObject._paintWithContext (package:flutter/src/rendering/object.dart:3429:7)
#39     PaintingContext.paintChild (package:flutter/src/rendering/object.dart:265:13)
#40     RenderProxyBoxMixin.paint (package:flutter/src/rendering/proxy_box.dart:143:13)
#41     RenderObject._paintWithContext (package:flutter/src/rendering/object.dart:3429:7)
#42     PaintingContext.paintChild (package:flutter/src/rendering/object.dart:265:13)
#43     RenderShiftedBox.paint (package:flutter/src/rendering/shifted_box.dart:98:15)
#44     RenderObject._paintWithContext (package:flutter/src/rendering/object.dart:3429:7)
#45     PaintingContext.paintChild (package:flutter/src/rendering/object.dart:265:13)
#46     RenderProxyBoxMixin.paint (package:flutter/src/rendering/proxy_box.dart:143:13)
#47     RenderCustomPaint.paint (package:flutter/src/rendering/custom_paint.dart:644:11)
#48     RenderObject._paintWithContext (package:flutter/src/rendering/object.dart:3429:7)
#49     PaintingContext.paintChild (package:flutter/src/rendering/object.dart:265:13)
#50     _RenderLayoutBuilder.paint (package:flutter/src/widgets/layout_builder.dart:470:15)
#51     RenderObject._paintWithContext (package:flutter/src/rendering/object.dart:3429:7)
#52     PaintingContext.paintChild (package:flutter/src/rendering/object.dart:265:13)
#53     RenderShiftedBox.paint (package:flutter/src/rendering/shifted_box.dart:98:15)
#54     RenderObject._paintWithContext (package:flutter/src/rendering/object.dart:3429:7)
#55     PaintingContext.paintChild (package:flutter/src/rendering/object.dart:265:13)
#56     RenderProxyBoxMixin.paint (package:flutter/src/rendering/proxy_box.dart:143:13)
#57     RenderObject._paintWithContext (package:flutter/src/rendering/object.dart:3429:7)
#58     PaintingContext.paintChild (package:flutter/src/rendering/object.dart:265:13)
#59     RenderProxyBoxMixin.paint (package:flutter/src/rendering/proxy_box.dart:143:13)
#60     RenderOpacity.paint (package:flutter/src/rendering/proxy_box.dart:952:11)
#61     RenderObject._paintWithContext (package:flutter/src/rendering/object.dart:3429:7)
#62     PaintingContext._repaintCompositedChild (package:flutter/src/rendering/object.dart:180:11)
#63     PaintingContext.repaintCompositedChild (package:flutter/src/rendering/object.dart:125:5)
#64     PipelineOwner.flushPaint (package:flutter/src/rendering/object.dart:1325:31)
#65     PipelineOwner.flushPaint (package:flutter/src/rendering/object.dart:1335:15)
#66     AutomatedTestWidgetsFlutterBinding.drawFrame (package:flutter_test/src/binding.dart:2137:31)
#67     RendererBinding._handlePersistentFrameCallback (package:flutter/src/rendering/binding.dart:495:5)
#68     SchedulerBinding._invokeFrameCallback (package:flutter/src/scheduler/binding.dart:1430:15)
#69     SchedulerBinding.handleDrawFrame (package:flutter/src/scheduler/binding.dart:1345:9)
#70     AutomatedTestWidgetsFlutterBinding.pump.<anonymous closure> (package:flutter_test/src/binding.dart:1960:9)
#73     TestAsyncUtils.guard (package:flutter_test/src/test_async_utils.dart:74:41)
#74     AutomatedTestWidgetsFlutterBinding.pump (package:flutter_test/src/binding.dart:1949:27)
#75     WidgetTester.pump.<anonymous closure> (package:flutter_test/src/widget_tester.dart:652:53)
#78     TestAsyncUtils.guard (package:flutter_test/src/test_async_utils.dart:74:41)
#79     WidgetTester.pump (package:flutter_test/src/widget_tester.dart:652:27)
#80     main.<anonymous closure> (file:///home/cdesbois/flutterApps/pcriteria/test/chip_text_interaction_test.dart:27:18)
<asynchronous suspension>
#81     testWidgets.<anonymous closure>.<anonymous closure> (package:flutter_test/src/widget_tester.dart:192:15)
<asynchronous suspension>
#82     TestWidgetsFlutterBinding._runTestBody (package:flutter_test/src/binding.dart:1682:5)
<asynchronous suspension>
<asynchronous suspension>
(elided 7 frames from class _AssertionError, dart:async, and package:stack_trace)

The following RenderObject was being processed when the exception was fired: _RenderDecoration#41cc7 relayoutBoundary=up18:
  needs compositing
  creator: _Decorator ← InputDecorator ← AnimatedBuilder ← Listener ← RawGestureDetector ←
    TextSelectionGestureDetector ← Semantics ← AnimatedBuilder ← IgnorePointer ← TextFieldTapRegion ←
    MouseRegion ← TextField ← ⋯
  parentData: <none> (can use size)
  constraints: BoxConstraints(0.0<=w<=Infinity, 0.0<=h<=38.0)
  size: MISSING
This RenderObject had the following descendants (showing up to depth 5):
    input: RenderRepaintBoundary#8bbbd NEEDS-LAYOUT NEEDS-PAINT
      child: _RenderCompositionCallback#2e715 NEEDS-LAYOUT NEEDS-PAINT
        child: RenderTapRegion#1830f NEEDS-LAYOUT NEEDS-PAINT
          child: RenderMouseRegion#13cb7 NEEDS-LAYOUT NEEDS-PAINT
            child: RenderPointerListener#6460e NEEDS-LAYOUT NEEDS-PAINT
    helperError: RenderConstrainedBox#51293 NEEDS-LAYOUT NEEDS-PAINT
    container: RenderCustomPaint#29e0c NEEDS-LAYOUT NEEDS-PAINT
════════════════════════════════════════════════════════════════════════════════════════════════════
══╡ EXCEPTION CAUGHT BY SCHEDULER LIBRARY ╞═════════════════════════════════════════════════════════
The following assertion was thrown during a scheduler callback:
'package:flutter/src/rendering/object.dart': Failed assertion: line 5737 pos 14:
'!childSemantics.renderObject._needsLayout': is not true.

Either the assertion indicates an error in the framework itself, or we should provide substantially
more information in this error message to help you determine and fix the underlying cause.
In either case, please report this assertion by filing a bug on GitHub:
  https://github.com/flutter/flutter/issues/new?template=02_bug.yml

When the exception was thrown, this was the stack:
#2      _RenderObjectSemantics._collectChildMergeUpAndSiblingGroup (package:flutter/src/rendering/object.dart:5737:14)
#3      _RenderObjectSemantics.updateChildren (package:flutter/src/rendering/object.dart:5608:50)
#4      _RenderObjectSemantics._didUpdateParentData (package:flutter/src/rendering/object.dart:5815:5)
#5      _RenderObjectSemantics._collectChildMergeUpAndSiblingGroup (package:flutter/src/rendering/object.dart:5738:22)
#6      _RenderObjectSemantics.updateChildren (package:flutter/src/rendering/object.dart:5608:50)
#7      _RenderObjectSemantics._didUpdateParentData (package:flutter/src/rendering/object.dart:5815:5)
#8      _RenderObjectSemantics._collectChildMergeUpAndSiblingGroup (package:flutter/src/rendering/object.dart:5738:22)
#9      _RenderObjectSemantics.updateChildren (package:flutter/src/rendering/object.dart:5608:50)
#10     _RenderObjectSemantics._didUpdateParentData (package:flutter/src/rendering/object.dart:5815:5)
#11     _RenderObjectSemantics._collectChildMergeUpAndSiblingGroup (package:flutter/src/rendering/object.dart:5738:22)
#12     _RenderObjectSemantics.updateChildren (package:flutter/src/rendering/object.dart:5608:50)
#13     _RenderObjectSemantics._didUpdateParentData (package:flutter/src/rendering/object.dart:5815:5)
#14     _RenderObjectSemantics._collectChildMergeUpAndSiblingGroup (package:flutter/src/rendering/object.dart:5738:22)
#15     _RenderObjectSemantics.updateChildren (package:flutter/src/rendering/object.dart:5608:50)
#16     _RenderObjectSemantics._didUpdateParentData (package:flutter/src/rendering/object.dart:5815:5)
#17     _RenderObjectSemantics._collectChildMergeUpAndSiblingGroup (package:flutter/src/rendering/object.dart:5738:22)
#18     _RenderObjectSemantics.updateChildren (package:flutter/src/rendering/object.dart:5608:50)
#19     _RenderObjectSemantics._didUpdateParentData (package:flutter/src/rendering/object.dart:5815:5)
#20     _RenderObjectSemantics._collectChildMergeUpAndSiblingGroup (package:flutter/src/rendering/object.dart:5738:22)
#21     _RenderObjectSemantics.updateChildren (package:flutter/src/rendering/object.dart:5608:50)
#22     _RenderObjectSemantics._didUpdateParentData (package:flutter/src/rendering/object.dart:5815:5)
#23     _RenderObjectSemantics._collectChildMergeUpAndSiblingGroup (package:flutter/src/rendering/object.dart:5738:22)
#24     _RenderObjectSemantics.updateChildren (package:flutter/src/rendering/object.dart:5608:50)
#25     _RenderObjectSemantics._didUpdateParentData (package:flutter/src/rendering/object.dart:5815:5)
#26     _RenderObjectSemantics._collectChildMergeUpAndSiblingGroup (package:flutter/src/rendering/object.dart:5738:22)
#27     _RenderObjectSemantics.updateChildren (package:flutter/src/rendering/object.dart:5608:50)
#28     _RenderObjectSemantics._didUpdateParentData (package:flutter/src/rendering/object.dart:5815:5)
#29     _RenderObjectSemantics._collectChildMergeUpAndSiblingGroup (package:flutter/src/rendering/object.dart:5738:22)
#30     _RenderObjectSemantics.updateChildren (package:flutter/src/rendering/object.dart:5608:50)
#31     _RenderObjectSemantics._didUpdateParentData (package:flutter/src/rendering/object.dart:5815:5)
#32     _RenderObjectSemantics._collectChildMergeUpAndSiblingGroup (package:flutter/src/rendering/object.dart:5738:22)
#33     _RenderObjectSemantics.updateChildren (package:flutter/src/rendering/object.dart:5608:50)
#34     _RenderObjectSemantics._didUpdateParentData (package:flutter/src/rendering/object.dart:5815:5)
#35     _RenderObjectSemantics._collectChildMergeUpAndSiblingGroup (package:flutter/src/rendering/object.dart:5738:22)
#36     _RenderObjectSemantics.updateChildren (package:flutter/src/rendering/object.dart:5608:50)
#37     _RenderObjectSemantics._didUpdateParentData (package:flutter/src/rendering/object.dart:5815:5)
#38     _RenderObjectSemantics._collectChildMergeUpAndSiblingGroup (package:flutter/src/rendering/object.dart:5738:22)
#39     _RenderObjectSemantics.updateChildren (package:flutter/src/rendering/object.dart:5608:50)
#40     _RenderObjectSemantics._didUpdateParentData (package:flutter/src/rendering/object.dart:5815:5)
#41     _RenderObjectSemantics._collectChildMergeUpAndSiblingGroup (package:flutter/src/rendering/object.dart:5738:22)
#42     _RenderObjectSemantics.updateChildren (package:flutter/src/rendering/object.dart:5608:50)
#43     _RenderObjectSemantics._didUpdateParentData (package:flutter/src/rendering/object.dart:5815:5)
#44     _RenderObjectSemantics._collectChildMergeUpAndSiblingGroup (package:flutter/src/rendering/object.dart:5738:22)
#45     _RenderObjectSemantics.updateChildren (package:flutter/src/rendering/object.dart:5608:50)
#46     _RenderObjectSemantics._didUpdateParentData (package:flutter/src/rendering/object.dart:5815:5)
#47     _RenderObjectSemantics._collectChildMergeUpAndSiblingGroup (package:flutter/src/rendering/object.dart:5738:22)
#48     _RenderObjectSemantics.updateChildren (package:flutter/src/rendering/object.dart:5608:50)
#49     _RenderObjectSemantics._didUpdateParentData (package:flutter/src/rendering/object.dart:5815:5)
#50     _RenderObjectSemantics._collectChildMergeUpAndSiblingGroup (package:flutter/src/rendering/object.dart:5738:22)
#51     _RenderObjectSemantics.updateChildren (package:flutter/src/rendering/object.dart:5608:50)
#52     _RenderObjectSemantics._didUpdateParentData (package:flutter/src/rendering/object.dart:5815:5)
#53     _RenderObjectSemantics._collectChildMergeUpAndSiblingGroup (package:flutter/src/rendering/object.dart:5738:22)
#54     _RenderObjectSemantics.updateChildren (package:flutter/src/rendering/object.dart:5608:50)
#55     _RenderObjectSemantics._didUpdateParentData (package:flutter/src/rendering/object.dart:5815:5)
#56     _RenderObjectSemantics._collectChildMergeUpAndSiblingGroup (package:flutter/src/rendering/object.dart:5738:22)
#57     _RenderObjectSemantics.updateChildren (package:flutter/src/rendering/object.dart:5608:50)
#58     _RenderObjectSemantics._didUpdateParentData (package:flutter/src/rendering/object.dart:5815:5)
#59     _RenderObjectSemantics._collectChildMergeUpAndSiblingGroup (package:flutter/src/rendering/object.dart:5738:22)
#60     _RenderObjectSemantics.updateChildren (package:flutter/src/rendering/object.dart:5608:50)
#61     _RenderObjectSemantics._didUpdateParentData (package:flutter/src/rendering/object.dart:5815:5)
#62     _RenderObjectSemantics._collectChildMergeUpAndSiblingGroup (package:flutter/src/rendering/object.dart:5738:22)
#63     _RenderObjectSemantics.updateChildren (package:flutter/src/rendering/object.dart:5608:50)
#64     _RenderObjectSemantics._didUpdateParentData (package:flutter/src/rendering/object.dart:5815:5)
#65     _RenderObjectSemantics._collectChildMergeUpAndSiblingGroup (package:flutter/src/rendering/object.dart:5738:22)
#66     _RenderObjectSemantics.updateChildren (package:flutter/src/rendering/object.dart:5608:50)
#67     _RenderObjectSemantics._didUpdateParentData (package:flutter/src/rendering/object.dart:5815:5)
#68     _RenderObjectSemantics._collectChildMergeUpAndSiblingGroup (package:flutter/src/rendering/object.dart:5738:22)
#69     _RenderObjectSemantics.updateChildren (package:flutter/src/rendering/object.dart:5608:50)
#70     _RenderObjectSemantics._didUpdateParentData (package:flutter/src/rendering/object.dart:5815:5)
#71     _RenderObjectSemantics._collectChildMergeUpAndSiblingGroup (package:flutter/src/rendering/object.dart:5738:22)
#72     _RenderObjectSemantics.updateChildren (package:flutter/src/rendering/object.dart:5608:50)
#73     _RenderObjectSemantics._didUpdateParentData (package:flutter/src/rendering/object.dart:5815:5)
#74     _RenderObjectSemantics._collectChildMergeUpAndSiblingGroup (package:flutter/src/rendering/object.dart:5738:22)
#75     _RenderObjectSemantics.updateChildren (package:flutter/src/rendering/object.dart:5608:50)
#76     _RenderObjectSemantics._didUpdateParentData (package:flutter/src/rendering/object.dart:5815:5)
#77     _RenderObjectSemantics._collectChildMergeUpAndSiblingGroup (package:flutter/src/rendering/object.dart:5738:22)
#78     _RenderObjectSemantics.updateChildren (package:flutter/src/rendering/object.dart:5608:50)
#79     _RenderObjectSemantics._didUpdateParentData (package:flutter/src/rendering/object.dart:5815:5)
#80     _RenderObjectSemantics._collectChildMergeUpAndSiblingGroup (package:flutter/src/rendering/object.dart:5738:22)
#81     _RenderObjectSemantics.updateChildren (package:flutter/src/rendering/object.dart:5608:50)
#82     _RenderObjectSemantics._didUpdateParentData (package:flutter/src/rendering/object.dart:5815:5)
#83     _RenderObjectSemantics._collectChildMergeUpAndSiblingGroup (package:flutter/src/rendering/object.dart:5738:22)
#84     _RenderObjectSemantics.updateChildren (package:flutter/src/rendering/object.dart:5608:50)
#85     _RenderObjectSemantics._didUpdateParentData (package:flutter/src/rendering/object.dart:5815:5)
#86     _RenderObjectSemantics._collectChildMergeUpAndSiblingGroup (package:flutter/src/rendering/object.dart:5738:22)
#87     _RenderObjectSemantics.updateChildren (package:flutter/src/rendering/object.dart:5608:50)
#88     _RenderObjectSemantics._didUpdateParentData (package:flutter/src/rendering/object.dart:5815:5)
#89     _RenderObjectSemantics._collectChildMergeUpAndSiblingGroup (package:flutter/src/rendering/object.dart:5738:22)
#90     _RenderObjectSemantics.updateChildren (package:flutter/src/rendering/object.dart:5608:50)
#91     _RenderObjectSemantics._didUpdateParentData (package:flutter/src/rendering/object.dart:5815:5)
#92     _RenderObjectSemantics._collectChildMergeUpAndSiblingGroup (package:flutter/src/rendering/object.dart:5738:22)
#93     _RenderObjectSemantics.updateChildren (package:flutter/src/rendering/object.dart:5608:50)
#94     _RenderObjectSemantics._didUpdateParentData (package:flutter/src/rendering/object.dart:5815:5)
#95     _RenderObjectSemantics._collectChildMergeUpAndSiblingGroup (package:flutter/src/rendering/object.dart:5738:22)
#96     _RenderObjectSemantics.updateChildren (package:flutter/src/rendering/object.dart:5608:50)
#97     _RenderObjectSemantics._didUpdateParentData (package:flutter/src/rendering/object.dart:5815:5)
#98     _RenderObjectSemantics._collectChildMergeUpAndSiblingGroup (package:flutter/src/rendering/object.dart:5738:22)
#99     _RenderObjectSemantics.updateChildren (package:flutter/src/rendering/object.dart:5608:50)
#100    _RenderObjectSemantics._didUpdateParentData (package:flutter/src/rendering/object.dart:5815:5)
#101    _RenderObjectSemantics._collectChildMergeUpAndSiblingGroup (package:flutter/src/rendering/object.dart:5738:22)
#102    _RenderObjectSemantics.updateChildren (package:flutter/src/rendering/object.dart:5608:50)
#103    _RenderObjectSemantics._didUpdateParentData (package:flutter/src/rendering/object.dart:5815:5)
#104    _RenderObjectSemantics._collectChildMergeUpAndSiblingGroup (package:flutter/src/rendering/object.dart:5738:22)
#105    _RenderObjectSemantics.updateChildren (package:flutter/src/rendering/object.dart:5608:50)
#106    _RenderObjectSemantics._didUpdateParentData (package:flutter/src/rendering/object.dart:5815:5)
#107    _RenderObjectSemantics._collectChildMergeUpAndSiblingGroup (package:flutter/src/rendering/object.dart:5738:22)
#108    _RenderObjectSemantics.updateChildren (package:flutter/src/rendering/object.dart:5608:50)
#109    _RenderObjectSemantics._didUpdateParentData (package:flutter/src/rendering/object.dart:5815:5)
#110    _RenderObjectSemantics._collectChildMergeUpAndSiblingGroup (package:flutter/src/rendering/object.dart:5738:22)
#111    _RenderObjectSemantics.updateChildren (package:flutter/src/rendering/object.dart:5608:50)
#112    _RenderObjectSemantics._didUpdateParentData (package:flutter/src/rendering/object.dart:5815:5)
#113    _RenderObjectSemantics._collectChildMergeUpAndSiblingGroup (package:flutter/src/rendering/object.dart:5738:22)
#114    _RenderObjectSemantics.updateChildren (package:flutter/src/rendering/object.dart:5608:50)
#115    _RenderObjectSemantics._didUpdateParentData (package:flutter/src/rendering/object.dart:5815:5)
#116    _RenderObjectSemantics._collectChildMergeUpAndSiblingGroup (package:flutter/src/rendering/object.dart:5738:22)
#117    _RenderObjectSemantics.updateChildren (package:flutter/src/rendering/object.dart:5608:50)
#118    _RenderObjectSemantics._didUpdateParentData (package:flutter/src/rendering/object.dart:5815:5)
#119    _RenderObjectSemantics._collectChildMergeUpAndSiblingGroup (package:flutter/src/rendering/object.dart:5738:22)
#120    _RenderObjectSemantics.updateChildren (package:flutter/src/rendering/object.dart:5608:50)
#121    _RenderObjectSemantics._didUpdateParentData (package:flutter/src/rendering/object.dart:5815:5)
#122    _RenderObjectSemantics._collectChildMergeUpAndSiblingGroup (package:flutter/src/rendering/object.dart:5738:22)
#123    _RenderObjectSemantics.updateChildren (package:flutter/src/rendering/object.dart:5608:50)
#124    _RenderObjectSemantics._didUpdateParentData (package:flutter/src/rendering/object.dart:5815:5)
#125    _RenderObjectSemantics._collectChildMergeUpAndSiblingGroup (package:flutter/src/rendering/object.dart:5738:22)
#126    _RenderObjectSemantics.updateChildren (package:flutter/src/rendering/object.dart:5608:50)
#127    _RenderObjectSemantics._didUpdateParentData (package:flutter/src/rendering/object.dart:5815:5)
#128    _RenderObjectSemantics._collectChildMergeUpAndSiblingGroup (package:flutter/src/rendering/object.dart:5738:22)
#129    _RenderObjectSemantics.updateChildren (package:flutter/src/rendering/object.dart:5608:50)
#130    _RenderObjectSemantics._didUpdateParentData (package:flutter/src/rendering/object.dart:5815:5)
#131    _RenderObjectSemantics._collectChildMergeUpAndSiblingGroup (package:flutter/src/rendering/object.dart:5738:22)
#132    _RenderObjectSemantics.updateChildren (package:flutter/src/rendering/object.dart:5608:50)
#133    _RenderObjectSemantics._didUpdateParentData (package:flutter/src/rendering/object.dart:5815:5)
#134    _RenderObjectSemantics._collectChildMergeUpAndSiblingGroup (package:flutter/src/rendering/object.dart:5738:22)
#135    _RenderObjectSemantics.updateChildren (package:flutter/src/rendering/object.dart:5608:50)
#136    _RenderObjectSemantics._didUpdateParentData (package:flutter/src/rendering/object.dart:5815:5)
#137    _RenderObjectSemantics._collectChildMergeUpAndSiblingGroup (package:flutter/src/rendering/object.dart:5738:22)
#138    _RenderObjectSemantics.updateChildren (package:flutter/src/rendering/object.dart:5608:50)
#139    _RenderObjectSemantics._didUpdateParentData (package:flutter/src/rendering/object.dart:5815:5)
#140    _RenderObjectSemantics._collectChildMergeUpAndSiblingGroup (package:flutter/src/rendering/object.dart:5738:22)
#141    _RenderObjectSemantics.updateChildren (package:flutter/src/rendering/object.dart:5608:50)
#142    _RenderObjectSemantics._didUpdateParentData (package:flutter/src/rendering/object.dart:5815:5)
#143    _RenderObjectSemantics._collectChildMergeUpAndSiblingGroup (package:flutter/src/rendering/object.dart:5738:22)
#144    _RenderObjectSemantics.updateChildren (package:flutter/src/rendering/object.dart:5608:50)
#145    _RenderObjectSemantics._didUpdateParentData (package:flutter/src/rendering/object.dart:5815:5)
#146    _RenderObjectSemantics._collectChildMergeUpAndSiblingGroup (package:flutter/src/rendering/object.dart:5738:22)
#147    _RenderObjectSemantics.updateChildren (package:flutter/src/rendering/object.dart:5608:50)
#148    _RenderObjectSemantics._didUpdateParentData (package:flutter/src/rendering/object.dart:5815:5)
#149    _RenderObjectSemantics._collectChildMergeUpAndSiblingGroup (package:flutter/src/rendering/object.dart:5738:22)
#150    _RenderObjectSemantics.updateChildren (package:flutter/src/rendering/object.dart:5608:50)
#151    PipelineOwner.flushSemantics (package:flutter/src/rendering/object.dart:1473:25)
#152    PipelineOwner.flushSemantics (package:flutter/src/rendering/object.dart:1518:15)
#153    AutomatedTestWidgetsFlutterBinding.drawFrame (package:flutter_test/src/binding.dart:2144:35)
#154    RendererBinding._handlePersistentFrameCallback (package:flutter/src/rendering/binding.dart:495:5)
#155    SchedulerBinding._invokeFrameCallback (package:flutter/src/scheduler/binding.dart:1430:15)
#156    SchedulerBinding.handleDrawFrame (package:flutter/src/scheduler/binding.dart:1345:9)
#157    AutomatedTestWidgetsFlutterBinding.pump.<anonymous closure> (package:flutter_test/src/binding.dart:1960:9)
#160    TestAsyncUtils.guard (package:flutter_test/src/test_async_utils.dart:74:41)
#161    AutomatedTestWidgetsFlutterBinding.pump (package:flutter_test/src/binding.dart:1949:27)
#162    WidgetTester.pump.<anonymous closure> (package:flutter_test/src/widget_tester.dart:652:53)
#165    TestAsyncUtils.guard (package:flutter_test/src/test_async_utils.dart:74:41)
#166    WidgetTester.pump (package:flutter_test/src/widget_tester.dart:652:27)
#167    main.<anonymous closure> (file:///home/cdesbois/flutterApps/pcriteria/test/chip_text_interaction_test.dart:27:18)
<asynchronous suspension>
#168    testWidgets.<anonymous closure>.<anonymous closure> (package:flutter_test/src/widget_tester.dart:192:15)
<asynchronous suspension>
#169    TestWidgetsFlutterBinding._runTestBody (package:flutter_test/src/binding.dart:1682:5)
<asynchronous suspension>
<asynchronous suspension>
(elided 7 frames from class _AssertionError, dart:async, and package:stack_trace)
════════════════════════════════════════════════════════════════════════════════════════════════════
══╡ EXCEPTION CAUGHT BY FOUNDATION LIBRARY ╞════════════════════════════════════════════════════════
The following assertion was thrown while dispatching notifications for FocusNode:
RenderBox was not laid out: RenderEditable#24d39 NEEDS-LAYOUT NEEDS-PAINT
'package:flutter/src/rendering/box.dart':
Failed assertion: line 2251 pos 12: 'hasSize'

Either the assertion indicates an error in the framework itself, or we should provide substantially
more information in this error message to help you determine and fix the underlying cause.
In either case, please report this assertion by filing a bug on GitHub:
  https://github.com/flutter/flutter/issues/new?template=02_bug.yml

When the exception was thrown, this was the stack:
#2      RenderBox.size (package:flutter/src/rendering/box.dart:2251:12)
#3      EditableTextState._updateSizeAndTransform (package:flutter/src/widgets/editable_text.dart:4811:38)
#4      EditableTextState._openInputConnection (package:flutter/src/widgets/editable_text.dart:3959:7)
#5      EditableTextState._openOrCloseInputConnectionIfNeeded (package:flutter/src/widgets/editable_text.dart:3994:7)
#6      EditableTextState._handleFocusChanged (package:flutter/src/widgets/editable_text.dart:4753:5)
#7      ChangeNotifier.notifyListeners (package:flutter/src/foundation/change_notifier.dart:432:24)
#8      FocusNode._notify (package:flutter/src/widgets/focus_manager.dart:1131:5)
#9      FocusManager.applyFocusChangesIfNeeded (package:flutter/src/widgets/focus_manager.dart:1995:12)
#19     FakeAsync.run.<anonymous closure>.<anonymous closure> (package:fake_async/fake_async.dart:189:18)
#20     FakeAsync.flushMicrotasks (package:fake_async/fake_async.dart:200:32)
#21     AutomatedTestWidgetsFlutterBinding.pump.<anonymous closure> (package:flutter_test/src/binding.dart:1962:26)
#24     TestAsyncUtils.guard (package:flutter_test/src/test_async_utils.dart:74:41)
#25     AutomatedTestWidgetsFlutterBinding.pump (package:flutter_test/src/binding.dart:1949:27)
#26     WidgetTester.pump.<anonymous closure> (package:flutter_test/src/widget_tester.dart:652:53)
#29     TestAsyncUtils.guard (package:flutter_test/src/test_async_utils.dart:74:41)
#30     WidgetTester.pump (package:flutter_test/src/widget_tester.dart:652:27)
#31     main.<anonymous closure> (file:///home/cdesbois/flutterApps/pcriteria/test/chip_text_interaction_test.dart:27:18)
<asynchronous suspension>
#32     testWidgets.<anonymous closure>.<anonymous closure> (package:flutter_test/src/widget_tester.dart:192:15)
<asynchronous suspension>
#33     TestWidgetsFlutterBinding._runTestBody (package:flutter_test/src/binding.dart:1682:5)
<asynchronous suspension>
<asynchronous suspension>
(elided 16 frames from class _AssertionError, dart:async, and package:stack_trace)

The FocusNode sending notification was:
  FocusNode#c3077([PRIMARY FOCUS])
════════════════════════════════════════════════════════════════════════════════════════════════════
══╡ EXCEPTION CAUGHT BY RENDERING LIBRARY ╞═════════════════════════════════════════════════════════
The following assertion was thrown during performLayout():
An InputDecorator, which is typically created by a TextField, cannot have an unbounded width.
This happens when the parent widget does not provide a finite width constraint. For example, if the
InputDecorator is contained by a Row, then its width must be constrained. An Expanded widget or a
SizedBox can be used to constrain the width of the InputDecorator or the TextField that contains it.
'package:flutter/src/material/input_decorator.dart':
Failed assertion: line 962 pos 7: 'constraints.maxWidth < double.infinity'

Either the assertion indicates an error in the framework itself, or we should provide substantially
more information in this error message to help you determine and fix the underlying cause.
In either case, please report this assertion by filing a bug on GitHub:
  https://github.com/flutter/flutter/issues/new?template=02_bug.yml

The relevant error-causing widget was:
  TextField TextField:file:///home/cdesbois/flutterApps/pcriteria/lib/chips/chip_text.dart:54:13

When the exception was thrown, this was the stack:
#2      _RenderDecoration._layout (package:flutter/src/material/input_decorator.dart:962:7)
#3      _RenderDecoration.performLayout (package:flutter/src/material/input_decorator.dart:1388:44)
#4      RenderObject.layout (package:flutter/src/rendering/object.dart:2768:7)
#5      RenderProxyBoxMixin.performLayout (package:flutter/src/rendering/proxy_box.dart:118:18)
#6      RenderObject.layout (package:flutter/src/rendering/object.dart:2768:7)
#7      RenderProxyBoxMixin.performLayout (package:flutter/src/rendering/proxy_box.dart:118:18)
#8      RenderObject.layout (package:flutter/src/rendering/object.dart:2768:7)
#9      RenderProxyBoxMixin.performLayout (package:flutter/src/rendering/proxy_box.dart:118:18)
#10     RenderObject.layout (package:flutter/src/rendering/object.dart:2768:7)
#11     RenderProxyBoxMixin.performLayout (package:flutter/src/rendering/proxy_box.dart:118:18)
#12     RenderObject.layout (package:flutter/src/rendering/object.dart:2768:7)
#13     RenderTapRegion.layout (package:flutter/src/widgets/tap_region.dart:686:11)
#14     RenderProxyBoxMixin.performLayout (package:flutter/src/rendering/proxy_box.dart:118:18)
#15     RenderObject.layout (package:flutter/src/rendering/object.dart:2768:7)
#16     ChildLayoutHelper.layoutChild (package:flutter/src/rendering/layout_helper.dart:62:11)
#17     RenderFlex._computeSizes (package:flutter/src/rendering/flex.dart:1237:28)
#18     RenderFlex.performLayout (package:flutter/src/rendering/flex.dart:1329:32)
#19     RenderObject.layout (package:flutter/src/rendering/object.dart:2768:7)
#20     RenderProxyBoxMixin.performLayout (package:flutter/src/rendering/proxy_box.dart:118:18)
#21     RenderObject.layout (package:flutter/src/rendering/object.dart:2768:7)
#22     RenderProxyBoxMixin.performLayout (package:flutter/src/rendering/proxy_box.dart:118:18)
#23     RenderObject.layout (package:flutter/src/rendering/object.dart:2768:7)
#24     RenderProxyBoxMixin.performLayout (package:flutter/src/rendering/proxy_box.dart:118:18)
#25     RenderObject.layout (package:flutter/src/rendering/object.dart:2768:7)
#26     RenderProxyBoxMixin.performLayout (package:flutter/src/rendering/proxy_box.dart:118:18)
#27     RenderObject.layout (package:flutter/src/rendering/object.dart:2768:7)
#28     RenderPadding.performLayout (package:flutter/src/rendering/shifted_box.dart:262:12)
#29     RenderObject.layout (package:flutter/src/rendering/object.dart:2768:7)
#30     RenderProxyBoxMixin.performLayout (package:flutter/src/rendering/proxy_box.dart:118:18)
#31     RenderCustomPaint.performLayout (package:flutter/src/rendering/custom_paint.dart:574:11)
#32     RenderObject.layout (package:flutter/src/rendering/object.dart:2768:7)
#33     _RenderLayoutBuilder.performLayout (package:flutter/src/widgets/layout_builder.dart:449:14)
#34     RenderObject.layout (package:flutter/src/rendering/object.dart:2768:7)
#35     RenderPadding.performLayout (package:flutter/src/rendering/shifted_box.dart:262:12)
#36     RenderObject.layout (package:flutter/src/rendering/object.dart:2768:7)
#37     RenderConstrainedBox.performLayout (package:flutter/src/rendering/proxy_box.dart:296:14)
#38     RenderObject.layout (package:flutter/src/rendering/object.dart:2768:7)
#39     RenderProxyBoxMixin.performLayout (package:flutter/src/rendering/proxy_box.dart:118:18)
#40     RenderObject.layout (package:flutter/src/rendering/object.dart:2768:7)
#41     RenderPadding.performLayout (package:flutter/src/rendering/shifted_box.dart:262:12)
#42     RenderObject.layout (package:flutter/src/rendering/object.dart:2768:7)
#43     MultiChildLayoutDelegate.layoutChild (package:flutter/src/rendering/custom_layout.dart:180:12)
#44     _ScaffoldLayout.performLayout (package:flutter/src/material/scaffold.dart:1111:7)
#45     MultiChildLayoutDelegate._callPerformLayout (package:flutter/src/rendering/custom_layout.dart:246:7)
#46     RenderCustomMultiChildLayoutBox.performLayout (package:flutter/src/rendering/custom_layout.dart:417:14)
#47     RenderObject._layoutWithoutResize (package:flutter/src/rendering/object.dart:2616:7)
#48     PipelineOwner.flushLayout (package:flutter/src/rendering/object.dart:1174:18)
#49     PipelineOwner.flushLayout (package:flutter/src/rendering/object.dart:1187:15)
#50     AutomatedTestWidgetsFlutterBinding.drawFrame (package:flutter_test/src/binding.dart:2133:27)
#51     RendererBinding._handlePersistentFrameCallback (package:flutter/src/rendering/binding.dart:495:5)
#52     SchedulerBinding._invokeFrameCallback (package:flutter/src/scheduler/binding.dart:1430:15)
#53     SchedulerBinding.handleDrawFrame (package:flutter/src/scheduler/binding.dart:1345:9)
#54     AutomatedTestWidgetsFlutterBinding.pump.<anonymous closure> (package:flutter_test/src/binding.dart:1960:9)
#57     TestAsyncUtils.guard (package:flutter_test/src/test_async_utils.dart:74:41)
#58     AutomatedTestWidgetsFlutterBinding.pump (package:flutter_test/src/binding.dart:1949:27)
#59     WidgetTester.pump.<anonymous closure> (package:flutter_test/src/widget_tester.dart:652:53)
#62     TestAsyncUtils.guard (package:flutter_test/src/test_async_utils.dart:74:41)
#63     WidgetTester.pump (package:flutter_test/src/widget_tester.dart:652:27)
#64     WidgetTester.showKeyboard.<anonymous closure> (package:flutter_test/src/widget_tester.dart:1136:13)
#67     TestAsyncUtils.guard (package:flutter_test/src/test_async_utils.dart:74:41)
#68     WidgetTester.showKeyboard (package:flutter_test/src/widget_tester.dart:1124:27)
#69     WidgetTester.enterText.<anonymous closure> (package:flutter_test/src/widget_tester.dart:1160:13)
#72     TestAsyncUtils.guard (package:flutter_test/src/test_async_utils.dart:74:41)
#73     WidgetTester.enterText (package:flutter_test/src/widget_tester.dart:1159:27)
#74     main.<anonymous closure> (file:///home/cdesbois/flutterApps/pcriteria/test/chip_text_interaction_test.dart:34:18)
<asynchronous suspension>
#75     testWidgets.<anonymous closure>.<anonymous closure> (package:flutter_test/src/widget_tester.dart:192:15)
<asynchronous suspension>
#76     TestWidgetsFlutterBinding._runTestBody (package:flutter_test/src/binding.dart:1682:5)
<asynchronous suspension>
<asynchronous suspension>
(elided 11 frames from class _AssertionError, dart:async, and package:stack_trace)

The following RenderObject was being processed when the exception was fired: _RenderDecoration#41cc7 relayoutBoundary=up18 NEEDS-LAYOUT:
  needs compositing
  creator: _Decorator ← InputDecorator ← AnimatedBuilder ← Listener ← RawGestureDetector ←
    TextSelectionGestureDetector ← Semantics ← AnimatedBuilder ← IgnorePointer ← TextFieldTapRegion ←
    MouseRegion ← TextField ← ⋯
  parentData: <none> (can use size)
  constraints: BoxConstraints(0.0<=w<=Infinity, 0.0<=h<=38.0)
  size: MISSING
This RenderObject had the following descendants (showing up to depth 5):
    input: RenderRepaintBoundary#8bbbd NEEDS-LAYOUT NEEDS-PAINT
      child: _RenderCompositionCallback#2e715 NEEDS-LAYOUT NEEDS-PAINT
        child: RenderTapRegion#1830f NEEDS-LAYOUT NEEDS-PAINT
          child: RenderMouseRegion#13cb7 NEEDS-LAYOUT NEEDS-PAINT
            child: RenderPointerListener#6460e NEEDS-LAYOUT NEEDS-PAINT
    helperError: RenderConstrainedBox#51293 NEEDS-LAYOUT NEEDS-PAINT
    container: RenderCustomPaint#29e0c NEEDS-LAYOUT NEEDS-PAINT
════════════════════════════════════════════════════════════════════════════════════════════════════
══╡ EXCEPTION CAUGHT BY RENDERING LIBRARY ╞═════════════════════════════════════════════════════════
The following assertion was thrown during performLayout():
RenderBox was not laid out: _RenderDecoration#41cc7 relayoutBoundary=up18 NEEDS-PAINT
'package:flutter/src/rendering/box.dart':
Failed assertion: line 2251 pos 12: 'hasSize'

Either the assertion indicates an error in the framework itself, or we should provide substantially
more information in this error message to help you determine and fix the underlying cause.
In either case, please report this assertion by filing a bug on GitHub:
  https://github.com/flutter/flutter/issues/new?template=02_bug.yml

The relevant error-causing widget was:
  TextField TextField:file:///home/cdesbois/flutterApps/pcriteria/lib/chips/chip_text.dart:54:13

When the exception was thrown, this was the stack:
#2      RenderBox.size (package:flutter/src/rendering/box.dart:2251:12)
#3      RenderProxyBoxMixin.performLayout (package:flutter/src/rendering/proxy_box.dart:118:62)
#4      RenderObject.layout (package:flutter/src/rendering/object.dart:2768:7)
#5      RenderProxyBoxMixin.performLayout (package:flutter/src/rendering/proxy_box.dart:118:18)
#6      RenderObject.layout (package:flutter/src/rendering/object.dart:2768:7)
#7      RenderProxyBoxMixin.performLayout (package:flutter/src/rendering/proxy_box.dart:118:18)
#8      RenderObject.layout (package:flutter/src/rendering/object.dart:2768:7)
#9      RenderProxyBoxMixin.performLayout (package:flutter/src/rendering/proxy_box.dart:118:18)
#10     RenderObject.layout (package:flutter/src/rendering/object.dart:2768:7)
#11     RenderTapRegion.layout (package:flutter/src/widgets/tap_region.dart:686:11)
#12     RenderProxyBoxMixin.performLayout (package:flutter/src/rendering/proxy_box.dart:118:18)
#13     RenderObject.layout (package:flutter/src/rendering/object.dart:2768:7)
#14     ChildLayoutHelper.layoutChild (package:flutter/src/rendering/layout_helper.dart:62:11)
#15     RenderFlex._computeSizes (package:flutter/src/rendering/flex.dart:1237:28)
#16     RenderFlex.performLayout (package:flutter/src/rendering/flex.dart:1329:32)
#17     RenderObject.layout (package:flutter/src/rendering/object.dart:2768:7)
#18     RenderProxyBoxMixin.performLayout (package:flutter/src/rendering/proxy_box.dart:118:18)
#19     RenderObject.layout (package:flutter/src/rendering/object.dart:2768:7)
#20     RenderProxyBoxMixin.performLayout (package:flutter/src/rendering/proxy_box.dart:118:18)
#21     RenderObject.layout (package:flutter/src/rendering/object.dart:2768:7)
#22     RenderProxyBoxMixin.performLayout (package:flutter/src/rendering/proxy_box.dart:118:18)
#23     RenderObject.layout (package:flutter/src/rendering/object.dart:2768:7)
#24     RenderProxyBoxMixin.performLayout (package:flutter/src/rendering/proxy_box.dart:118:18)
#25     RenderObject.layout (package:flutter/src/rendering/object.dart:2768:7)
#26     RenderPadding.performLayout (package:flutter/src/rendering/shifted_box.dart:262:12)
#27     RenderObject.layout (package:flutter/src/rendering/object.dart:2768:7)
#28     RenderProxyBoxMixin.performLayout (package:flutter/src/rendering/proxy_box.dart:118:18)
#29     RenderCustomPaint.performLayout (package:flutter/src/rendering/custom_paint.dart:574:11)
#30     RenderObject.layout (package:flutter/src/rendering/object.dart:2768:7)
#31     _RenderLayoutBuilder.performLayout (package:flutter/src/widgets/layout_builder.dart:449:14)
#32     RenderObject.layout (package:flutter/src/rendering/object.dart:2768:7)
#33     RenderPadding.performLayout (package:flutter/src/rendering/shifted_box.dart:262:12)
#34     RenderObject.layout (package:flutter/src/rendering/object.dart:2768:7)
#35     RenderConstrainedBox.performLayout (package:flutter/src/rendering/proxy_box.dart:296:14)
#36     RenderObject.layout (package:flutter/src/rendering/object.dart:2768:7)
#37     RenderProxyBoxMixin.performLayout (package:flutter/src/rendering/proxy_box.dart:118:18)
#38     RenderObject.layout (package:flutter/src/rendering/object.dart:2768:7)
#39     RenderPadding.performLayout (package:flutter/src/rendering/shifted_box.dart:262:12)
#40     RenderObject.layout (package:flutter/src/rendering/object.dart:2768:7)
#41     MultiChildLayoutDelegate.layoutChild (package:flutter/src/rendering/custom_layout.dart:180:12)
#42     _ScaffoldLayout.performLayout (package:flutter/src/material/scaffold.dart:1111:7)
#43     MultiChildLayoutDelegate._callPerformLayout (package:flutter/src/rendering/custom_layout.dart:246:7)
#44     RenderCustomMultiChildLayoutBox.performLayout (package:flutter/src/rendering/custom_layout.dart:417:14)
#45     RenderObject._layoutWithoutResize (package:flutter/src/rendering/object.dart:2616:7)
#46     PipelineOwner.flushLayout (package:flutter/src/rendering/object.dart:1174:18)
#47     PipelineOwner.flushLayout (package:flutter/src/rendering/object.dart:1187:15)
#48     AutomatedTestWidgetsFlutterBinding.drawFrame (package:flutter_test/src/binding.dart:2133:27)
#49     RendererBinding._handlePersistentFrameCallback (package:flutter/src/rendering/binding.dart:495:5)
#50     SchedulerBinding._invokeFrameCallback (package:flutter/src/scheduler/binding.dart:1430:15)
#51     SchedulerBinding.handleDrawFrame (package:flutter/src/scheduler/binding.dart:1345:9)
#52     AutomatedTestWidgetsFlutterBinding.pump.<anonymous closure> (package:flutter_test/src/binding.dart:1960:9)
#55     TestAsyncUtils.guard (package:flutter_test/src/test_async_utils.dart:74:41)
#56     AutomatedTestWidgetsFlutterBinding.pump (package:flutter_test/src/binding.dart:1949:27)
#57     WidgetTester.pump.<anonymous closure> (package:flutter_test/src/widget_tester.dart:652:53)
#60     TestAsyncUtils.guard (package:flutter_test/src/test_async_utils.dart:74:41)
#61     WidgetTester.pump (package:flutter_test/src/widget_tester.dart:652:27)
#62     WidgetTester.showKeyboard.<anonymous closure> (package:flutter_test/src/widget_tester.dart:1136:13)
#65     TestAsyncUtils.guard (package:flutter_test/src/test_async_utils.dart:74:41)
#66     WidgetTester.showKeyboard (package:flutter_test/src/widget_tester.dart:1124:27)
#67     WidgetTester.enterText.<anonymous closure> (package:flutter_test/src/widget_tester.dart:1160:13)
#70     TestAsyncUtils.guard (package:flutter_test/src/test_async_utils.dart:74:41)
#71     WidgetTester.enterText (package:flutter_test/src/widget_tester.dart:1159:27)
#72     main.<anonymous closure> (file:///home/cdesbois/flutterApps/pcriteria/test/chip_text_interaction_test.dart:34:18)
<asynchronous suspension>
#73     testWidgets.<anonymous closure>.<anonymous closure> (package:flutter_test/src/widget_tester.dart:192:15)
<asynchronous suspension>
#74     TestWidgetsFlutterBinding._runTestBody (package:flutter_test/src/binding.dart:1682:5)
<asynchronous suspension>
<asynchronous suspension>
(elided 11 frames from class _AssertionError, dart:async, and package:stack_trace)

The following RenderObject was being processed when the exception was fired: RenderPointerListener#fb2b6 relayoutBoundary=up17 NEEDS-LAYOUT NEEDS-PAINT:
  needs compositing
  creator: Listener ← RawGestureDetector ← TextSelectionGestureDetector ← Semantics ← AnimatedBuilder
    ← IgnorePointer ← TextFieldTapRegion ← MouseRegion ← TextField ← Row ← Listener ←
    RawGestureDetector ← ⋯
  parentData: <none> (can use size)
  constraints: BoxConstraints(0.0<=w<=Infinity, 0.0<=h<=38.0)
  size: MISSING
  behavior: translucent
  listeners: down, panZoomStart
This RenderObject had the following descendants (showing up to depth 5):
    child: _RenderDecoration#41cc7 relayoutBoundary=up18 NEEDS-PAINT
      input: RenderRepaintBoundary#8bbbd NEEDS-LAYOUT NEEDS-PAINT
        child: _RenderCompositionCallback#2e715 NEEDS-LAYOUT NEEDS-PAINT
          child: RenderTapRegion#1830f NEEDS-LAYOUT NEEDS-PAINT
            child: RenderMouseRegion#13cb7 NEEDS-LAYOUT NEEDS-PAINT
      helperError: RenderConstrainedBox#51293 NEEDS-LAYOUT NEEDS-PAINT
      container: RenderCustomPaint#29e0c NEEDS-LAYOUT NEEDS-PAINT
════════════════════════════════════════════════════════════════════════════════════════════════════
══╡ EXCEPTION CAUGHT BY RENDERING LIBRARY ╞═════════════════════════════════════════════════════════
The following assertion was thrown during performLayout():
RenderBox was not laid out: RenderPointerListener#fb2b6 relayoutBoundary=up17 NEEDS-PAINT
'package:flutter/src/rendering/box.dart':
Failed assertion: line 2251 pos 12: 'hasSize'

Either the assertion indicates an error in the framework itself, or we should provide substantially
more information in this error message to help you determine and fix the underlying cause.
In either case, please report this assertion by filing a bug on GitHub:
  https://github.com/flutter/flutter/issues/new?template=02_bug.yml

The relevant error-causing widget was:
  TextField TextField:file:///home/cdesbois/flutterApps/pcriteria/lib/chips/chip_text.dart:54:13

When the exception was thrown, this was the stack:
#2      RenderBox.size (package:flutter/src/rendering/box.dart:2251:12)
#3      RenderProxyBoxMixin.performLayout (package:flutter/src/rendering/proxy_box.dart:118:62)
#4      RenderObject.layout (package:flutter/src/rendering/object.dart:2768:7)
#5      RenderProxyBoxMixin.performLayout (package:flutter/src/rendering/proxy_box.dart:118:18)
#6      RenderObject.layout (package:flutter/src/rendering/object.dart:2768:7)
#7      RenderProxyBoxMixin.performLayout (package:flutter/src/rendering/proxy_box.dart:118:18)
#8      RenderObject.layout (package:flutter/src/rendering/object.dart:2768:7)
#9      RenderTapRegion.layout (package:flutter/src/widgets/tap_region.dart:686:11)
#10     RenderProxyBoxMixin.performLayout (package:flutter/src/rendering/proxy_box.dart:118:18)
#11     RenderObject.layout (package:flutter/src/rendering/object.dart:2768:7)
#12     ChildLayoutHelper.layoutChild (package:flutter/src/rendering/layout_helper.dart:62:11)
#13     RenderFlex._computeSizes (package:flutter/src/rendering/flex.dart:1237:28)
#14     RenderFlex.performLayout (package:flutter/src/rendering/flex.dart:1329:32)
#15     RenderObject.layout (package:flutter/src/rendering/object.dart:2768:7)
#16     RenderProxyBoxMixin.performLayout (package:flutter/src/rendering/proxy_box.dart:118:18)
#17     RenderObject.layout (package:flutter/src/rendering/object.dart:2768:7)
#18     RenderProxyBoxMixin.performLayout (package:flutter/src/rendering/proxy_box.dart:118:18)
#19     RenderObject.layout (package:flutter/src/rendering/object.dart:2768:7)
#20     RenderProxyBoxMixin.performLayout (package:flutter/src/rendering/proxy_box.dart:118:18)
#21     RenderObject.layout (package:flutter/src/rendering/object.dart:2768:7)
#22     RenderProxyBoxMixin.performLayout (package:flutter/src/rendering/proxy_box.dart:118:18)
#23     RenderObject.layout (package:flutter/src/rendering/object.dart:2768:7)
#24     RenderPadding.performLayout (package:flutter/src/rendering/shifted_box.dart:262:12)
#25     RenderObject.layout (package:flutter/src/rendering/object.dart:2768:7)
#26     RenderProxyBoxMixin.performLayout (package:flutter/src/rendering/proxy_box.dart:118:18)
#27     RenderCustomPaint.performLayout (package:flutter/src/rendering/custom_paint.dart:574:11)
#28     RenderObject.layout (package:flutter/src/rendering/object.dart:2768:7)
#29     _RenderLayoutBuilder.performLayout (package:flutter/src/widgets/layout_builder.dart:449:14)
#30     RenderObject.layout (package:flutter/src/rendering/object.dart:2768:7)
#31     RenderPadding.performLayout (package:flutter/src/rendering/shifted_box.dart:262:12)
#32     RenderObject.layout (package:flutter/src/rendering/object.dart:2768:7)
#33     RenderConstrainedBox.performLayout (package:flutter/src/rendering/proxy_box.dart:296:14)
#34     RenderObject.layout (package:flutter/src/rendering/object.dart:2768:7)
#35     RenderProxyBoxMixin.performLayout (package:flutter/src/rendering/proxy_box.dart:118:18)
#36     RenderObject.layout (package:flutter/src/rendering/object.dart:2768:7)
#37     RenderPadding.performLayout (package:flutter/src/rendering/shifted_box.dart:262:12)
#38     RenderObject.layout (package:flutter/src/rendering/object.dart:2768:7)
#39     MultiChildLayoutDelegate.layoutChild (package:flutter/src/rendering/custom_layout.dart:180:12)
#40     _ScaffoldLayout.performLayout (package:flutter/src/material/scaffold.dart:1111:7)
#41     MultiChildLayoutDelegate._callPerformLayout (package:flutter/src/rendering/custom_layout.dart:246:7)
#42     RenderCustomMultiChildLayoutBox.performLayout (package:flutter/src/rendering/custom_layout.dart:417:14)
#43     RenderObject._layoutWithoutResize (package:flutter/src/rendering/object.dart:2616:7)
#44     PipelineOwner.flushLayout (package:flutter/src/rendering/object.dart:1174:18)
#45     PipelineOwner.flushLayout (package:flutter/src/rendering/object.dart:1187:15)
#46     AutomatedTestWidgetsFlutterBinding.drawFrame (package:flutter_test/src/binding.dart:2133:27)
#47     RendererBinding._handlePersistentFrameCallback (package:flutter/src/rendering/binding.dart:495:5)
#48     SchedulerBinding._invokeFrameCallback (package:flutter/src/scheduler/binding.dart:1430:15)
#49     SchedulerBinding.handleDrawFrame (package:flutter/src/scheduler/binding.dart:1345:9)
#50     AutomatedTestWidgetsFlutterBinding.pump.<anonymous closure> (package:flutter_test/src/binding.dart:1960:9)
#53     TestAsyncUtils.guard (package:flutter_test/src/test_async_utils.dart:74:41)
#54     AutomatedTestWidgetsFlutterBinding.pump (package:flutter_test/src/binding.dart:1949:27)
#55     WidgetTester.pump.<anonymous closure> (package:flutter_test/src/widget_tester.dart:652:53)
#58     TestAsyncUtils.guard (package:flutter_test/src/test_async_utils.dart:74:41)
#59     WidgetTester.pump (package:flutter_test/src/widget_tester.dart:652:27)
#60     WidgetTester.showKeyboard.<anonymous closure> (package:flutter_test/src/widget_tester.dart:1136:13)
#63     TestAsyncUtils.guard (package:flutter_test/src/test_async_utils.dart:74:41)
#64     WidgetTester.showKeyboard (package:flutter_test/src/widget_tester.dart:1124:27)
#65     WidgetTester.enterText.<anonymous closure> (package:flutter_test/src/widget_tester.dart:1160:13)
#68     TestAsyncUtils.guard (package:flutter_test/src/test_async_utils.dart:74:41)
#69     WidgetTester.enterText (package:flutter_test/src/widget_tester.dart:1159:27)
#70     main.<anonymous closure> (file:///home/cdesbois/flutterApps/pcriteria/test/chip_text_interaction_test.dart:34:18)
<asynchronous suspension>
#71     testWidgets.<anonymous closure>.<anonymous closure> (package:flutter_test/src/widget_tester.dart:192:15)
<asynchronous suspension>
#72     TestWidgetsFlutterBinding._runTestBody (package:flutter_test/src/binding.dart:1682:5)
<asynchronous suspension>
<asynchronous suspension>
(elided 11 frames from class _AssertionError, dart:async, and package:stack_trace)

The following RenderObject was being processed when the exception was fired: RenderSemanticsAnnotations#742d9 relayoutBoundary=up16 NEEDS-LAYOUT NEEDS-PAINT:
  needs compositing
  creator: Semantics ← AnimatedBuilder ← IgnorePointer ← TextFieldTapRegion ← MouseRegion ← TextField
    ← Row ← Listener ← RawGestureDetector ← GestureDetector ← Semantics ← DefaultSelectionStyle ← ⋯
  parentData: <none> (can use size)
  constraints: BoxConstraints(0.0<=w<=Infinity, 0.0<=h<=38.0)
  size: MISSING
This RenderObject had the following descendants (showing up to depth 5):
    child: RenderPointerListener#fb2b6 relayoutBoundary=up17 NEEDS-PAINT
      child: _RenderDecoration#41cc7 relayoutBoundary=up18 NEEDS-PAINT
        input: RenderRepaintBoundary#8bbbd NEEDS-LAYOUT NEEDS-PAINT
          child: _RenderCompositionCallback#2e715 NEEDS-LAYOUT NEEDS-PAINT
            child: RenderTapRegion#1830f NEEDS-LAYOUT NEEDS-PAINT
        helperError: RenderConstrainedBox#51293 NEEDS-LAYOUT NEEDS-PAINT
        container: RenderCustomPaint#29e0c NEEDS-LAYOUT NEEDS-PAINT
════════════════════════════════════════════════════════════════════════════════════════════════════
══╡ EXCEPTION CAUGHT BY RENDERING LIBRARY ╞═════════════════════════════════════════════════════════
The following assertion was thrown during performLayout():
RenderBox was not laid out: RenderSemanticsAnnotations#742d9 relayoutBoundary=up16 NEEDS-PAINT
'package:flutter/src/rendering/box.dart':
Failed assertion: line 2251 pos 12: 'hasSize'

Either the assertion indicates an error in the framework itself, or we should provide substantially
more information in this error message to help you determine and fix the underlying cause.
In either case, please report this assertion by filing a bug on GitHub:
  https://github.com/flutter/flutter/issues/new?template=02_bug.yml

The relevant error-causing widget was:
  TextField TextField:file:///home/cdesbois/flutterApps/pcriteria/lib/chips/chip_text.dart:54:13

When the exception was thrown, this was the stack:
#2      RenderBox.size (package:flutter/src/rendering/box.dart:2251:12)
#3      RenderProxyBoxMixin.performLayout (package:flutter/src/rendering/proxy_box.dart:118:62)
#4      RenderObject.layout (package:flutter/src/rendering/object.dart:2768:7)
#5      RenderProxyBoxMixin.performLayout (package:flutter/src/rendering/proxy_box.dart:118:18)
#6      RenderObject.layout (package:flutter/src/rendering/object.dart:2768:7)
#7      RenderTapRegion.layout (package:flutter/src/widgets/tap_region.dart:686:11)
#8      RenderProxyBoxMixin.performLayout (package:flutter/src/rendering/proxy_box.dart:118:18)
#9      RenderObject.layout (package:flutter/src/rendering/object.dart:2768:7)
#10     ChildLayoutHelper.layoutChild (package:flutter/src/rendering/layout_helper.dart:62:11)
#11     RenderFlex._computeSizes (package:flutter/src/rendering/flex.dart:1237:28)
#12     RenderFlex.performLayout (package:flutter/src/rendering/flex.dart:1329:32)
#13     RenderObject.layout (package:flutter/src/rendering/object.dart:2768:7)
#14     RenderProxyBoxMixin.performLayout (package:flutter/src/rendering/proxy_box.dart:118:18)
#15     RenderObject.layout (package:flutter/src/rendering/object.dart:2768:7)
#16     RenderProxyBoxMixin.performLayout (package:flutter/src/rendering/proxy_box.dart:118:18)
#17     RenderObject.layout (package:flutter/src/rendering/object.dart:2768:7)
#18     RenderProxyBoxMixin.performLayout (package:flutter/src/rendering/proxy_box.dart:118:18)
#19     RenderObject.layout (package:flutter/src/rendering/object.dart:2768:7)
#20     RenderProxyBoxMixin.performLayout (package:flutter/src/rendering/proxy_box.dart:118:18)
#21     RenderObject.layout (package:flutter/src/rendering/object.dart:2768:7)
#22     RenderPadding.performLayout (package:flutter/src/rendering/shifted_box.dart:262:12)
#23     RenderObject.layout (package:flutter/src/rendering/object.dart:2768:7)
#24     RenderProxyBoxMixin.performLayout (package:flutter/src/rendering/proxy_box.dart:118:18)
#25     RenderCustomPaint.performLayout (package:flutter/src/rendering/custom_paint.dart:574:11)
#26     RenderObject.layout (package:flutter/src/rendering/object.dart:2768:7)
#27     _RenderLayoutBuilder.performLayout (package:flutter/src/widgets/layout_builder.dart:449:14)
#28     RenderObject.layout (package:flutter/src/rendering/object.dart:2768:7)
#29     RenderPadding.performLayout (package:flutter/src/rendering/shifted_box.dart:262:12)
#30     RenderObject.layout (package:flutter/src/rendering/object.dart:2768:7)
#31     RenderConstrainedBox.performLayout (package:flutter/src/rendering/proxy_box.dart:296:14)
#32     RenderObject.layout (package:flutter/src/rendering/object.dart:2768:7)
#33     RenderProxyBoxMixin.performLayout (package:flutter/src/rendering/proxy_box.dart:118:18)
#34     RenderObject.layout (package:flutter/src/rendering/object.dart:2768:7)
#35     RenderPadding.performLayout (package:flutter/src/rendering/shifted_box.dart:262:12)
#36     RenderObject.layout (package:flutter/src/rendering/object.dart:2768:7)
#37     MultiChildLayoutDelegate.layoutChild (package:flutter/src/rendering/custom_layout.dart:180:12)
#38     _ScaffoldLayout.performLayout (package:flutter/src/material/scaffold.dart:1111:7)
#39     MultiChildLayoutDelegate._callPerformLayout (package:flutter/src/rendering/custom_layout.dart:246:7)
#40     RenderCustomMultiChildLayoutBox.performLayout (package:flutter/src/rendering/custom_layout.dart:417:14)
#41     RenderObject._layoutWithoutResize (package:flutter/src/rendering/object.dart:2616:7)
#42     PipelineOwner.flushLayout (package:flutter/src/rendering/object.dart:1174:18)
#43     PipelineOwner.flushLayout (package:flutter/src/rendering/object.dart:1187:15)
#44     AutomatedTestWidgetsFlutterBinding.drawFrame (package:flutter_test/src/binding.dart:2133:27)
#45     RendererBinding._handlePersistentFrameCallback (package:flutter/src/rendering/binding.dart:495:5)
#46     SchedulerBinding._invokeFrameCallback (package:flutter/src/scheduler/binding.dart:1430:15)
#47     SchedulerBinding.handleDrawFrame (package:flutter/src/scheduler/binding.dart:1345:9)
#48     AutomatedTestWidgetsFlutterBinding.pump.<anonymous closure> (package:flutter_test/src/binding.dart:1960:9)
#51     TestAsyncUtils.guard (package:flutter_test/src/test_async_utils.dart:74:41)
#52     AutomatedTestWidgetsFlutterBinding.pump (package:flutter_test/src/binding.dart:1949:27)
#53     WidgetTester.pump.<anonymous closure> (package:flutter_test/src/widget_tester.dart:652:53)
#56     TestAsyncUtils.guard (package:flutter_test/src/test_async_utils.dart:74:41)
#57     WidgetTester.pump (package:flutter_test/src/widget_tester.dart:652:27)
#58     WidgetTester.showKeyboard.<anonymous closure> (package:flutter_test/src/widget_tester.dart:1136:13)
#61     TestAsyncUtils.guard (package:flutter_test/src/test_async_utils.dart:74:41)
#62     WidgetTester.showKeyboard (package:flutter_test/src/widget_tester.dart:1124:27)
#63     WidgetTester.enterText.<anonymous closure> (package:flutter_test/src/widget_tester.dart:1160:13)
#66     TestAsyncUtils.guard (package:flutter_test/src/test_async_utils.dart:74:41)
#67     WidgetTester.enterText (package:flutter_test/src/widget_tester.dart:1159:27)
#68     main.<anonymous closure> (file:///home/cdesbois/flutterApps/pcriteria/test/chip_text_interaction_test.dart:34:18)
<asynchronous suspension>
#69     testWidgets.<anonymous closure>.<anonymous closure> (package:flutter_test/src/widget_tester.dart:192:15)
<asynchronous suspension>
#70     TestWidgetsFlutterBinding._runTestBody (package:flutter_test/src/binding.dart:1682:5)
<asynchronous suspension>
<asynchronous suspension>
(elided 11 frames from class _AssertionError, dart:async, and package:stack_trace)

The following RenderObject was being processed when the exception was fired: RenderIgnorePointer#3aeb4 relayoutBoundary=up15 NEEDS-LAYOUT NEEDS-PAINT:
  needs compositing
  creator: IgnorePointer ← TextFieldTapRegion ← MouseRegion ← TextField ← Row ← Listener ←
    RawGestureDetector ← GestureDetector ← Semantics ← DefaultSelectionStyle ← Builder ← MouseRegion ←
    ⋯
  parentData: <none> (can use size)
  constraints: BoxConstraints(0.0<=w<=Infinity, 0.0<=h<=38.0)
  size: MISSING
  ignoring: false
  ignoringSemantics: null
This RenderObject had the following descendants (showing up to depth 5):
    child: RenderSemanticsAnnotations#742d9 relayoutBoundary=up16 NEEDS-PAINT
      child: RenderPointerListener#fb2b6 relayoutBoundary=up17 NEEDS-PAINT
        child: _RenderDecoration#41cc7 relayoutBoundary=up18 NEEDS-PAINT
          input: RenderRepaintBoundary#8bbbd NEEDS-LAYOUT NEEDS-PAINT
            child: _RenderCompositionCallback#2e715 NEEDS-LAYOUT NEEDS-PAINT
          helperError: RenderConstrainedBox#51293 NEEDS-LAYOUT NEEDS-PAINT
          container: RenderCustomPaint#29e0c NEEDS-LAYOUT NEEDS-PAINT
════════════════════════════════════════════════════════════════════════════════════════════════════
══╡ EXCEPTION CAUGHT BY RENDERING LIBRARY ╞═════════════════════════════════════════════════════════
The following assertion was thrown during performLayout():
RenderBox was not laid out: RenderIgnorePointer#3aeb4 relayoutBoundary=up15 NEEDS-PAINT
'package:flutter/src/rendering/box.dart':
Failed assertion: line 2251 pos 12: 'hasSize'

Either the assertion indicates an error in the framework itself, or we should provide substantially
more information in this error message to help you determine and fix the underlying cause.
In either case, please report this assertion by filing a bug on GitHub:
  https://github.com/flutter/flutter/issues/new?template=02_bug.yml

The relevant error-causing widget was:
  TextField TextField:file:///home/cdesbois/flutterApps/pcriteria/lib/chips/chip_text.dart:54:13

When the exception was thrown, this was the stack:
#2      RenderBox.size (package:flutter/src/rendering/box.dart:2251:12)
#3      RenderProxyBoxMixin.performLayout (package:flutter/src/rendering/proxy_box.dart:118:62)
#4      RenderObject.layout (package:flutter/src/rendering/object.dart:2768:7)
#5      RenderTapRegion.layout (package:flutter/src/widgets/tap_region.dart:686:11)
#6      RenderProxyBoxMixin.performLayout (package:flutter/src/rendering/proxy_box.dart:118:18)
#7      RenderObject.layout (package:flutter/src/rendering/object.dart:2768:7)
#8      ChildLayoutHelper.layoutChild (package:flutter/src/rendering/layout_helper.dart:62:11)
#9      RenderFlex._computeSizes (package:flutter/src/rendering/flex.dart:1237:28)
#10     RenderFlex.performLayout (package:flutter/src/rendering/flex.dart:1329:32)
#11     RenderObject.layout (package:flutter/src/rendering/object.dart:2768:7)
#12     RenderProxyBoxMixin.performLayout (package:flutter/src/rendering/proxy_box.dart:118:18)
#13     RenderObject.layout (package:flutter/src/rendering/object.dart:2768:7)
#14     RenderProxyBoxMixin.performLayout (package:flutter/src/rendering/proxy_box.dart:118:18)
#15     RenderObject.layout (package:flutter/src/rendering/object.dart:2768:7)
#16     RenderProxyBoxMixin.performLayout (package:flutter/src/rendering/proxy_box.dart:118:18)
#17     RenderObject.layout (package:flutter/src/rendering/object.dart:2768:7)
#18     RenderProxyBoxMixin.performLayout (package:flutter/src/rendering/proxy_box.dart:118:18)
#19     RenderObject.layout (package:flutter/src/rendering/object.dart:2768:7)
#20     RenderPadding.performLayout (package:flutter/src/rendering/shifted_box.dart:262:12)
#21     RenderObject.layout (package:flutter/src/rendering/object.dart:2768:7)
#22     RenderProxyBoxMixin.performLayout (package:flutter/src/rendering/proxy_box.dart:118:18)
#23     RenderCustomPaint.performLayout (package:flutter/src/rendering/custom_paint.dart:574:11)
#24     RenderObject.layout (package:flutter/src/rendering/object.dart:2768:7)
#25     _RenderLayoutBuilder.performLayout (package:flutter/src/widgets/layout_builder.dart:449:14)
#26     RenderObject.layout (package:flutter/src/rendering/object.dart:2768:7)
#27     RenderPadding.performLayout (package:flutter/src/rendering/shifted_box.dart:262:12)
#28     RenderObject.layout (package:flutter/src/rendering/object.dart:2768:7)
#29     RenderConstrainedBox.performLayout (package:flutter/src/rendering/proxy_box.dart:296:14)
#30     RenderObject.layout (package:flutter/src/rendering/object.dart:2768:7)
#31     RenderProxyBoxMixin.performLayout (package:flutter/src/rendering/proxy_box.dart:118:18)
#32     RenderObject.layout (package:flutter/src/rendering/object.dart:2768:7)
#33     RenderPadding.performLayout (package:flutter/src/rendering/shifted_box.dart:262:12)
#34     RenderObject.layout (package:flutter/src/rendering/object.dart:2768:7)
#35     MultiChildLayoutDelegate.layoutChild (package:flutter/src/rendering/custom_layout.dart:180:12)
#36     _ScaffoldLayout.performLayout (package:flutter/src/material/scaffold.dart:1111:7)
#37     MultiChildLayoutDelegate._callPerformLayout (package:flutter/src/rendering/custom_layout.dart:246:7)
#38     RenderCustomMultiChildLayoutBox.performLayout (package:flutter/src/rendering/custom_layout.dart:417:14)
#39     RenderObject._layoutWithoutResize (package:flutter/src/rendering/object.dart:2616:7)
#40     PipelineOwner.flushLayout (package:flutter/src/rendering/object.dart:1174:18)
#41     PipelineOwner.flushLayout (package:flutter/src/rendering/object.dart:1187:15)
#42     AutomatedTestWidgetsFlutterBinding.drawFrame (package:flutter_test/src/binding.dart:2133:27)
#43     RendererBinding._handlePersistentFrameCallback (package:flutter/src/rendering/binding.dart:495:5)
#44     SchedulerBinding._invokeFrameCallback (package:flutter/src/scheduler/binding.dart:1430:15)
#45     SchedulerBinding.handleDrawFrame (package:flutter/src/scheduler/binding.dart:1345:9)
#46     AutomatedTestWidgetsFlutterBinding.pump.<anonymous closure> (package:flutter_test/src/binding.dart:1960:9)
#49     TestAsyncUtils.guard (package:flutter_test/src/test_async_utils.dart:74:41)
#50     AutomatedTestWidgetsFlutterBinding.pump (package:flutter_test/src/binding.dart:1949:27)
#51     WidgetTester.pump.<anonymous closure> (package:flutter_test/src/widget_tester.dart:652:53)
#54     TestAsyncUtils.guard (package:flutter_test/src/test_async_utils.dart:74:41)
#55     WidgetTester.pump (package:flutter_test/src/widget_tester.dart:652:27)
#56     WidgetTester.showKeyboard.<anonymous closure> (package:flutter_test/src/widget_tester.dart:1136:13)
#59     TestAsyncUtils.guard (package:flutter_test/src/test_async_utils.dart:74:41)
#60     WidgetTester.showKeyboard (package:flutter_test/src/widget_tester.dart:1124:27)
#61     WidgetTester.enterText.<anonymous closure> (package:flutter_test/src/widget_tester.dart:1160:13)
#64     TestAsyncUtils.guard (package:flutter_test/src/test_async_utils.dart:74:41)
#65     WidgetTester.enterText (package:flutter_test/src/widget_tester.dart:1159:27)
#66     main.<anonymous closure> (file:///home/cdesbois/flutterApps/pcriteria/test/chip_text_interaction_test.dart:34:18)
<asynchronous suspension>
#67     testWidgets.<anonymous closure>.<anonymous closure> (package:flutter_test/src/widget_tester.dart:192:15)
<asynchronous suspension>
#68     TestWidgetsFlutterBinding._runTestBody (package:flutter_test/src/binding.dart:1682:5)
<asynchronous suspension>
<asynchronous suspension>
(elided 11 frames from class _AssertionError, dart:async, and package:stack_trace)

The following RenderObject was being processed when the exception was fired: RenderTapRegion#daf37 relayoutBoundary=up14 NEEDS-LAYOUT NEEDS-PAINT:
  needs compositing
  creator: TextFieldTapRegion ← MouseRegion ← TextField ← Row ← Listener ← RawGestureDetector ←
    GestureDetector ← Semantics ← DefaultSelectionStyle ← Builder ← MouseRegion ← Semantics ← ⋯
  parentData: <none> (can use size)
  constraints: BoxConstraints(0.0<=w<=Infinity, 0.0<=h<=38.0)
  size: MISSING
  behavior: deferToChild
  groupId: EditableText
This RenderObject had the following descendants (showing up to depth 5):
    child: RenderIgnorePointer#3aeb4 relayoutBoundary=up15 NEEDS-PAINT
      child: RenderSemanticsAnnotations#742d9 relayoutBoundary=up16 NEEDS-PAINT
        child: RenderPointerListener#fb2b6 relayoutBoundary=up17 NEEDS-PAINT
          child: _RenderDecoration#41cc7 relayoutBoundary=up18 NEEDS-PAINT
            input: RenderRepaintBoundary#8bbbd NEEDS-LAYOUT NEEDS-PAINT
            helperError: RenderConstrainedBox#51293 NEEDS-LAYOUT NEEDS-PAINT
            container: RenderCustomPaint#29e0c NEEDS-LAYOUT NEEDS-PAINT
════════════════════════════════════════════════════════════════════════════════════════════════════
══╡ EXCEPTION CAUGHT BY RENDERING LIBRARY ╞═════════════════════════════════════════════════════════
The following assertion was thrown during performLayout():
RenderBox was not laid out: RenderTapRegion#daf37 relayoutBoundary=up14 NEEDS-PAINT
'package:flutter/src/rendering/box.dart':
Failed assertion: line 2251 pos 12: 'hasSize'

Either the assertion indicates an error in the framework itself, or we should provide substantially
more information in this error message to help you determine and fix the underlying cause.
In either case, please report this assertion by filing a bug on GitHub:
  https://github.com/flutter/flutter/issues/new?template=02_bug.yml

The relevant error-causing widget was:
  TextField TextField:file:///home/cdesbois/flutterApps/pcriteria/lib/chips/chip_text.dart:54:13

When the exception was thrown, this was the stack:
#2      RenderBox.size (package:flutter/src/rendering/box.dart:2251:12)
#3      RenderProxyBoxMixin.performLayout (package:flutter/src/rendering/proxy_box.dart:118:62)
#4      RenderObject.layout (package:flutter/src/rendering/object.dart:2768:7)
#5      ChildLayoutHelper.layoutChild (package:flutter/src/rendering/layout_helper.dart:62:11)
#6      RenderFlex._computeSizes (package:flutter/src/rendering/flex.dart:1237:28)
#7      RenderFlex.performLayout (package:flutter/src/rendering/flex.dart:1329:32)
#8      RenderObject.layout (package:flutter/src/rendering/object.dart:2768:7)
#9      RenderProxyBoxMixin.performLayout (package:flutter/src/rendering/proxy_box.dart:118:18)
#10     RenderObject.layout (package:flutter/src/rendering/object.dart:2768:7)
#11     RenderProxyBoxMixin.performLayout (package:flutter/src/rendering/proxy_box.dart:118:18)
#12     RenderObject.layout (package:flutter/src/rendering/object.dart:2768:7)
#13     RenderProxyBoxMixin.performLayout (package:flutter/src/rendering/proxy_box.dart:118:18)
#14     RenderObject.layout (package:flutter/src/rendering/object.dart:2768:7)
#15     RenderProxyBoxMixin.performLayout (package:flutter/src/rendering/proxy_box.dart:118:18)
#16     RenderObject.layout (package:flutter/src/rendering/object.dart:2768:7)
#17     RenderPadding.performLayout (package:flutter/src/rendering/shifted_box.dart:262:12)
#18     RenderObject.layout (package:flutter/src/rendering/object.dart:2768:7)
#19     RenderProxyBoxMixin.performLayout (package:flutter/src/rendering/proxy_box.dart:118:18)
#20     RenderCustomPaint.performLayout (package:flutter/src/rendering/custom_paint.dart:574:11)
#21     RenderObject.layout (package:flutter/src/rendering/object.dart:2768:7)
#22     _RenderLayoutBuilder.performLayout (package:flutter/src/widgets/layout_builder.dart:449:14)
#23     RenderObject.layout (package:flutter/src/rendering/object.dart:2768:7)
#24     RenderPadding.performLayout (package:flutter/src/rendering/shifted_box.dart:262:12)
#25     RenderObject.layout (package:flutter/src/rendering/object.dart:2768:7)
#26     RenderConstrainedBox.performLayout (package:flutter/src/rendering/proxy_box.dart:296:14)
#27     RenderObject.layout (package:flutter/src/rendering/object.dart:2768:7)
#28     RenderProxyBoxMixin.performLayout (package:flutter/src/rendering/proxy_box.dart:118:18)
#29     RenderObject.layout (package:flutter/src/rendering/object.dart:2768:7)
#30     RenderPadding.performLayout (package:flutter/src/rendering/shifted_box.dart:262:12)
#31     RenderObject.layout (package:flutter/src/rendering/object.dart:2768:7)
#32     MultiChildLayoutDelegate.layoutChild (package:flutter/src/rendering/custom_layout.dart:180:12)
#33     _ScaffoldLayout.performLayout (package:flutter/src/material/scaffold.dart:1111:7)
#34     MultiChildLayoutDelegate._callPerformLayout (package:flutter/src/rendering/custom_layout.dart:246:7)
#35     RenderCustomMultiChildLayoutBox.performLayout (package:flutter/src/rendering/custom_layout.dart:417:14)
#36     RenderObject._layoutWithoutResize (package:flutter/src/rendering/object.dart:2616:7)
#37     PipelineOwner.flushLayout (package:flutter/src/rendering/object.dart:1174:18)
#38     PipelineOwner.flushLayout (package:flutter/src/rendering/object.dart:1187:15)
#39     AutomatedTestWidgetsFlutterBinding.drawFrame (package:flutter_test/src/binding.dart:2133:27)
#40     RendererBinding._handlePersistentFrameCallback (package:flutter/src/rendering/binding.dart:495:5)
#41     SchedulerBinding._invokeFrameCallback (package:flutter/src/scheduler/binding.dart:1430:15)
#42     SchedulerBinding.handleDrawFrame (package:flutter/src/scheduler/binding.dart:1345:9)
#43     AutomatedTestWidgetsFlutterBinding.pump.<anonymous closure> (package:flutter_test/src/binding.dart:1960:9)
#46     TestAsyncUtils.guard (package:flutter_test/src/test_async_utils.dart:74:41)
#47     AutomatedTestWidgetsFlutterBinding.pump (package:flutter_test/src/binding.dart:1949:27)
#48     WidgetTester.pump.<anonymous closure> (package:flutter_test/src/widget_tester.dart:652:53)
#51     TestAsyncUtils.guard (package:flutter_test/src/test_async_utils.dart:74:41)
#52     WidgetTester.pump (package:flutter_test/src/widget_tester.dart:652:27)
#53     WidgetTester.showKeyboard.<anonymous closure> (package:flutter_test/src/widget_tester.dart:1136:13)
#56     TestAsyncUtils.guard (package:flutter_test/src/test_async_utils.dart:74:41)
#57     WidgetTester.showKeyboard (package:flutter_test/src/widget_tester.dart:1124:27)
#58     WidgetTester.enterText.<anonymous closure> (package:flutter_test/src/widget_tester.dart:1160:13)
#61     TestAsyncUtils.guard (package:flutter_test/src/test_async_utils.dart:74:41)
#62     WidgetTester.enterText (package:flutter_test/src/widget_tester.dart:1159:27)
#63     main.<anonymous closure> (file:///home/cdesbois/flutterApps/pcriteria/test/chip_text_interaction_test.dart:34:18)
<asynchronous suspension>
#64     testWidgets.<anonymous closure>.<anonymous closure> (package:flutter_test/src/widget_tester.dart:192:15)
<asynchronous suspension>
#65     TestWidgetsFlutterBinding._runTestBody (package:flutter_test/src/binding.dart:1682:5)
<asynchronous suspension>
<asynchronous suspension>
(elided 11 frames from class _AssertionError, dart:async, and package:stack_trace)

The following RenderObject was being processed when the exception was fired: RenderMouseRegion#0cc0d relayoutBoundary=up13 NEEDS-LAYOUT NEEDS-PAINT:
  needs compositing
  creator: MouseRegion ← TextField ← Row ← Listener ← RawGestureDetector ← GestureDetector ← Semantics
    ← DefaultSelectionStyle ← Builder ← MouseRegion ← Semantics ← _FocusInheritedScope ← ⋯
  parentData: offset=Offset(0.0, 0.0); flex=null; fit=null (can use size)
  constraints: BoxConstraints(0.0<=w<=Infinity, 0.0<=h<=38.0)
  size: MISSING
  behavior: opaque
  listeners: enter, exit
  cursor: SystemMouseCursor(text)
This RenderObject had the following descendants (showing up to depth 5):
    child: RenderTapRegion#daf37 relayoutBoundary=up14 NEEDS-PAINT
      child: RenderIgnorePointer#3aeb4 relayoutBoundary=up15 NEEDS-PAINT
        child: RenderSemanticsAnnotations#742d9 relayoutBoundary=up16 NEEDS-PAINT
          child: RenderPointerListener#fb2b6 relayoutBoundary=up17 NEEDS-PAINT
            child: _RenderDecoration#41cc7 relayoutBoundary=up18 NEEDS-PAINT
════════════════════════════════════════════════════════════════════════════════════════════════════
══╡ EXCEPTION CAUGHT BY RENDERING LIBRARY ╞═════════════════════════════════════════════════════════
The following assertion was thrown during performLayout():
RenderBox was not laid out: RenderMouseRegion#0cc0d relayoutBoundary=up13 NEEDS-PAINT
'package:flutter/src/rendering/box.dart':
Failed assertion: line 2251 pos 12: 'hasSize'

Either the assertion indicates an error in the framework itself, or we should provide substantially
more information in this error message to help you determine and fix the underlying cause.
In either case, please report this assertion by filing a bug on GitHub:
  https://github.com/flutter/flutter/issues/new?template=02_bug.yml

The relevant error-causing widget was:
  Row Row:file:///home/cdesbois/flutterApps/pcriteria/lib/chips/chip_decorator.dart:39:14

When the exception was thrown, this was the stack:
#2      RenderBox.size (package:flutter/src/rendering/box.dart:2251:12)
#3      ChildLayoutHelper.layoutChild (package:flutter/src/rendering/layout_helper.dart:63:18)
#4      RenderFlex._computeSizes (package:flutter/src/rendering/flex.dart:1237:28)
#5      RenderFlex.performLayout (package:flutter/src/rendering/flex.dart:1329:32)
#6      RenderObject.layout (package:flutter/src/rendering/object.dart:2768:7)
#7      RenderProxyBoxMixin.performLayout (package:flutter/src/rendering/proxy_box.dart:118:18)
#8      RenderObject.layout (package:flutter/src/rendering/object.dart:2768:7)
#9      RenderProxyBoxMixin.performLayout (package:flutter/src/rendering/proxy_box.dart:118:18)
#10     RenderObject.layout (package:flutter/src/rendering/object.dart:2768:7)
#11     RenderProxyBoxMixin.performLayout (package:flutter/src/rendering/proxy_box.dart:118:18)
#12     RenderObject.layout (package:flutter/src/rendering/object.dart:2768:7)
#13     RenderProxyBoxMixin.performLayout (package:flutter/src/rendering/proxy_box.dart:118:18)
#14     RenderObject.layout (package:flutter/src/rendering/object.dart:2768:7)
#15     RenderPadding.performLayout (package:flutter/src/rendering/shifted_box.dart:262:12)
#16     RenderObject.layout (package:flutter/src/rendering/object.dart:2768:7)
#17     RenderProxyBoxMixin.performLayout (package:flutter/src/rendering/proxy_box.dart:118:18)
#18     RenderCustomPaint.performLayout (package:flutter/src/rendering/custom_paint.dart:574:11)
#19     RenderObject.layout (package:flutter/src/rendering/object.dart:2768:7)
#20     _RenderLayoutBuilder.performLayout (package:flutter/src/widgets/layout_builder.dart:449:14)
#21     RenderObject.layout (package:flutter/src/rendering/object.dart:2768:7)
#22     RenderPadding.performLayout (package:flutter/src/rendering/shifted_box.dart:262:12)
#23     RenderObject.layout (package:flutter/src/rendering/object.dart:2768:7)
#24     RenderConstrainedBox.performLayout (package:flutter/src/rendering/proxy_box.dart:296:14)
#25     RenderObject.layout (package:flutter/src/rendering/object.dart:2768:7)
#26     RenderProxyBoxMixin.performLayout (package:flutter/src/rendering/proxy_box.dart:118:18)
#27     RenderObject.layout (package:flutter/src/rendering/object.dart:2768:7)
#28     RenderPadding.performLayout (package:flutter/src/rendering/shifted_box.dart:262:12)
#29     RenderObject.layout (package:flutter/src/rendering/object.dart:2768:7)
#30     MultiChildLayoutDelegate.layoutChild (package:flutter/src/rendering/custom_layout.dart:180:12)
#31     _ScaffoldLayout.performLayout (package:flutter/src/material/scaffold.dart:1111:7)
#32     MultiChildLayoutDelegate._callPerformLayout (package:flutter/src/rendering/custom_layout.dart:246:7)
#33     RenderCustomMultiChildLayoutBox.performLayout (package:flutter/src/rendering/custom_layout.dart:417:14)
#34     RenderObject._layoutWithoutResize (package:flutter/src/rendering/object.dart:2616:7)
#35     PipelineOwner.flushLayout (package:flutter/src/rendering/object.dart:1174:18)
#36     PipelineOwner.flushLayout (package:flutter/src/rendering/object.dart:1187:15)
#37     AutomatedTestWidgetsFlutterBinding.drawFrame (package:flutter_test/src/binding.dart:2133:27)
#38     RendererBinding._handlePersistentFrameCallback (package:flutter/src/rendering/binding.dart:495:5)
#39     SchedulerBinding._invokeFrameCallback (package:flutter/src/scheduler/binding.dart:1430:15)
#40     SchedulerBinding.handleDrawFrame (package:flutter/src/scheduler/binding.dart:1345:9)
#41     AutomatedTestWidgetsFlutterBinding.pump.<anonymous closure> (package:flutter_test/src/binding.dart:1960:9)
#44     TestAsyncUtils.guard (package:flutter_test/src/test_async_utils.dart:74:41)
#45     AutomatedTestWidgetsFlutterBinding.pump (package:flutter_test/src/binding.dart:1949:27)
#46     WidgetTester.pump.<anonymous closure> (package:flutter_test/src/widget_tester.dart:652:53)
#49     TestAsyncUtils.guard (package:flutter_test/src/test_async_utils.dart:74:41)
#50     WidgetTester.pump (package:flutter_test/src/widget_tester.dart:652:27)
#51     WidgetTester.showKeyboard.<anonymous closure> (package:flutter_test/src/widget_tester.dart:1136:13)
#54     TestAsyncUtils.guard (package:flutter_test/src/test_async_utils.dart:74:41)
#55     WidgetTester.showKeyboard (package:flutter_test/src/widget_tester.dart:1124:27)
#56     WidgetTester.enterText.<anonymous closure> (package:flutter_test/src/widget_tester.dart:1160:13)
#59     TestAsyncUtils.guard (package:flutter_test/src/test_async_utils.dart:74:41)
#60     WidgetTester.enterText (package:flutter_test/src/widget_tester.dart:1159:27)
#61     main.<anonymous closure> (file:///home/cdesbois/flutterApps/pcriteria/test/chip_text_interaction_test.dart:34:18)
<asynchronous suspension>
#62     testWidgets.<anonymous closure>.<anonymous closure> (package:flutter_test/src/widget_tester.dart:192:15)
<asynchronous suspension>
#63     TestWidgetsFlutterBinding._runTestBody (package:flutter_test/src/binding.dart:1682:5)
<asynchronous suspension>
<asynchronous suspension>
(elided 11 frames from class _AssertionError, dart:async, and package:stack_trace)

The following RenderObject was being processed when the exception was fired: RenderFlex#110bf relayoutBoundary=up12 NEEDS-LAYOUT NEEDS-PAINT:
  needs compositing
  creator: Row ← Listener ← RawGestureDetector ← GestureDetector ← Semantics ← DefaultSelectionStyle ←
    Builder ← MouseRegion ← Semantics ← _FocusInheritedScope ← Focus ← _ActionsScope ← ⋯
  parentData: <none> (can use size)
  constraints: BoxConstraints(0.0<=w<=794.0, h=38.0)
  size: Size(161.5, 38.0)
  direction: horizontal
  mainAxisAlignment: start
  mainAxisSize: min
  crossAxisAlignment: center
  textDirection: ltr
  verticalDirection: down
  spacing: 0.0
This RenderObject had the following descendants (showing up to depth 5):
    child 1: RenderMouseRegion#bb030 relayoutBoundary=up13
      child: RenderSemanticsAnnotations#79e11 relayoutBoundary=up14
        child: RenderExcludeSemantics#801a3 relayoutBoundary=up15
          child: RenderConstrainedBox#20816 relayoutBoundary=up16
            child: RenderPositionedBox#9b9ea
    child 2: RenderConstrainedBox#89952 relayoutBoundary=up13
    child 3: RenderMouseRegion#0cc0d relayoutBoundary=up13 NEEDS-PAINT
      child: RenderTapRegion#daf37 relayoutBoundary=up14 NEEDS-PAINT
        child: RenderIgnorePointer#3aeb4 relayoutBoundary=up15 NEEDS-PAINT
          child: RenderSemanticsAnnotations#742d9 relayoutBoundary=up16 NEEDS-PAINT
            child: RenderPointerListener#fb2b6 relayoutBoundary=up17 NEEDS-PAINT
    child 4: RenderConstrainedBox#983e8 relayoutBoundary=up13
    child 5: RenderFlex#f1eab relayoutBoundary=up13
      child 1: RenderSemanticsAnnotations#2c824 relayoutBoundary=up14
        child: _RenderInputPadding#6bd23 relayoutBoundary=up15
          child: RenderConstrainedBox#9793c relayoutBoundary=up16
            child: RenderPhysicalShape#eb562 relayoutBoundary=up17
════════════════════════════════════════════════════════════════════════════════════════════════════
══╡ EXCEPTION CAUGHT BY RENDERING LIBRARY ╞═════════════════════════════════════════════════════════
The following assertion was thrown during paint():
RenderBox was not laid out: RenderRepaintBoundary#8bbbd NEEDS-LAYOUT NEEDS-PAINT
'package:flutter/src/rendering/box.dart':
Failed assertion: line 2251 pos 12: 'hasSize'

Either the assertion indicates an error in the framework itself, or we should provide substantially
more information in this error message to help you determine and fix the underlying cause.
In either case, please report this assertion by filing a bug on GitHub:
  https://github.com/flutter/flutter/issues/new?template=02_bug.yml

The relevant error-causing widget was:
  TextField TextField:file:///home/cdesbois/flutterApps/pcriteria/lib/chips/chip_text.dart:54:13

When the exception was thrown, this was the stack:
#2      RenderBox.size (package:flutter/src/rendering/box.dart:2251:12)
#3      RenderBox.paintBounds (package:flutter/src/rendering/box.dart:3109:41)
#4      PaintingContext._repaintCompositedChild (package:flutter/src/rendering/object.dart:179:56)
#5      PaintingContext.repaintCompositedChild (package:flutter/src/rendering/object.dart:125:5)
#6      PaintingContext._compositeChild (package:flutter/src/rendering/object.dart:276:7)
#7      PaintingContext.paintChild (package:flutter/src/rendering/object.dart:257:7)
#8      _RenderDecoration.paint.doPaint (package:flutter/src/material/input_decorator.dart:1598:17)
#9      _RenderDecoration.paint (package:flutter/src/material/input_decorator.dart:1667:5)
#10     RenderObject._paintWithContext (package:flutter/src/rendering/object.dart:3429:7)
#11     PaintingContext.paintChild (package:flutter/src/rendering/object.dart:265:13)
#12     RenderProxyBoxMixin.paint (package:flutter/src/rendering/proxy_box.dart:143:13)
#13     RenderObject._paintWithContext (package:flutter/src/rendering/object.dart:3429:7)
#14     PaintingContext.paintChild (package:flutter/src/rendering/object.dart:265:13)
#15     RenderProxyBoxMixin.paint (package:flutter/src/rendering/proxy_box.dart:143:13)
#16     RenderObject._paintWithContext (package:flutter/src/rendering/object.dart:3429:7)
#17     PaintingContext.paintChild (package:flutter/src/rendering/object.dart:265:13)
#18     RenderProxyBoxMixin.paint (package:flutter/src/rendering/proxy_box.dart:143:13)
#19     RenderObject._paintWithContext (package:flutter/src/rendering/object.dart:3429:7)
#20     PaintingContext.paintChild (package:flutter/src/rendering/object.dart:265:13)
#21     RenderProxyBoxMixin.paint (package:flutter/src/rendering/proxy_box.dart:143:13)
#22     RenderObject._paintWithContext (package:flutter/src/rendering/object.dart:3429:7)
#23     PaintingContext.paintChild (package:flutter/src/rendering/object.dart:265:13)
#24     RenderProxyBoxMixin.paint (package:flutter/src/rendering/proxy_box.dart:143:13)
#25     RenderObject._paintWithContext (package:flutter/src/rendering/object.dart:3429:7)
#26     PaintingContext.paintChild (package:flutter/src/rendering/object.dart:265:13)
#27     RenderBoxContainerDefaultsMixin.defaultPaint (package:flutter/src/rendering/box.dart:3368:15)
#28     RenderFlex.paint (package:flutter/src/rendering/flex.dart:1402:7)
#29     RenderObject._paintWithContext (package:flutter/src/rendering/object.dart:3429:7)
#30     PaintingContext.paintChild (package:flutter/src/rendering/object.dart:265:13)
#31     RenderProxyBoxMixin.paint (package:flutter/src/rendering/proxy_box.dart:143:13)
#32     RenderObject._paintWithContext (package:flutter/src/rendering/object.dart:3429:7)
#33     PaintingContext.paintChild (package:flutter/src/rendering/object.dart:265:13)
#34     RenderProxyBoxMixin.paint (package:flutter/src/rendering/proxy_box.dart:143:13)
#35     RenderObject._paintWithContext (package:flutter/src/rendering/object.dart:3429:7)
#36     PaintingContext.paintChild (package:flutter/src/rendering/object.dart:265:13)
#37     RenderProxyBoxMixin.paint (package:flutter/src/rendering/proxy_box.dart:143:13)
#38     RenderObject._paintWithContext (package:flutter/src/rendering/object.dart:3429:7)
#39     PaintingContext.paintChild (package:flutter/src/rendering/object.dart:265:13)
#40     RenderProxyBoxMixin.paint (package:flutter/src/rendering/proxy_box.dart:143:13)
#41     RenderObject._paintWithContext (package:flutter/src/rendering/object.dart:3429:7)
#42     PaintingContext.paintChild (package:flutter/src/rendering/object.dart:265:13)
#43     RenderShiftedBox.paint (package:flutter/src/rendering/shifted_box.dart:98:15)
#44     RenderObject._paintWithContext (package:flutter/src/rendering/object.dart:3429:7)
#45     PaintingContext.paintChild (package:flutter/src/rendering/object.dart:265:13)
#46     RenderProxyBoxMixin.paint (package:flutter/src/rendering/proxy_box.dart:143:13)
#47     RenderCustomPaint.paint (package:flutter/src/rendering/custom_paint.dart:644:11)
#48     RenderObject._paintWithContext (package:flutter/src/rendering/object.dart:3429:7)
#49     PaintingContext.paintChild (package:flutter/src/rendering/object.dart:265:13)
#50     _RenderLayoutBuilder.paint (package:flutter/src/widgets/layout_builder.dart:470:15)
#51     RenderObject._paintWithContext (package:flutter/src/rendering/object.dart:3429:7)
#52     PaintingContext.paintChild (package:flutter/src/rendering/object.dart:265:13)
#53     RenderShiftedBox.paint (package:flutter/src/rendering/shifted_box.dart:98:15)
#54     RenderObject._paintWithContext (package:flutter/src/rendering/object.dart:3429:7)
#55     PaintingContext.paintChild (package:flutter/src/rendering/object.dart:265:13)
#56     RenderProxyBoxMixin.paint (package:flutter/src/rendering/proxy_box.dart:143:13)
#57     RenderObject._paintWithContext (package:flutter/src/rendering/object.dart:3429:7)
#58     PaintingContext.paintChild (package:flutter/src/rendering/object.dart:265:13)
#59     RenderProxyBoxMixin.paint (package:flutter/src/rendering/proxy_box.dart:143:13)
#60     RenderOpacity.paint (package:flutter/src/rendering/proxy_box.dart:952:11)
#61     RenderObject._paintWithContext (package:flutter/src/rendering/object.dart:3429:7)
#62     PaintingContext._repaintCompositedChild (package:flutter/src/rendering/object.dart:180:11)
#63     PaintingContext.repaintCompositedChild (package:flutter/src/rendering/object.dart:125:5)
#64     PipelineOwner.flushPaint (package:flutter/src/rendering/object.dart:1325:31)
#65     PipelineOwner.flushPaint (package:flutter/src/rendering/object.dart:1335:15)
#66     AutomatedTestWidgetsFlutterBinding.drawFrame (package:flutter_test/src/binding.dart:2137:31)
#67     RendererBinding._handlePersistentFrameCallback (package:flutter/src/rendering/binding.dart:495:5)
#68     SchedulerBinding._invokeFrameCallback (package:flutter/src/scheduler/binding.dart:1430:15)
#69     SchedulerBinding.handleDrawFrame (package:flutter/src/scheduler/binding.dart:1345:9)
#70     AutomatedTestWidgetsFlutterBinding.pump.<anonymous closure> (package:flutter_test/src/binding.dart:1960:9)
#73     TestAsyncUtils.guard (package:flutter_test/src/test_async_utils.dart:74:41)
#74     AutomatedTestWidgetsFlutterBinding.pump (package:flutter_test/src/binding.dart:1949:27)
#75     WidgetTester.pump.<anonymous closure> (package:flutter_test/src/widget_tester.dart:652:53)
#78     TestAsyncUtils.guard (package:flutter_test/src/test_async_utils.dart:74:41)
#79     WidgetTester.pump (package:flutter_test/src/widget_tester.dart:652:27)
#80     WidgetTester.showKeyboard.<anonymous closure> (package:flutter_test/src/widget_tester.dart:1136:13)
#83     TestAsyncUtils.guard (package:flutter_test/src/test_async_utils.dart:74:41)
#84     WidgetTester.showKeyboard (package:flutter_test/src/widget_tester.dart:1124:27)
#85     WidgetTester.enterText.<anonymous closure> (package:flutter_test/src/widget_tester.dart:1160:13)
#88     TestAsyncUtils.guard (package:flutter_test/src/test_async_utils.dart:74:41)
#89     WidgetTester.enterText (package:flutter_test/src/widget_tester.dart:1159:27)
#90     main.<anonymous closure> (file:///home/cdesbois/flutterApps/pcriteria/test/chip_text_interaction_test.dart:34:18)
<asynchronous suspension>
#91     testWidgets.<anonymous closure>.<anonymous closure> (package:flutter_test/src/widget_tester.dart:192:15)
<asynchronous suspension>
#92     TestWidgetsFlutterBinding._runTestBody (package:flutter_test/src/binding.dart:1682:5)
<asynchronous suspension>
<asynchronous suspension>
(elided 11 frames from class _AssertionError, dart:async, and package:stack_trace)

The following RenderObject was being processed when the exception was fired: _RenderDecoration#41cc7 relayoutBoundary=up18:
  needs compositing
  creator: _Decorator ← InputDecorator ← AnimatedBuilder ← Listener ← RawGestureDetector ←
    TextSelectionGestureDetector ← Semantics ← AnimatedBuilder ← IgnorePointer ← TextFieldTapRegion ←
    MouseRegion ← TextField ← ⋯
  parentData: <none> (can use size)
  constraints: BoxConstraints(0.0<=w<=Infinity, 0.0<=h<=38.0)
  size: MISSING
This RenderObject had the following descendants (showing up to depth 5):
    input: RenderRepaintBoundary#8bbbd NEEDS-LAYOUT NEEDS-PAINT
      child: _RenderCompositionCallback#2e715 NEEDS-LAYOUT NEEDS-PAINT
        child: RenderTapRegion#1830f NEEDS-LAYOUT NEEDS-PAINT
          child: RenderMouseRegion#13cb7 NEEDS-LAYOUT NEEDS-PAINT
            child: RenderPointerListener#6460e NEEDS-LAYOUT NEEDS-PAINT
    helperError: RenderConstrainedBox#51293 NEEDS-LAYOUT NEEDS-PAINT
    container: RenderCustomPaint#29e0c NEEDS-LAYOUT NEEDS-PAINT
════════════════════════════════════════════════════════════════════════════════════════════════════
══╡ EXCEPTION CAUGHT BY SCHEDULER LIBRARY ╞═════════════════════════════════════════════════════════
The following assertion was thrown during a scheduler callback:
'package:flutter/src/rendering/object.dart': Failed assertion: line 5737 pos 14:
'!childSemantics.renderObject._needsLayout': is not true.

Either the assertion indicates an error in the framework itself, or we should provide substantially
more information in this error message to help you determine and fix the underlying cause.
In either case, please report this assertion by filing a bug on GitHub:
  https://github.com/flutter/flutter/issues/new?template=02_bug.yml

When the exception was thrown, this was the stack:
#2      _RenderObjectSemantics._collectChildMergeUpAndSiblingGroup (package:flutter/src/rendering/object.dart:5737:14)
#3      _RenderObjectSemantics.updateChildren (package:flutter/src/rendering/object.dart:5608:50)
#4      _RenderObjectSemantics._didUpdateParentData (package:flutter/src/rendering/object.dart:5815:5)
#5      _RenderObjectSemantics._collectChildMergeUpAndSiblingGroup (package:flutter/src/rendering/object.dart:5738:22)
#6      _RenderObjectSemantics.updateChildren (package:flutter/src/rendering/object.dart:5608:50)
#7      _RenderObjectSemantics._didUpdateParentData (package:flutter/src/rendering/object.dart:5815:5)
#8      _RenderObjectSemantics._collectChildMergeUpAndSiblingGroup (package:flutter/src/rendering/object.dart:5738:22)
#9      _RenderObjectSemantics.updateChildren (package:flutter/src/rendering/object.dart:5608:50)
#10     _RenderObjectSemantics._didUpdateParentData (package:flutter/src/rendering/object.dart:5815:5)
#11     _RenderObjectSemantics._collectChildMergeUpAndSiblingGroup (package:flutter/src/rendering/object.dart:5738:22)
#12     _RenderObjectSemantics.updateChildren (package:flutter/src/rendering/object.dart:5608:50)
#13     _RenderObjectSemantics._didUpdateParentData (package:flutter/src/rendering/object.dart:5815:5)
#14     _RenderObjectSemantics._collectChildMergeUpAndSiblingGroup (package:flutter/src/rendering/object.dart:5738:22)
#15     _RenderObjectSemantics.updateChildren (package:flutter/src/rendering/object.dart:5608:50)
#16     _RenderObjectSemantics._didUpdateParentData (package:flutter/src/rendering/object.dart:5815:5)
#17     _RenderObjectSemantics._collectChildMergeUpAndSiblingGroup (package:flutter/src/rendering/object.dart:5738:22)
#18     _RenderObjectSemantics.updateChildren (package:flutter/src/rendering/object.dart:5608:50)
#19     _RenderObjectSemantics._didUpdateParentData (package:flutter/src/rendering/object.dart:5815:5)
#20     _RenderObjectSemantics._collectChildMergeUpAndSiblingGroup (package:flutter/src/rendering/object.dart:5738:22)
#21     _RenderObjectSemantics.updateChildren (package:flutter/src/rendering/object.dart:5608:50)
#22     _RenderObjectSemantics._didUpdateParentData (package:flutter/src/rendering/object.dart:5815:5)
#23     _RenderObjectSemantics._collectChildMergeUpAndSiblingGroup (package:flutter/src/rendering/object.dart:5738:22)
#24     _RenderObjectSemantics.updateChildren (package:flutter/src/rendering/object.dart:5608:50)
#25     _RenderObjectSemantics._didUpdateParentData (package:flutter/src/rendering/object.dart:5815:5)
#26     _RenderObjectSemantics._collectChildMergeUpAndSiblingGroup (package:flutter/src/rendering/object.dart:5738:22)
#27     _RenderObjectSemantics.updateChildren (package:flutter/src/rendering/object.dart:5608:50)
#28     _RenderObjectSemantics._didUpdateParentData (package:flutter/src/rendering/object.dart:5815:5)
#29     _RenderObjectSemantics._collectChildMergeUpAndSiblingGroup (package:flutter/src/rendering/object.dart:5738:22)
#30     _RenderObjectSemantics.updateChildren (package:flutter/src/rendering/object.dart:5608:50)
#31     _RenderObjectSemantics._didUpdateParentData (package:flutter/src/rendering/object.dart:5815:5)
#32     _RenderObjectSemantics._collectChildMergeUpAndSiblingGroup (package:flutter/src/rendering/object.dart:5738:22)
#33     _RenderObjectSemantics.updateChildren (package:flutter/src/rendering/object.dart:5608:50)
#34     _RenderObjectSemantics._didUpdateParentData (package:flutter/src/rendering/object.dart:5815:5)
#35     _RenderObjectSemantics._collectChildMergeUpAndSiblingGroup (package:flutter/src/rendering/object.dart:5738:22)
#36     _RenderObjectSemantics.updateChildren (package:flutter/src/rendering/object.dart:5608:50)
#37     _RenderObjectSemantics._didUpdateParentData (package:flutter/src/rendering/object.dart:5815:5)
#38     _RenderObjectSemantics._collectChildMergeUpAndSiblingGroup (package:flutter/src/rendering/object.dart:5738:22)
#39     _RenderObjectSemantics.updateChildren (package:flutter/src/rendering/object.dart:5608:50)
#40     _RenderObjectSemantics._didUpdateParentData (package:flutter/src/rendering/object.dart:5815:5)
#41     _RenderObjectSemantics._collectChildMergeUpAndSiblingGroup (package:flutter/src/rendering/object.dart:5738:22)
#42     _RenderObjectSemantics.updateChildren (package:flutter/src/rendering/object.dart:5608:50)
#43     _RenderObjectSemantics._didUpdateParentData (package:flutter/src/rendering/object.dart:5815:5)
#44     _RenderObjectSemantics._collectChildMergeUpAndSiblingGroup (package:flutter/src/rendering/object.dart:5738:22)
#45     _RenderObjectSemantics.updateChildren (package:flutter/src/rendering/object.dart:5608:50)
#46     _RenderObjectSemantics._didUpdateParentData (package:flutter/src/rendering/object.dart:5815:5)
#47     _RenderObjectSemantics._collectChildMergeUpAndSiblingGroup (package:flutter/src/rendering/object.dart:5738:22)
#48     _RenderObjectSemantics.updateChildren (package:flutter/src/rendering/object.dart:5608:50)
#49     _RenderObjectSemantics._didUpdateParentData (package:flutter/src/rendering/object.dart:5815:5)
#50     _RenderObjectSemantics._collectChildMergeUpAndSiblingGroup (package:flutter/src/rendering/object.dart:5738:22)
#51     _RenderObjectSemantics.updateChildren (package:flutter/src/rendering/object.dart:5608:50)
#52     _RenderObjectSemantics._didUpdateParentData (package:flutter/src/rendering/object.dart:5815:5)
#53     _RenderObjectSemantics._collectChildMergeUpAndSiblingGroup (package:flutter/src/rendering/object.dart:5738:22)
#54     _RenderObjectSemantics.updateChildren (package:flutter/src/rendering/object.dart:5608:50)
#55     _RenderObjectSemantics._didUpdateParentData (package:flutter/src/rendering/object.dart:5815:5)
#56     _RenderObjectSemantics._collectChildMergeUpAndSiblingGroup (package:flutter/src/rendering/object.dart:5738:22)
#57     _RenderObjectSemantics.updateChildren (package:flutter/src/rendering/object.dart:5608:50)
#58     _RenderObjectSemantics._didUpdateParentData (package:flutter/src/rendering/object.dart:5815:5)
#59     _RenderObjectSemantics._collectChildMergeUpAndSiblingGroup (package:flutter/src/rendering/object.dart:5738:22)
#60     _RenderObjectSemantics.updateChildren (package:flutter/src/rendering/object.dart:5608:50)
#61     _RenderObjectSemantics._didUpdateParentData (package:flutter/src/rendering/object.dart:5815:5)
#62     _RenderObjectSemantics._collectChildMergeUpAndSiblingGroup (package:flutter/src/rendering/object.dart:5738:22)
#63     _RenderObjectSemantics.updateChildren (package:flutter/src/rendering/object.dart:5608:50)
#64     _RenderObjectSemantics._didUpdateParentData (package:flutter/src/rendering/object.dart:5815:5)
#65     _RenderObjectSemantics._collectChildMergeUpAndSiblingGroup (package:flutter/src/rendering/object.dart:5738:22)
#66     _RenderObjectSemantics.updateChildren (package:flutter/src/rendering/object.dart:5608:50)
#67     _RenderObjectSemantics._didUpdateParentData (package:flutter/src/rendering/object.dart:5815:5)
#68     _RenderObjectSemantics._collectChildMergeUpAndSiblingGroup (package:flutter/src/rendering/object.dart:5738:22)
#69     _RenderObjectSemantics.updateChildren (package:flutter/src/rendering/object.dart:5608:50)
#70     _RenderObjectSemantics._didUpdateParentData (package:flutter/src/rendering/object.dart:5815:5)
#71     _RenderObjectSemantics._collectChildMergeUpAndSiblingGroup (package:flutter/src/rendering/object.dart:5738:22)
#72     _RenderObjectSemantics.updateChildren (package:flutter/src/rendering/object.dart:5608:50)
#73     _RenderObjectSemantics._didUpdateParentData (package:flutter/src/rendering/object.dart:5815:5)
#74     _RenderObjectSemantics._collectChildMergeUpAndSiblingGroup (package:flutter/src/rendering/object.dart:5738:22)
#75     _RenderObjectSemantics.updateChildren (package:flutter/src/rendering/object.dart:5608:50)
#76     _RenderObjectSemantics._didUpdateParentData (package:flutter/src/rendering/object.dart:5815:5)
#77     _RenderObjectSemantics._collectChildMergeUpAndSiblingGroup (package:flutter/src/rendering/object.dart:5738:22)
#78     _RenderObjectSemantics.updateChildren (package:flutter/src/rendering/object.dart:5608:50)
#79     _RenderObjectSemantics._didUpdateParentData (package:flutter/src/rendering/object.dart:5815:5)
#80     _RenderObjectSemantics._collectChildMergeUpAndSiblingGroup (package:flutter/src/rendering/object.dart:5738:22)
#81     _RenderObjectSemantics.updateChildren (package:flutter/src/rendering/object.dart:5608:50)
#82     _RenderObjectSemantics._didUpdateParentData (package:flutter/src/rendering/object.dart:5815:5)
#83     _RenderObjectSemantics._collectChildMergeUpAndSiblingGroup (package:flutter/src/rendering/object.dart:5738:22)
#84     _RenderObjectSemantics.updateChildren (package:flutter/src/rendering/object.dart:5608:50)
#85     _RenderObjectSemantics._didUpdateParentData (package:flutter/src/rendering/object.dart:5815:5)
#86     _RenderObjectSemantics._collectChildMergeUpAndSiblingGroup (package:flutter/src/rendering/object.dart:5738:22)
#87     _RenderObjectSemantics.updateChildren (package:flutter/src/rendering/object.dart:5608:50)
#88     _RenderObjectSemantics._didUpdateParentData (package:flutter/src/rendering/object.dart:5815:5)
#89     _RenderObjectSemantics._collectChildMergeUpAndSiblingGroup (package:flutter/src/rendering/object.dart:5738:22)
#90     _RenderObjectSemantics.updateChildren (package:flutter/src/rendering/object.dart:5608:50)
#91     _RenderObjectSemantics._didUpdateParentData (package:flutter/src/rendering/object.dart:5815:5)
#92     _RenderObjectSemantics._collectChildMergeUpAndSiblingGroup (package:flutter/src/rendering/object.dart:5738:22)
#93     _RenderObjectSemantics.updateChildren (package:flutter/src/rendering/object.dart:5608:50)
#94     _RenderObjectSemantics._didUpdateParentData (package:flutter/src/rendering/object.dart:5815:5)
#95     _RenderObjectSemantics._collectChildMergeUpAndSiblingGroup (package:flutter/src/rendering/object.dart:5738:22)
#96     _RenderObjectSemantics.updateChildren (package:flutter/src/rendering/object.dart:5608:50)
#97     _RenderObjectSemantics._didUpdateParentData (package:flutter/src/rendering/object.dart:5815:5)
#98     _RenderObjectSemantics._collectChildMergeUpAndSiblingGroup (package:flutter/src/rendering/object.dart:5738:22)
#99     _RenderObjectSemantics.updateChildren (package:flutter/src/rendering/object.dart:5608:50)
#100    _RenderObjectSemantics._didUpdateParentData (package:flutter/src/rendering/object.dart:5815:5)
#101    _RenderObjectSemantics._collectChildMergeUpAndSiblingGroup (package:flutter/src/rendering/object.dart:5738:22)
#102    _RenderObjectSemantics.updateChildren (package:flutter/src/rendering/object.dart:5608:50)
#103    _RenderObjectSemantics._didUpdateParentData (package:flutter/src/rendering/object.dart:5815:5)
#104    _RenderObjectSemantics._collectChildMergeUpAndSiblingGroup (package:flutter/src/rendering/object.dart:5738:22)
#105    _RenderObjectSemantics.updateChildren (package:flutter/src/rendering/object.dart:5608:50)
#106    _RenderObjectSemantics._didUpdateParentData (package:flutter/src/rendering/object.dart:5815:5)
#107    _RenderObjectSemantics._collectChildMergeUpAndSiblingGroup (package:flutter/src/rendering/object.dart:5738:22)
#108    _RenderObjectSemantics.updateChildren (package:flutter/src/rendering/object.dart:5608:50)
#109    _RenderObjectSemantics._didUpdateParentData (package:flutter/src/rendering/object.dart:5815:5)
#110    _RenderObjectSemantics._collectChildMergeUpAndSiblingGroup (package:flutter/src/rendering/object.dart:5738:22)
#111    _RenderObjectSemantics.updateChildren (package:flutter/src/rendering/object.dart:5608:50)
#112    _RenderObjectSemantics._didUpdateParentData (package:flutter/src/rendering/object.dart:5815:5)
#113    _RenderObjectSemantics._collectChildMergeUpAndSiblingGroup (package:flutter/src/rendering/object.dart:5738:22)
#114    _RenderObjectSemantics.updateChildren (package:flutter/src/rendering/object.dart:5608:50)
#115    _RenderObjectSemantics._didUpdateParentData (package:flutter/src/rendering/object.dart:5815:5)
#116    _RenderObjectSemantics._collectChildMergeUpAndSiblingGroup (package:flutter/src/rendering/object.dart:5738:22)
#117    _RenderObjectSemantics.updateChildren (package:flutter/src/rendering/object.dart:5608:50)
#118    _RenderObjectSemantics._didUpdateParentData (package:flutter/src/rendering/object.dart:5815:5)
#119    _RenderObjectSemantics._collectChildMergeUpAndSiblingGroup (package:flutter/src/rendering/object.dart:5738:22)
#120    _RenderObjectSemantics.updateChildren (package:flutter/src/rendering/object.dart:5608:50)
#121    _RenderObjectSemantics._didUpdateParentData (package:flutter/src/rendering/object.dart:5815:5)
#122    _RenderObjectSemantics._collectChildMergeUpAndSiblingGroup (package:flutter/src/rendering/object.dart:5738:22)
#123    _RenderObjectSemantics.updateChildren (package:flutter/src/rendering/object.dart:5608:50)
#124    _RenderObjectSemantics._didUpdateParentData (package:flutter/src/rendering/object.dart:5815:5)
#125    _RenderObjectSemantics._collectChildMergeUpAndSiblingGroup (package:flutter/src/rendering/object.dart:5738:22)
#126    _RenderObjectSemantics.updateChildren (package:flutter/src/rendering/object.dart:5608:50)
#127    _RenderObjectSemantics._didUpdateParentData (package:flutter/src/rendering/object.dart:5815:5)
#128    _RenderObjectSemantics._collectChildMergeUpAndSiblingGroup (package:flutter/src/rendering/object.dart:5738:22)
#129    _RenderObjectSemantics.updateChildren (package:flutter/src/rendering/object.dart:5608:50)
#130    _RenderObjectSemantics._didUpdateParentData (package:flutter/src/rendering/object.dart:5815:5)
#131    _RenderObjectSemantics._collectChildMergeUpAndSiblingGroup (package:flutter/src/rendering/object.dart:5738:22)
#132    _RenderObjectSemantics.updateChildren (package:flutter/src/rendering/object.dart:5608:50)
#133    _RenderObjectSemantics._didUpdateParentData (package:flutter/src/rendering/object.dart:5815:5)
#134    _RenderObjectSemantics._collectChildMergeUpAndSiblingGroup (package:flutter/src/rendering/object.dart:5738:22)
#135    _RenderObjectSemantics.updateChildren (package:flutter/src/rendering/object.dart:5608:50)
#136    _RenderObjectSemantics._didUpdateParentData (package:flutter/src/rendering/object.dart:5815:5)
#137    _RenderObjectSemantics._collectChildMergeUpAndSiblingGroup (package:flutter/src/rendering/object.dart:5738:22)
#138    _RenderObjectSemantics.updateChildren (package:flutter/src/rendering/object.dart:5608:50)
#139    _RenderObjectSemantics._didUpdateParentData (package:flutter/src/rendering/object.dart:5815:5)
#140    _RenderObjectSemantics._collectChildMergeUpAndSiblingGroup (package:flutter/src/rendering/object.dart:5738:22)
#141    _RenderObjectSemantics.updateChildren (package:flutter/src/rendering/object.dart:5608:50)
#142    _RenderObjectSemantics._didUpdateParentData (package:flutter/src/rendering/object.dart:5815:5)
#143    _RenderObjectSemantics._collectChildMergeUpAndSiblingGroup (package:flutter/src/rendering/object.dart:5738:22)
#144    _RenderObjectSemantics.updateChildren (package:flutter/src/rendering/object.dart:5608:50)
#145    _RenderObjectSemantics._didUpdateParentData (package:flutter/src/rendering/object.dart:5815:5)
#146    _RenderObjectSemantics._collectChildMergeUpAndSiblingGroup (package:flutter/src/rendering/object.dart:5738:22)
#147    _RenderObjectSemantics.updateChildren (package:flutter/src/rendering/object.dart:5608:50)
#148    _RenderObjectSemantics._didUpdateParentData (package:flutter/src/rendering/object.dart:5815:5)
#149    _RenderObjectSemantics._collectChildMergeUpAndSiblingGroup (package:flutter/src/rendering/object.dart:5738:22)
#150    _RenderObjectSemantics.updateChildren (package:flutter/src/rendering/object.dart:5608:50)
#151    PipelineOwner.flushSemantics (package:flutter/src/rendering/object.dart:1473:25)
#152    PipelineOwner.flushSemantics (package:flutter/src/rendering/object.dart:1518:15)
#153    AutomatedTestWidgetsFlutterBinding.drawFrame (package:flutter_test/src/binding.dart:2144:35)
#154    RendererBinding._handlePersistentFrameCallback (package:flutter/src/rendering/binding.dart:495:5)
#155    SchedulerBinding._invokeFrameCallback (package:flutter/src/scheduler/binding.dart:1430:15)
#156    SchedulerBinding.handleDrawFrame (package:flutter/src/scheduler/binding.dart:1345:9)
#157    AutomatedTestWidgetsFlutterBinding.pump.<anonymous closure> (package:flutter_test/src/binding.dart:1960:9)
#160    TestAsyncUtils.guard (package:flutter_test/src/test_async_utils.dart:74:41)
#161    AutomatedTestWidgetsFlutterBinding.pump (package:flutter_test/src/binding.dart:1949:27)
#162    WidgetTester.pump.<anonymous closure> (package:flutter_test/src/widget_tester.dart:652:53)
#165    TestAsyncUtils.guard (package:flutter_test/src/test_async_utils.dart:74:41)
#166    WidgetTester.pump (package:flutter_test/src/widget_tester.dart:652:27)
#167    WidgetTester.showKeyboard.<anonymous closure> (package:flutter_test/src/widget_tester.dart:1136:13)
#170    TestAsyncUtils.guard (package:flutter_test/src/test_async_utils.dart:74:41)
#171    WidgetTester.showKeyboard (package:flutter_test/src/widget_tester.dart:1124:27)
#172    WidgetTester.enterText.<anonymous closure> (package:flutter_test/src/widget_tester.dart:1160:13)
#175    TestAsyncUtils.guard (package:flutter_test/src/test_async_utils.dart:74:41)
#176    WidgetTester.enterText (package:flutter_test/src/widget_tester.dart:1159:27)
#177    main.<anonymous closure> (file:///home/cdesbois/flutterApps/pcriteria/test/chip_text_interaction_test.dart:34:18)
<asynchronous suspension>
#178    testWidgets.<anonymous closure>.<anonymous closure> (package:flutter_test/src/widget_tester.dart:192:15)
<asynchronous suspension>
#179    TestWidgetsFlutterBinding._runTestBody (package:flutter_test/src/binding.dart:1682:5)
<asynchronous suspension>
<asynchronous suspension>
(elided 11 frames from class _AssertionError, dart:async, and package:stack_trace)
════════════════════════════════════════════════════════════════════════════════════════════════════
══╡ EXCEPTION CAUGHT BY SERVICES LIBRARY ╞══════════════════════════════════════════════════════════
The following StateError was thrown during method call TextInputClient.updateEditingState:
Bad state: A RenderObject does not have any constraints before it has been laid out.

When the exception was thrown, this was the stack:
#0      RenderObject.constraints (package:flutter/src/rendering/object.dart:2441:7)
#1      RenderBox.constraints (package:flutter/src/rendering/box.dart:2558:43)
#2      RenderEditable._computeTextMetricsIfNeeded (package:flutter/src/rendering/editable.dart:2308:17)
#3      RenderEditable.getEndpointsForSelection (package:flutter/src/rendering/editable.dart:1734:5)
#4      TextSelectionOverlay._updateSelectionOverlay (package:flutter/src/widgets/text_selection.dart:558:43)
#5      TextSelectionOverlay.showHandles (package:flutter/src/widgets/text_selection.dart:452:5)
#6      EditableTextState._handleSelectionChanged (package:flutter/src/widgets/editable_text.dart:4346:26)
#7      EditableTextState._formatAndSetValue (package:flutter/src/widgets/editable_text.dart:4573:7)
#8      EditableTextState.updateEditingValue (package:flutter/src/widgets/editable_text.dart:3549:7)
#9      TextInput._updateEditingValue (package:flutter/src/services/text_input.dart:2256:43)
#10     TextInput._handleTextInputInvocation (package:flutter/src/services/text_input.dart:2090:29)
#11     TextInput._loudlyHandleTextInputInvocation (package:flutter/src/services/text_input.dart:1973:20)
#12     MethodChannel._handleAsMethodCall (package:flutter/src/services/platform_channel.dart:607:55)
#13     MethodChannel.setMethodCallHandler.<anonymous closure> (package:flutter/src/services/platform_channel.dart:597:55)
#14     TestDefaultBinaryMessenger.handlePlatformMessage (package:flutter_test/src/test_default_binary_messenger.dart:99:42)
#15     TestTextInput.updateEditingValue (package:flutter_test/src/test_text_input.dart:211:71)
#16     TestTextInput.enterText (package:flutter_test/src/test_text_input.dart:187:5)
#17     WidgetTester.enterText.<anonymous closure> (package:flutter_test/src/widget_tester.dart:1161:21)
<asynchronous suspension>
#18     TestAsyncUtils.guard.<anonymous closure> (package:flutter_test/src/test_async_utils.dart:130:27)
<asynchronous suspension>
#19     main.<anonymous closure> (file:///home/cdesbois/flutterApps/pcriteria/test/chip_text_interaction_test.dart:34:5)
<asynchronous suspension>
#20     testWidgets.<anonymous closure>.<anonymous closure> (package:flutter_test/src/widget_tester.dart:192:15)
<asynchronous suspension>
#21     TestWidgetsFlutterBinding._runTestBody (package:flutter_test/src/binding.dart:1682:5)
<asynchronous suspension>
<asynchronous suspension>
(elided one frame from package:stack_trace)

call:
  MethodCall(TextInputClient.updateEditingState, [1, {text: Hello, selectionBase: 5,
  selectionExtent: 5, selectionAffinity: TextAffinity.downstream, selectionIsDirectional: false,
  composingBase: -1, composingExtent: -1}])
════════════════════════════════════════════════════════════════════════════════════════════════════
══╡ EXCEPTION CAUGHT BY RENDERING LIBRARY ╞═════════════════════════════════════════════════════════
The following assertion was thrown during performLayout():
An InputDecorator, which is typically created by a TextField, cannot have an unbounded width.
This happens when the parent widget does not provide a finite width constraint. For example, if the
InputDecorator is contained by a Row, then its width must be constrained. An Expanded widget or a
SizedBox can be used to constrain the width of the InputDecorator or the TextField that contains it.
'package:flutter/src/material/input_decorator.dart':
Failed assertion: line 962 pos 7: 'constraints.maxWidth < double.infinity'

Either the assertion indicates an error in the framework itself, or we should provide substantially
more information in this error message to help you determine and fix the underlying cause.
In either case, please report this assertion by filing a bug on GitHub:
  https://github.com/flutter/flutter/issues/new?template=02_bug.yml

The relevant error-causing widget was:
  TextField TextField:file:///home/cdesbois/flutterApps/pcriteria/lib/chips/chip_text.dart:54:13

When the exception was thrown, this was the stack:
#2      _RenderDecoration._layout (package:flutter/src/material/input_decorator.dart:962:7)
#3      _RenderDecoration.performLayout (package:flutter/src/material/input_decorator.dart:1388:44)
#4      RenderObject.layout (package:flutter/src/rendering/object.dart:2768:7)
#5      RenderProxyBoxMixin.performLayout (package:flutter/src/rendering/proxy_box.dart:118:18)
#6      RenderObject.layout (package:flutter/src/rendering/object.dart:2768:7)
#7      RenderProxyBoxMixin.performLayout (package:flutter/src/rendering/proxy_box.dart:118:18)
#8      RenderObject.layout (package:flutter/src/rendering/object.dart:2768:7)
#9      RenderProxyBoxMixin.performLayout (package:flutter/src/rendering/proxy_box.dart:118:18)
#10     RenderObject.layout (package:flutter/src/rendering/object.dart:2768:7)
#11     RenderProxyBoxMixin.performLayout (package:flutter/src/rendering/proxy_box.dart:118:18)
#12     RenderObject.layout (package:flutter/src/rendering/object.dart:2768:7)
#13     RenderTapRegion.layout (package:flutter/src/widgets/tap_region.dart:686:11)
#14     RenderProxyBoxMixin.performLayout (package:flutter/src/rendering/proxy_box.dart:118:18)
#15     RenderObject.layout (package:flutter/src/rendering/object.dart:2768:7)
#16     ChildLayoutHelper.layoutChild (package:flutter/src/rendering/layout_helper.dart:62:11)
#17     RenderFlex._computeSizes (package:flutter/src/rendering/flex.dart:1237:28)
#18     RenderFlex.performLayout (package:flutter/src/rendering/flex.dart:1329:32)
#19     RenderObject.layout (package:flutter/src/rendering/object.dart:2768:7)
#20     RenderProxyBoxMixin.performLayout (package:flutter/src/rendering/proxy_box.dart:118:18)
#21     RenderObject.layout (package:flutter/src/rendering/object.dart:2768:7)
#22     RenderProxyBoxMixin.performLayout (package:flutter/src/rendering/proxy_box.dart:118:18)
#23     RenderObject.layout (package:flutter/src/rendering/object.dart:2768:7)
#24     RenderProxyBoxMixin.performLayout (package:flutter/src/rendering/proxy_box.dart:118:18)
#25     RenderObject.layout (package:flutter/src/rendering/object.dart:2768:7)
#26     RenderProxyBoxMixin.performLayout (package:flutter/src/rendering/proxy_box.dart:118:18)
#27     RenderObject.layout (package:flutter/src/rendering/object.dart:2768:7)
#28     RenderPadding.performLayout (package:flutter/src/rendering/shifted_box.dart:262:12)
#29     RenderObject.layout (package:flutter/src/rendering/object.dart:2768:7)
#30     RenderProxyBoxMixin.performLayout (package:flutter/src/rendering/proxy_box.dart:118:18)
#31     RenderCustomPaint.performLayout (package:flutter/src/rendering/custom_paint.dart:574:11)
#32     RenderObject.layout (package:flutter/src/rendering/object.dart:2768:7)
#33     _RenderLayoutBuilder.performLayout (package:flutter/src/widgets/layout_builder.dart:449:14)
#34     RenderObject.layout (package:flutter/src/rendering/object.dart:2768:7)
#35     RenderPadding.performLayout (package:flutter/src/rendering/shifted_box.dart:262:12)
#36     RenderObject.layout (package:flutter/src/rendering/object.dart:2768:7)
#37     RenderConstrainedBox.performLayout (package:flutter/src/rendering/proxy_box.dart:296:14)
#38     RenderObject.layout (package:flutter/src/rendering/object.dart:2768:7)
#39     RenderProxyBoxMixin.performLayout (package:flutter/src/rendering/proxy_box.dart:118:18)
#40     RenderObject.layout (package:flutter/src/rendering/object.dart:2768:7)
#41     RenderPadding.performLayout (package:flutter/src/rendering/shifted_box.dart:262:12)
#42     RenderObject.layout (package:flutter/src/rendering/object.dart:2768:7)
#43     MultiChildLayoutDelegate.layoutChild (package:flutter/src/rendering/custom_layout.dart:180:12)
#44     _ScaffoldLayout.performLayout (package:flutter/src/material/scaffold.dart:1111:7)
#45     MultiChildLayoutDelegate._callPerformLayout (package:flutter/src/rendering/custom_layout.dart:246:7)
#46     RenderCustomMultiChildLayoutBox.performLayout (package:flutter/src/rendering/custom_layout.dart:417:14)
#47     RenderObject._layoutWithoutResize (package:flutter/src/rendering/object.dart:2616:7)
#48     PipelineOwner.flushLayout (package:flutter/src/rendering/object.dart:1174:18)
#49     PipelineOwner.flushLayout (package:flutter/src/rendering/object.dart:1187:15)
#50     AutomatedTestWidgetsFlutterBinding.drawFrame (package:flutter_test/src/binding.dart:2133:27)
#51     RendererBinding._handlePersistentFrameCallback (package:flutter/src/rendering/binding.dart:495:5)
#52     SchedulerBinding._invokeFrameCallback (package:flutter/src/scheduler/binding.dart:1430:15)
#53     SchedulerBinding.handleDrawFrame (package:flutter/src/scheduler/binding.dart:1345:9)
#54     AutomatedTestWidgetsFlutterBinding.pump.<anonymous closure> (package:flutter_test/src/binding.dart:1960:9)
#57     TestAsyncUtils.guard (package:flutter_test/src/test_async_utils.dart:74:41)
#58     AutomatedTestWidgetsFlutterBinding.pump (package:flutter_test/src/binding.dart:1949:27)
#59     WidgetTester.pump.<anonymous closure> (package:flutter_test/src/widget_tester.dart:652:53)
#62     TestAsyncUtils.guard (package:flutter_test/src/test_async_utils.dart:74:41)
#63     WidgetTester.pump (package:flutter_test/src/widget_tester.dart:652:27)
#64     main.<anonymous closure> (file:///home/cdesbois/flutterApps/pcriteria/test/chip_text_interaction_test.dart:35:18)
<asynchronous suspension>
#65     testWidgets.<anonymous closure>.<anonymous closure> (package:flutter_test/src/widget_tester.dart:192:15)
<asynchronous suspension>
#66     TestWidgetsFlutterBinding._runTestBody (package:flutter_test/src/binding.dart:1682:5)
<asynchronous suspension>
<asynchronous suspension>
(elided 7 frames from class _AssertionError, dart:async, and package:stack_trace)

The following RenderObject was being processed when the exception was fired: _RenderDecoration#41cc7 relayoutBoundary=up18 NEEDS-LAYOUT:
  needs compositing
  creator: _Decorator ← InputDecorator ← AnimatedBuilder ← Listener ← RawGestureDetector ←
    TextSelectionGestureDetector ← Semantics ← AnimatedBuilder ← IgnorePointer ← TextFieldTapRegion ←
    MouseRegion ← TextField ← ⋯
  parentData: <none> (can use size)
  constraints: BoxConstraints(0.0<=w<=Infinity, 0.0<=h<=38.0)
  size: MISSING
This RenderObject had the following descendants (showing up to depth 5):
    input: RenderRepaintBoundary#8bbbd NEEDS-LAYOUT NEEDS-PAINT
      child: _RenderCompositionCallback#2e715 NEEDS-LAYOUT NEEDS-PAINT
        child: RenderTapRegion#1830f NEEDS-LAYOUT NEEDS-PAINT
          child: RenderMouseRegion#13cb7 NEEDS-LAYOUT NEEDS-PAINT
            child: RenderPointerListener#6460e NEEDS-LAYOUT NEEDS-PAINT
    helperError: RenderConstrainedBox#51293 NEEDS-LAYOUT NEEDS-PAINT
    container: RenderCustomPaint#29e0c NEEDS-LAYOUT NEEDS-PAINT
════════════════════════════════════════════════════════════════════════════════════════════════════
══╡ EXCEPTION CAUGHT BY RENDERING LIBRARY ╞═════════════════════════════════════════════════════════
The following assertion was thrown during performLayout():
RenderBox was not laid out: _RenderDecoration#41cc7 relayoutBoundary=up18 NEEDS-PAINT
'package:flutter/src/rendering/box.dart':
Failed assertion: line 2251 pos 12: 'hasSize'

Either the assertion indicates an error in the framework itself, or we should provide substantially
more information in this error message to help you determine and fix the underlying cause.
In either case, please report this assertion by filing a bug on GitHub:
  https://github.com/flutter/flutter/issues/new?template=02_bug.yml

The relevant error-causing widget was:
  TextField TextField:file:///home/cdesbois/flutterApps/pcriteria/lib/chips/chip_text.dart:54:13

When the exception was thrown, this was the stack:
#2      RenderBox.size (package:flutter/src/rendering/box.dart:2251:12)
#3      RenderProxyBoxMixin.performLayout (package:flutter/src/rendering/proxy_box.dart:118:62)
#4      RenderObject.layout (package:flutter/src/rendering/object.dart:2768:7)
#5      RenderProxyBoxMixin.performLayout (package:flutter/src/rendering/proxy_box.dart:118:18)
#6      RenderObject.layout (package:flutter/src/rendering/object.dart:2768:7)
#7      RenderProxyBoxMixin.performLayout (package:flutter/src/rendering/proxy_box.dart:118:18)
#8      RenderObject.layout (package:flutter/src/rendering/object.dart:2768:7)
#9      RenderProxyBoxMixin.performLayout (package:flutter/src/rendering/proxy_box.dart:118:18)
#10     RenderObject.layout (package:flutter/src/rendering/object.dart:2768:7)
#11     RenderTapRegion.layout (package:flutter/src/widgets/tap_region.dart:686:11)
#12     RenderProxyBoxMixin.performLayout (package:flutter/src/rendering/proxy_box.dart:118:18)
#13     RenderObject.layout (package:flutter/src/rendering/object.dart:2768:7)
#14     ChildLayoutHelper.layoutChild (package:flutter/src/rendering/layout_helper.dart:62:11)
#15     RenderFlex._computeSizes (package:flutter/src/rendering/flex.dart:1237:28)
#16     RenderFlex.performLayout (package:flutter/src/rendering/flex.dart:1329:32)
#17     RenderObject.layout (package:flutter/src/rendering/object.dart:2768:7)
#18     RenderProxyBoxMixin.performLayout (package:flutter/src/rendering/proxy_box.dart:118:18)
#19     RenderObject.layout (package:flutter/src/rendering/object.dart:2768:7)
#20     RenderProxyBoxMixin.performLayout (package:flutter/src/rendering/proxy_box.dart:118:18)
#21     RenderObject.layout (package:flutter/src/rendering/object.dart:2768:7)
#22     RenderProxyBoxMixin.performLayout (package:flutter/src/rendering/proxy_box.dart:118:18)
#23     RenderObject.layout (package:flutter/src/rendering/object.dart:2768:7)
#24     RenderProxyBoxMixin.performLayout (package:flutter/src/rendering/proxy_box.dart:118:18)
#25     RenderObject.layout (package:flutter/src/rendering/object.dart:2768:7)
#26     RenderPadding.performLayout (package:flutter/src/rendering/shifted_box.dart:262:12)
#27     RenderObject.layout (package:flutter/src/rendering/object.dart:2768:7)
#28     RenderProxyBoxMixin.performLayout (package:flutter/src/rendering/proxy_box.dart:118:18)
#29     RenderCustomPaint.performLayout (package:flutter/src/rendering/custom_paint.dart:574:11)
#30     RenderObject.layout (package:flutter/src/rendering/object.dart:2768:7)
#31     _RenderLayoutBuilder.performLayout (package:flutter/src/widgets/layout_builder.dart:449:14)
#32     RenderObject.layout (package:flutter/src/rendering/object.dart:2768:7)
#33     RenderPadding.performLayout (package:flutter/src/rendering/shifted_box.dart:262:12)
#34     RenderObject.layout (package:flutter/src/rendering/object.dart:2768:7)
#35     RenderConstrainedBox.performLayout (package:flutter/src/rendering/proxy_box.dart:296:14)
#36     RenderObject.layout (package:flutter/src/rendering/object.dart:2768:7)
#37     RenderProxyBoxMixin.performLayout (package:flutter/src/rendering/proxy_box.dart:118:18)
#38     RenderObject.layout (package:flutter/src/rendering/object.dart:2768:7)
#39     RenderPadding.performLayout (package:flutter/src/rendering/shifted_box.dart:262:12)
#40     RenderObject.layout (package:flutter/src/rendering/object.dart:2768:7)
#41     MultiChildLayoutDelegate.layoutChild (package:flutter/src/rendering/custom_layout.dart:180:12)
#42     _ScaffoldLayout.performLayout (package:flutter/src/material/scaffold.dart:1111:7)
#43     MultiChildLayoutDelegate._callPerformLayout (package:flutter/src/rendering/custom_layout.dart:246:7)
#44     RenderCustomMultiChildLayoutBox.performLayout (package:flutter/src/rendering/custom_layout.dart:417:14)
#45     RenderObject._layoutWithoutResize (package:flutter/src/rendering/object.dart:2616:7)
#46     PipelineOwner.flushLayout (package:flutter/src/rendering/object.dart:1174:18)
#47     PipelineOwner.flushLayout (package:flutter/src/rendering/object.dart:1187:15)
#48     AutomatedTestWidgetsFlutterBinding.drawFrame (package:flutter_test/src/binding.dart:2133:27)
#49     RendererBinding._handlePersistentFrameCallback (package:flutter/src/rendering/binding.dart:495:5)
#50     SchedulerBinding._invokeFrameCallback (package:flutter/src/scheduler/binding.dart:1430:15)
#51     SchedulerBinding.handleDrawFrame (package:flutter/src/scheduler/binding.dart:1345:9)
#52     AutomatedTestWidgetsFlutterBinding.pump.<anonymous closure> (package:flutter_test/src/binding.dart:1960:9)
#55     TestAsyncUtils.guard (package:flutter_test/src/test_async_utils.dart:74:41)
#56     AutomatedTestWidgetsFlutterBinding.pump (package:flutter_test/src/binding.dart:1949:27)
#57     WidgetTester.pump.<anonymous closure> (package:flutter_test/src/widget_tester.dart:652:53)
#60     TestAsyncUtils.guard (package:flutter_test/src/test_async_utils.dart:74:41)
#61     WidgetTester.pump (package:flutter_test/src/widget_tester.dart:652:27)
#62     main.<anonymous closure> (file:///home/cdesbois/flutterApps/pcriteria/test/chip_text_interaction_test.dart:35:18)
<asynchronous suspension>
#63     testWidgets.<anonymous closure>.<anonymous closure> (package:flutter_test/src/widget_tester.dart:192:15)
<asynchronous suspension>
#64     TestWidgetsFlutterBinding._runTestBody (package:flutter_test/src/binding.dart:1682:5)
<asynchronous suspension>
<asynchronous suspension>
(elided 7 frames from class _AssertionError, dart:async, and package:stack_trace)

The following RenderObject was being processed when the exception was fired: RenderPointerListener#fb2b6 relayoutBoundary=up17 NEEDS-LAYOUT NEEDS-PAINT:
  needs compositing
  creator: Listener ← RawGestureDetector ← TextSelectionGestureDetector ← Semantics ← AnimatedBuilder
    ← IgnorePointer ← TextFieldTapRegion ← MouseRegion ← TextField ← Row ← Listener ←
    RawGestureDetector ← ⋯
  parentData: <none> (can use size)
  constraints: BoxConstraints(0.0<=w<=Infinity, 0.0<=h<=38.0)
  size: MISSING
  behavior: translucent
  listeners: down, panZoomStart
This RenderObject had the following descendants (showing up to depth 5):
    child: _RenderDecoration#41cc7 relayoutBoundary=up18 NEEDS-PAINT
      input: RenderRepaintBoundary#8bbbd NEEDS-LAYOUT NEEDS-PAINT
        child: _RenderCompositionCallback#2e715 NEEDS-LAYOUT NEEDS-PAINT
          child: RenderTapRegion#1830f NEEDS-LAYOUT NEEDS-PAINT
            child: RenderMouseRegion#13cb7 NEEDS-LAYOUT NEEDS-PAINT
      helperError: RenderConstrainedBox#51293 NEEDS-LAYOUT NEEDS-PAINT
      container: RenderCustomPaint#29e0c NEEDS-LAYOUT NEEDS-PAINT
════════════════════════════════════════════════════════════════════════════════════════════════════
══╡ EXCEPTION CAUGHT BY RENDERING LIBRARY ╞═════════════════════════════════════════════════════════
The following assertion was thrown during performLayout():
RenderBox was not laid out: RenderPointerListener#fb2b6 relayoutBoundary=up17 NEEDS-PAINT
'package:flutter/src/rendering/box.dart':
Failed assertion: line 2251 pos 12: 'hasSize'

Either the assertion indicates an error in the framework itself, or we should provide substantially
more information in this error message to help you determine and fix the underlying cause.
In either case, please report this assertion by filing a bug on GitHub:
  https://github.com/flutter/flutter/issues/new?template=02_bug.yml

The relevant error-causing widget was:
  TextField TextField:file:///home/cdesbois/flutterApps/pcriteria/lib/chips/chip_text.dart:54:13

When the exception was thrown, this was the stack:
#2      RenderBox.size (package:flutter/src/rendering/box.dart:2251:12)
#3      RenderProxyBoxMixin.performLayout (package:flutter/src/rendering/proxy_box.dart:118:62)
#4      RenderObject.layout (package:flutter/src/rendering/object.dart:2768:7)
#5      RenderProxyBoxMixin.performLayout (package:flutter/src/rendering/proxy_box.dart:118:18)
#6      RenderObject.layout (package:flutter/src/rendering/object.dart:2768:7)
#7      RenderProxyBoxMixin.performLayout (package:flutter/src/rendering/proxy_box.dart:118:18)
#8      RenderObject.layout (package:flutter/src/rendering/object.dart:2768:7)
#9      RenderTapRegion.layout (package:flutter/src/widgets/tap_region.dart:686:11)
#10     RenderProxyBoxMixin.performLayout (package:flutter/src/rendering/proxy_box.dart:118:18)
#11     RenderObject.layout (package:flutter/src/rendering/object.dart:2768:7)
#12     ChildLayoutHelper.layoutChild (package:flutter/src/rendering/layout_helper.dart:62:11)
#13     RenderFlex._computeSizes (package:flutter/src/rendering/flex.dart:1237:28)
#14     RenderFlex.performLayout (package:flutter/src/rendering/flex.dart:1329:32)
#15     RenderObject.layout (package:flutter/src/rendering/object.dart:2768:7)
#16     RenderProxyBoxMixin.performLayout (package:flutter/src/rendering/proxy_box.dart:118:18)
#17     RenderObject.layout (package:flutter/src/rendering/object.dart:2768:7)
#18     RenderProxyBoxMixin.performLayout (package:flutter/src/rendering/proxy_box.dart:118:18)
#19     RenderObject.layout (package:flutter/src/rendering/object.dart:2768:7)
#20     RenderProxyBoxMixin.performLayout (package:flutter/src/rendering/proxy_box.dart:118:18)
#21     RenderObject.layout (package:flutter/src/rendering/object.dart:2768:7)
#22     RenderProxyBoxMixin.performLayout (package:flutter/src/rendering/proxy_box.dart:118:18)
#23     RenderObject.layout (package:flutter/src/rendering/object.dart:2768:7)
#24     RenderPadding.performLayout (package:flutter/src/rendering/shifted_box.dart:262:12)
#25     RenderObject.layout (package:flutter/src/rendering/object.dart:2768:7)
#26     RenderProxyBoxMixin.performLayout (package:flutter/src/rendering/proxy_box.dart:118:18)
#27     RenderCustomPaint.performLayout (package:flutter/src/rendering/custom_paint.dart:574:11)
#28     RenderObject.layout (package:flutter/src/rendering/object.dart:2768:7)
#29     _RenderLayoutBuilder.performLayout (package:flutter/src/widgets/layout_builder.dart:449:14)
#30     RenderObject.layout (package:flutter/src/rendering/object.dart:2768:7)
#31     RenderPadding.performLayout (package:flutter/src/rendering/shifted_box.dart:262:12)
#32     RenderObject.layout (package:flutter/src/rendering/object.dart:2768:7)
#33     RenderConstrainedBox.performLayout (package:flutter/src/rendering/proxy_box.dart:296:14)
#34     RenderObject.layout (package:flutter/src/rendering/object.dart:2768:7)
#35     RenderProxyBoxMixin.performLayout (package:flutter/src/rendering/proxy_box.dart:118:18)
#36     RenderObject.layout (package:flutter/src/rendering/object.dart:2768:7)
#37     RenderPadding.performLayout (package:flutter/src/rendering/shifted_box.dart:262:12)
#38     RenderObject.layout (package:flutter/src/rendering/object.dart:2768:7)
#39     MultiChildLayoutDelegate.layoutChild (package:flutter/src/rendering/custom_layout.dart:180:12)
#40     _ScaffoldLayout.performLayout (package:flutter/src/material/scaffold.dart:1111:7)
#41     MultiChildLayoutDelegate._callPerformLayout (package:flutter/src/rendering/custom_layout.dart:246:7)
#42     RenderCustomMultiChildLayoutBox.performLayout (package:flutter/src/rendering/custom_layout.dart:417:14)
#43     RenderObject._layoutWithoutResize (package:flutter/src/rendering/object.dart:2616:7)
#44     PipelineOwner.flushLayout (package:flutter/src/rendering/object.dart:1174:18)
#45     PipelineOwner.flushLayout (package:flutter/src/rendering/object.dart:1187:15)
#46     AutomatedTestWidgetsFlutterBinding.drawFrame (package:flutter_test/src/binding.dart:2133:27)
#47     RendererBinding._handlePersistentFrameCallback (package:flutter/src/rendering/binding.dart:495:5)
#48     SchedulerBinding._invokeFrameCallback (package:flutter/src/scheduler/binding.dart:1430:15)
#49     SchedulerBinding.handleDrawFrame (package:flutter/src/scheduler/binding.dart:1345:9)
#50     AutomatedTestWidgetsFlutterBinding.pump.<anonymous closure> (package:flutter_test/src/binding.dart:1960:9)
#53     TestAsyncUtils.guard (package:flutter_test/src/test_async_utils.dart:74:41)
#54     AutomatedTestWidgetsFlutterBinding.pump (package:flutter_test/src/binding.dart:1949:27)
#55     WidgetTester.pump.<anonymous closure> (package:flutter_test/src/widget_tester.dart:652:53)
#58     TestAsyncUtils.guard (package:flutter_test/src/test_async_utils.dart:74:41)
#59     WidgetTester.pump (package:flutter_test/src/widget_tester.dart:652:27)
#60     main.<anonymous closure> (file:///home/cdesbois/flutterApps/pcriteria/test/chip_text_interaction_test.dart:35:18)
<asynchronous suspension>
#61     testWidgets.<anonymous closure>.<anonymous closure> (package:flutter_test/src/widget_tester.dart:192:15)
<asynchronous suspension>
#62     TestWidgetsFlutterBinding._runTestBody (package:flutter_test/src/binding.dart:1682:5)
<asynchronous suspension>
<asynchronous suspension>
(elided 7 frames from class _AssertionError, dart:async, and package:stack_trace)

The following RenderObject was being processed when the exception was fired: RenderSemanticsAnnotations#742d9 relayoutBoundary=up16 NEEDS-LAYOUT NEEDS-PAINT:
  needs compositing
  creator: Semantics ← AnimatedBuilder ← IgnorePointer ← TextFieldTapRegion ← MouseRegion ← TextField
    ← Row ← Listener ← RawGestureDetector ← GestureDetector ← Semantics ← DefaultSelectionStyle ← ⋯
  parentData: <none> (can use size)
  constraints: BoxConstraints(0.0<=w<=Infinity, 0.0<=h<=38.0)
  size: MISSING
This RenderObject had the following descendants (showing up to depth 5):
    child: RenderPointerListener#fb2b6 relayoutBoundary=up17 NEEDS-PAINT
      child: _RenderDecoration#41cc7 relayoutBoundary=up18 NEEDS-PAINT
        input: RenderRepaintBoundary#8bbbd NEEDS-LAYOUT NEEDS-PAINT
          child: _RenderCompositionCallback#2e715 NEEDS-LAYOUT NEEDS-PAINT
            child: RenderTapRegion#1830f NEEDS-LAYOUT NEEDS-PAINT
        helperError: RenderConstrainedBox#51293 NEEDS-LAYOUT NEEDS-PAINT
        container: RenderCustomPaint#29e0c NEEDS-LAYOUT NEEDS-PAINT
════════════════════════════════════════════════════════════════════════════════════════════════════
══╡ EXCEPTION CAUGHT BY RENDERING LIBRARY ╞═════════════════════════════════════════════════════════
The following assertion was thrown during performLayout():
RenderBox was not laid out: RenderSemanticsAnnotations#742d9 relayoutBoundary=up16 NEEDS-PAINT
'package:flutter/src/rendering/box.dart':
Failed assertion: line 2251 pos 12: 'hasSize'

Either the assertion indicates an error in the framework itself, or we should provide substantially
more information in this error message to help you determine and fix the underlying cause.
In either case, please report this assertion by filing a bug on GitHub:
  https://github.com/flutter/flutter/issues/new?template=02_bug.yml

The relevant error-causing widget was:
  TextField TextField:file:///home/cdesbois/flutterApps/pcriteria/lib/chips/chip_text.dart:54:13

When the exception was thrown, this was the stack:
#2      RenderBox.size (package:flutter/src/rendering/box.dart:2251:12)
#3      RenderProxyBoxMixin.performLayout (package:flutter/src/rendering/proxy_box.dart:118:62)
#4      RenderObject.layout (package:flutter/src/rendering/object.dart:2768:7)
#5      RenderProxyBoxMixin.performLayout (package:flutter/src/rendering/proxy_box.dart:118:18)
#6      RenderObject.layout (package:flutter/src/rendering/object.dart:2768:7)
#7      RenderTapRegion.layout (package:flutter/src/widgets/tap_region.dart:686:11)
#8      RenderProxyBoxMixin.performLayout (package:flutter/src/rendering/proxy_box.dart:118:18)
#9      RenderObject.layout (package:flutter/src/rendering/object.dart:2768:7)
#10     ChildLayoutHelper.layoutChild (package:flutter/src/rendering/layout_helper.dart:62:11)
#11     RenderFlex._computeSizes (package:flutter/src/rendering/flex.dart:1237:28)
#12     RenderFlex.performLayout (package:flutter/src/rendering/flex.dart:1329:32)
#13     RenderObject.layout (package:flutter/src/rendering/object.dart:2768:7)
#14     RenderProxyBoxMixin.performLayout (package:flutter/src/rendering/proxy_box.dart:118:18)
#15     RenderObject.layout (package:flutter/src/rendering/object.dart:2768:7)
#16     RenderProxyBoxMixin.performLayout (package:flutter/src/rendering/proxy_box.dart:118:18)
#17     RenderObject.layout (package:flutter/src/rendering/object.dart:2768:7)
#18     RenderProxyBoxMixin.performLayout (package:flutter/src/rendering/proxy_box.dart:118:18)
#19     RenderObject.layout (package:flutter/src/rendering/object.dart:2768:7)
#20     RenderProxyBoxMixin.performLayout (package:flutter/src/rendering/proxy_box.dart:118:18)
#21     RenderObject.layout (package:flutter/src/rendering/object.dart:2768:7)
#22     RenderPadding.performLayout (package:flutter/src/rendering/shifted_box.dart:262:12)
#23     RenderObject.layout (package:flutter/src/rendering/object.dart:2768:7)
#24     RenderProxyBoxMixin.performLayout (package:flutter/src/rendering/proxy_box.dart:118:18)
#25     RenderCustomPaint.performLayout (package:flutter/src/rendering/custom_paint.dart:574:11)
#26     RenderObject.layout (package:flutter/src/rendering/object.dart:2768:7)
#27     _RenderLayoutBuilder.performLayout (package:flutter/src/widgets/layout_builder.dart:449:14)
#28     RenderObject.layout (package:flutter/src/rendering/object.dart:2768:7)
#29     RenderPadding.performLayout (package:flutter/src/rendering/shifted_box.dart:262:12)
#30     RenderObject.layout (package:flutter/src/rendering/object.dart:2768:7)
#31     RenderConstrainedBox.performLayout (package:flutter/src/rendering/proxy_box.dart:296:14)
#32     RenderObject.layout (package:flutter/src/rendering/object.dart:2768:7)
#33     RenderProxyBoxMixin.performLayout (package:flutter/src/rendering/proxy_box.dart:118:18)
#34     RenderObject.layout (package:flutter/src/rendering/object.dart:2768:7)
#35     RenderPadding.performLayout (package:flutter/src/rendering/shifted_box.dart:262:12)
#36     RenderObject.layout (package:flutter/src/rendering/object.dart:2768:7)
#37     MultiChildLayoutDelegate.layoutChild (package:flutter/src/rendering/custom_layout.dart:180:12)
#38     _ScaffoldLayout.performLayout (package:flutter/src/material/scaffold.dart:1111:7)
#39     MultiChildLayoutDelegate._callPerformLayout (package:flutter/src/rendering/custom_layout.dart:246:7)
#40     RenderCustomMultiChildLayoutBox.performLayout (package:flutter/src/rendering/custom_layout.dart:417:14)
#41     RenderObject._layoutWithoutResize (package:flutter/src/rendering/object.dart:2616:7)
#42     PipelineOwner.flushLayout (package:flutter/src/rendering/object.dart:1174:18)
#43     PipelineOwner.flushLayout (package:flutter/src/rendering/object.dart:1187:15)
#44     AutomatedTestWidgetsFlutterBinding.drawFrame (package:flutter_test/src/binding.dart:2133:27)
#45     RendererBinding._handlePersistentFrameCallback (package:flutter/src/rendering/binding.dart:495:5)
#46     SchedulerBinding._invokeFrameCallback (package:flutter/src/scheduler/binding.dart:1430:15)
#47     SchedulerBinding.handleDrawFrame (package:flutter/src/scheduler/binding.dart:1345:9)
#48     AutomatedTestWidgetsFlutterBinding.pump.<anonymous closure> (package:flutter_test/src/binding.dart:1960:9)
#51     TestAsyncUtils.guard (package:flutter_test/src/test_async_utils.dart:74:41)
#52     AutomatedTestWidgetsFlutterBinding.pump (package:flutter_test/src/binding.dart:1949:27)
#53     WidgetTester.pump.<anonymous closure> (package:flutter_test/src/widget_tester.dart:652:53)
#56     TestAsyncUtils.guard (package:flutter_test/src/test_async_utils.dart:74:41)
#57     WidgetTester.pump (package:flutter_test/src/widget_tester.dart:652:27)
#58     main.<anonymous closure> (file:///home/cdesbois/flutterApps/pcriteria/test/chip_text_interaction_test.dart:35:18)
<asynchronous suspension>
#59     testWidgets.<anonymous closure>.<anonymous closure> (package:flutter_test/src/widget_tester.dart:192:15)
<asynchronous suspension>
#60     TestWidgetsFlutterBinding._runTestBody (package:flutter_test/src/binding.dart:1682:5)
<asynchronous suspension>
<asynchronous suspension>
(elided 7 frames from class _AssertionError, dart:async, and package:stack_trace)

The following RenderObject was being processed when the exception was fired: RenderIgnorePointer#3aeb4 relayoutBoundary=up15 NEEDS-LAYOUT NEEDS-PAINT:
  needs compositing
  creator: IgnorePointer ← TextFieldTapRegion ← MouseRegion ← TextField ← Row ← Listener ←
    RawGestureDetector ← GestureDetector ← Semantics ← DefaultSelectionStyle ← Builder ← MouseRegion ←
    ⋯
  parentData: <none> (can use size)
  constraints: BoxConstraints(0.0<=w<=Infinity, 0.0<=h<=38.0)
  size: MISSING
  ignoring: false
  ignoringSemantics: null
This RenderObject had the following descendants (showing up to depth 5):
    child: RenderSemanticsAnnotations#742d9 relayoutBoundary=up16 NEEDS-PAINT
      child: RenderPointerListener#fb2b6 relayoutBoundary=up17 NEEDS-PAINT
        child: _RenderDecoration#41cc7 relayoutBoundary=up18 NEEDS-PAINT
          input: RenderRepaintBoundary#8bbbd NEEDS-LAYOUT NEEDS-PAINT
            child: _RenderCompositionCallback#2e715 NEEDS-LAYOUT NEEDS-PAINT
          helperError: RenderConstrainedBox#51293 NEEDS-LAYOUT NEEDS-PAINT
          container: RenderCustomPaint#29e0c NEEDS-LAYOUT NEEDS-PAINT
════════════════════════════════════════════════════════════════════════════════════════════════════
══╡ EXCEPTION CAUGHT BY RENDERING LIBRARY ╞═════════════════════════════════════════════════════════
The following assertion was thrown during performLayout():
RenderBox was not laid out: RenderIgnorePointer#3aeb4 relayoutBoundary=up15 NEEDS-PAINT
'package:flutter/src/rendering/box.dart':
Failed assertion: line 2251 pos 12: 'hasSize'

Either the assertion indicates an error in the framework itself, or we should provide substantially
more information in this error message to help you determine and fix the underlying cause.
In either case, please report this assertion by filing a bug on GitHub:
  https://github.com/flutter/flutter/issues/new?template=02_bug.yml

The relevant error-causing widget was:
  TextField TextField:file:///home/cdesbois/flutterApps/pcriteria/lib/chips/chip_text.dart:54:13

When the exception was thrown, this was the stack:
#2      RenderBox.size (package:flutter/src/rendering/box.dart:2251:12)
#3      RenderProxyBoxMixin.performLayout (package:flutter/src/rendering/proxy_box.dart:118:62)
#4      RenderObject.layout (package:flutter/src/rendering/object.dart:2768:7)
#5      RenderTapRegion.layout (package:flutter/src/widgets/tap_region.dart:686:11)
#6      RenderProxyBoxMixin.performLayout (package:flutter/src/rendering/proxy_box.dart:118:18)
#7      RenderObject.layout (package:flutter/src/rendering/object.dart:2768:7)
#8      ChildLayoutHelper.layoutChild (package:flutter/src/rendering/layout_helper.dart:62:11)
#9      RenderFlex._computeSizes (package:flutter/src/rendering/flex.dart:1237:28)
#10     RenderFlex.performLayout (package:flutter/src/rendering/flex.dart:1329:32)
#11     RenderObject.layout (package:flutter/src/rendering/object.dart:2768:7)
#12     RenderProxyBoxMixin.performLayout (package:flutter/src/rendering/proxy_box.dart:118:18)
#13     RenderObject.layout (package:flutter/src/rendering/object.dart:2768:7)
#14     RenderProxyBoxMixin.performLayout (package:flutter/src/rendering/proxy_box.dart:118:18)
#15     RenderObject.layout (package:flutter/src/rendering/object.dart:2768:7)
#16     RenderProxyBoxMixin.performLayout (package:flutter/src/rendering/proxy_box.dart:118:18)
#17     RenderObject.layout (package:flutter/src/rendering/object.dart:2768:7)
#18     RenderProxyBoxMixin.performLayout (package:flutter/src/rendering/proxy_box.dart:118:18)
#19     RenderObject.layout (package:flutter/src/rendering/object.dart:2768:7)
#20     RenderPadding.performLayout (package:flutter/src/rendering/shifted_box.dart:262:12)
#21     RenderObject.layout (package:flutter/src/rendering/object.dart:2768:7)
#22     RenderProxyBoxMixin.performLayout (package:flutter/src/rendering/proxy_box.dart:118:18)
#23     RenderCustomPaint.performLayout (package:flutter/src/rendering/custom_paint.dart:574:11)
#24     RenderObject.layout (package:flutter/src/rendering/object.dart:2768:7)
#25     _RenderLayoutBuilder.performLayout (package:flutter/src/widgets/layout_builder.dart:449:14)
#26     RenderObject.layout (package:flutter/src/rendering/object.dart:2768:7)
#27     RenderPadding.performLayout (package:flutter/src/rendering/shifted_box.dart:262:12)
#28     RenderObject.layout (package:flutter/src/rendering/object.dart:2768:7)
#29     RenderConstrainedBox.performLayout (package:flutter/src/rendering/proxy_box.dart:296:14)
#30     RenderObject.layout (package:flutter/src/rendering/object.dart:2768:7)
#31     RenderProxyBoxMixin.performLayout (package:flutter/src/rendering/proxy_box.dart:118:18)
#32     RenderObject.layout (package:flutter/src/rendering/object.dart:2768:7)
#33     RenderPadding.performLayout (package:flutter/src/rendering/shifted_box.dart:262:12)
#34     RenderObject.layout (package:flutter/src/rendering/object.dart:2768:7)
#35     MultiChildLayoutDelegate.layoutChild (package:flutter/src/rendering/custom_layout.dart:180:12)
#36     _ScaffoldLayout.performLayout (package:flutter/src/material/scaffold.dart:1111:7)
#37     MultiChildLayoutDelegate._callPerformLayout (package:flutter/src/rendering/custom_layout.dart:246:7)
#38     RenderCustomMultiChildLayoutBox.performLayout (package:flutter/src/rendering/custom_layout.dart:417:14)
#39     RenderObject._layoutWithoutResize (package:flutter/src/rendering/object.dart:2616:7)
#40     PipelineOwner.flushLayout (package:flutter/src/rendering/object.dart:1174:18)
#41     PipelineOwner.flushLayout (package:flutter/src/rendering/object.dart:1187:15)
#42     AutomatedTestWidgetsFlutterBinding.drawFrame (package:flutter_test/src/binding.dart:2133:27)
#43     RendererBinding._handlePersistentFrameCallback (package:flutter/src/rendering/binding.dart:495:5)
#44     SchedulerBinding._invokeFrameCallback (package:flutter/src/scheduler/binding.dart:1430:15)
#45     SchedulerBinding.handleDrawFrame (package:flutter/src/scheduler/binding.dart:1345:9)
#46     AutomatedTestWidgetsFlutterBinding.pump.<anonymous closure> (package:flutter_test/src/binding.dart:1960:9)
#49     TestAsyncUtils.guard (package:flutter_test/src/test_async_utils.dart:74:41)
#50     AutomatedTestWidgetsFlutterBinding.pump (package:flutter_test/src/binding.dart:1949:27)
#51     WidgetTester.pump.<anonymous closure> (package:flutter_test/src/widget_tester.dart:652:53)
#54     TestAsyncUtils.guard (package:flutter_test/src/test_async_utils.dart:74:41)
#55     WidgetTester.pump (package:flutter_test/src/widget_tester.dart:652:27)
#56     main.<anonymous closure> (file:///home/cdesbois/flutterApps/pcriteria/test/chip_text_interaction_test.dart:35:18)
<asynchronous suspension>
#57     testWidgets.<anonymous closure>.<anonymous closure> (package:flutter_test/src/widget_tester.dart:192:15)
<asynchronous suspension>
#58     TestWidgetsFlutterBinding._runTestBody (package:flutter_test/src/binding.dart:1682:5)
<asynchronous suspension>
<asynchronous suspension>
(elided 7 frames from class _AssertionError, dart:async, and package:stack_trace)

The following RenderObject was being processed when the exception was fired: RenderTapRegion#daf37 relayoutBoundary=up14 NEEDS-LAYOUT NEEDS-PAINT:
  needs compositing
  creator: TextFieldTapRegion ← MouseRegion ← TextField ← Row ← Listener ← RawGestureDetector ←
    GestureDetector ← Semantics ← DefaultSelectionStyle ← Builder ← MouseRegion ← Semantics ← ⋯
  parentData: <none> (can use size)
  constraints: BoxConstraints(0.0<=w<=Infinity, 0.0<=h<=38.0)
  size: MISSING
  behavior: deferToChild
  groupId: EditableText
This RenderObject had the following descendants (showing up to depth 5):
    child: RenderIgnorePointer#3aeb4 relayoutBoundary=up15 NEEDS-PAINT
      child: RenderSemanticsAnnotations#742d9 relayoutBoundary=up16 NEEDS-PAINT
        child: RenderPointerListener#fb2b6 relayoutBoundary=up17 NEEDS-PAINT
          child: _RenderDecoration#41cc7 relayoutBoundary=up18 NEEDS-PAINT
            input: RenderRepaintBoundary#8bbbd NEEDS-LAYOUT NEEDS-PAINT
            helperError: RenderConstrainedBox#51293 NEEDS-LAYOUT NEEDS-PAINT
            container: RenderCustomPaint#29e0c NEEDS-LAYOUT NEEDS-PAINT
════════════════════════════════════════════════════════════════════════════════════════════════════
══╡ EXCEPTION CAUGHT BY RENDERING LIBRARY ╞═════════════════════════════════════════════════════════
The following assertion was thrown during performLayout():
RenderBox was not laid out: RenderTapRegion#daf37 relayoutBoundary=up14 NEEDS-PAINT
'package:flutter/src/rendering/box.dart':
Failed assertion: line 2251 pos 12: 'hasSize'

Either the assertion indicates an error in the framework itself, or we should provide substantially
more information in this error message to help you determine and fix the underlying cause.
In either case, please report this assertion by filing a bug on GitHub:
  https://github.com/flutter/flutter/issues/new?template=02_bug.yml

The relevant error-causing widget was:
  TextField TextField:file:///home/cdesbois/flutterApps/pcriteria/lib/chips/chip_text.dart:54:13

When the exception was thrown, this was the stack:
#2      RenderBox.size (package:flutter/src/rendering/box.dart:2251:12)
#3      RenderProxyBoxMixin.performLayout (package:flutter/src/rendering/proxy_box.dart:118:62)
#4      RenderObject.layout (package:flutter/src/rendering/object.dart:2768:7)
#5      ChildLayoutHelper.layoutChild (package:flutter/src/rendering/layout_helper.dart:62:11)
#6      RenderFlex._computeSizes (package:flutter/src/rendering/flex.dart:1237:28)
#7      RenderFlex.performLayout (package:flutter/src/rendering/flex.dart:1329:32)
#8      RenderObject.layout (package:flutter/src/rendering/object.dart:2768:7)
#9      RenderProxyBoxMixin.performLayout (package:flutter/src/rendering/proxy_box.dart:118:18)
#10     RenderObject.layout (package:flutter/src/rendering/object.dart:2768:7)
#11     RenderProxyBoxMixin.performLayout (package:flutter/src/rendering/proxy_box.dart:118:18)
#12     RenderObject.layout (package:flutter/src/rendering/object.dart:2768:7)
#13     RenderProxyBoxMixin.performLayout (package:flutter/src/rendering/proxy_box.dart:118:18)
#14     RenderObject.layout (package:flutter/src/rendering/object.dart:2768:7)
#15     RenderProxyBoxMixin.performLayout (package:flutter/src/rendering/proxy_box.dart:118:18)
#16     RenderObject.layout (package:flutter/src/rendering/object.dart:2768:7)
#17     RenderPadding.performLayout (package:flutter/src/rendering/shifted_box.dart:262:12)
#18     RenderObject.layout (package:flutter/src/rendering/object.dart:2768:7)
#19     RenderProxyBoxMixin.performLayout (package:flutter/src/rendering/proxy_box.dart:118:18)
#20     RenderCustomPaint.performLayout (package:flutter/src/rendering/custom_paint.dart:574:11)
#21     RenderObject.layout (package:flutter/src/rendering/object.dart:2768:7)
#22     _RenderLayoutBuilder.performLayout (package:flutter/src/widgets/layout_builder.dart:449:14)
#23     RenderObject.layout (package:flutter/src/rendering/object.dart:2768:7)
#24     RenderPadding.performLayout (package:flutter/src/rendering/shifted_box.dart:262:12)
#25     RenderObject.layout (package:flutter/src/rendering/object.dart:2768:7)
#26     RenderConstrainedBox.performLayout (package:flutter/src/rendering/proxy_box.dart:296:14)
#27     RenderObject.layout (package:flutter/src/rendering/object.dart:2768:7)
#28     RenderProxyBoxMixin.performLayout (package:flutter/src/rendering/proxy_box.dart:118:18)
#29     RenderObject.layout (package:flutter/src/rendering/object.dart:2768:7)
#30     RenderPadding.performLayout (package:flutter/src/rendering/shifted_box.dart:262:12)
#31     RenderObject.layout (package:flutter/src/rendering/object.dart:2768:7)
#32     MultiChildLayoutDelegate.layoutChild (package:flutter/src/rendering/custom_layout.dart:180:12)
#33     _ScaffoldLayout.performLayout (package:flutter/src/material/scaffold.dart:1111:7)
#34     MultiChildLayoutDelegate._callPerformLayout (package:flutter/src/rendering/custom_layout.dart:246:7)
#35     RenderCustomMultiChildLayoutBox.performLayout (package:flutter/src/rendering/custom_layout.dart:417:14)
#36     RenderObject._layoutWithoutResize (package:flutter/src/rendering/object.dart:2616:7)
#37     PipelineOwner.flushLayout (package:flutter/src/rendering/object.dart:1174:18)
#38     PipelineOwner.flushLayout (package:flutter/src/rendering/object.dart:1187:15)
#39     AutomatedTestWidgetsFlutterBinding.drawFrame (package:flutter_test/src/binding.dart:2133:27)
#40     RendererBinding._handlePersistentFrameCallback (package:flutter/src/rendering/binding.dart:495:5)
#41     SchedulerBinding._invokeFrameCallback (package:flutter/src/scheduler/binding.dart:1430:15)
#42     SchedulerBinding.handleDrawFrame (package:flutter/src/scheduler/binding.dart:1345:9)
#43     AutomatedTestWidgetsFlutterBinding.pump.<anonymous closure> (package:flutter_test/src/binding.dart:1960:9)
#46     TestAsyncUtils.guard (package:flutter_test/src/test_async_utils.dart:74:41)
#47     AutomatedTestWidgetsFlutterBinding.pump (package:flutter_test/src/binding.dart:1949:27)
#48     WidgetTester.pump.<anonymous closure> (package:flutter_test/src/widget_tester.dart:652:53)
#51     TestAsyncUtils.guard (package:flutter_test/src/test_async_utils.dart:74:41)
#52     WidgetTester.pump (package:flutter_test/src/widget_tester.dart:652:27)
#53     main.<anonymous closure> (file:///home/cdesbois/flutterApps/pcriteria/test/chip_text_interaction_test.dart:35:18)
<asynchronous suspension>
#54     testWidgets.<anonymous closure>.<anonymous closure> (package:flutter_test/src/widget_tester.dart:192:15)
<asynchronous suspension>
#55     TestWidgetsFlutterBinding._runTestBody (package:flutter_test/src/binding.dart:1682:5)
<asynchronous suspension>
<asynchronous suspension>
(elided 7 frames from class _AssertionError, dart:async, and package:stack_trace)

The following RenderObject was being processed when the exception was fired: RenderMouseRegion#0cc0d relayoutBoundary=up13 NEEDS-LAYOUT NEEDS-PAINT:
  needs compositing
  creator: MouseRegion ← TextField ← Row ← Listener ← RawGestureDetector ← GestureDetector ← Semantics
    ← DefaultSelectionStyle ← Builder ← MouseRegion ← Semantics ← _FocusInheritedScope ← ⋯
  parentData: offset=Offset(0.0, 0.0); flex=null; fit=null (can use size)
  constraints: BoxConstraints(0.0<=w<=Infinity, 0.0<=h<=38.0)
  size: MISSING
  behavior: opaque
  listeners: enter, exit
  cursor: SystemMouseCursor(text)
This RenderObject had the following descendants (showing up to depth 5):
    child: RenderTapRegion#daf37 relayoutBoundary=up14 NEEDS-PAINT
      child: RenderIgnorePointer#3aeb4 relayoutBoundary=up15 NEEDS-PAINT
        child: RenderSemanticsAnnotations#742d9 relayoutBoundary=up16 NEEDS-PAINT
          child: RenderPointerListener#fb2b6 relayoutBoundary=up17 NEEDS-PAINT
            child: _RenderDecoration#41cc7 relayoutBoundary=up18 NEEDS-PAINT
════════════════════════════════════════════════════════════════════════════════════════════════════
══╡ EXCEPTION CAUGHT BY RENDERING LIBRARY ╞═════════════════════════════════════════════════════════
The following assertion was thrown during performLayout():
RenderBox was not laid out: RenderMouseRegion#0cc0d relayoutBoundary=up13 NEEDS-PAINT
'package:flutter/src/rendering/box.dart':
Failed assertion: line 2251 pos 12: 'hasSize'

Either the assertion indicates an error in the framework itself, or we should provide substantially
more information in this error message to help you determine and fix the underlying cause.
In either case, please report this assertion by filing a bug on GitHub:
  https://github.com/flutter/flutter/issues/new?template=02_bug.yml

The relevant error-causing widget was:
  Row Row:file:///home/cdesbois/flutterApps/pcriteria/lib/chips/chip_decorator.dart:39:14

When the exception was thrown, this was the stack:
#2      RenderBox.size (package:flutter/src/rendering/box.dart:2251:12)
#3      ChildLayoutHelper.layoutChild (package:flutter/src/rendering/layout_helper.dart:63:18)
#4      RenderFlex._computeSizes (package:flutter/src/rendering/flex.dart:1237:28)
#5      RenderFlex.performLayout (package:flutter/src/rendering/flex.dart:1329:32)
#6      RenderObject.layout (package:flutter/src/rendering/object.dart:2768:7)
#7      RenderProxyBoxMixin.performLayout (package:flutter/src/rendering/proxy_box.dart:118:18)
#8      RenderObject.layout (package:flutter/src/rendering/object.dart:2768:7)
#9      RenderProxyBoxMixin.performLayout (package:flutter/src/rendering/proxy_box.dart:118:18)
#10     RenderObject.layout (package:flutter/src/rendering/object.dart:2768:7)
#11     RenderProxyBoxMixin.performLayout (package:flutter/src/rendering/proxy_box.dart:118:18)
#12     RenderObject.layout (package:flutter/src/rendering/object.dart:2768:7)
#13     RenderProxyBoxMixin.performLayout (package:flutter/src/rendering/proxy_box.dart:118:18)
#14     RenderObject.layout (package:flutter/src/rendering/object.dart:2768:7)
#15     RenderPadding.performLayout (package:flutter/src/rendering/shifted_box.dart:262:12)
#16     RenderObject.layout (package:flutter/src/rendering/object.dart:2768:7)
#17     RenderProxyBoxMixin.performLayout (package:flutter/src/rendering/proxy_box.dart:118:18)
#18     RenderCustomPaint.performLayout (package:flutter/src/rendering/custom_paint.dart:574:11)
#19     RenderObject.layout (package:flutter/src/rendering/object.dart:2768:7)
#20     _RenderLayoutBuilder.performLayout (package:flutter/src/widgets/layout_builder.dart:449:14)
#21     RenderObject.layout (package:flutter/src/rendering/object.dart:2768:7)
#22     RenderPadding.performLayout (package:flutter/src/rendering/shifted_box.dart:262:12)
#23     RenderObject.layout (package:flutter/src/rendering/object.dart:2768:7)
#24     RenderConstrainedBox.performLayout (package:flutter/src/rendering/proxy_box.dart:296:14)
#25     RenderObject.layout (package:flutter/src/rendering/object.dart:2768:7)
#26     RenderProxyBoxMixin.performLayout (package:flutter/src/rendering/proxy_box.dart:118:18)
#27     RenderObject.layout (package:flutter/src/rendering/object.dart:2768:7)
#28     RenderPadding.performLayout (package:flutter/src/rendering/shifted_box.dart:262:12)
#29     RenderObject.layout (package:flutter/src/rendering/object.dart:2768:7)
#30     MultiChildLayoutDelegate.layoutChild (package:flutter/src/rendering/custom_layout.dart:180:12)
#31     _ScaffoldLayout.performLayout (package:flutter/src/material/scaffold.dart:1111:7)
#32     MultiChildLayoutDelegate._callPerformLayout (package:flutter/src/rendering/custom_layout.dart:246:7)
#33     RenderCustomMultiChildLayoutBox.performLayout (package:flutter/src/rendering/custom_layout.dart:417:14)
#34     RenderObject._layoutWithoutResize (package:flutter/src/rendering/object.dart:2616:7)
#35     PipelineOwner.flushLayout (package:flutter/src/rendering/object.dart:1174:18)
#36     PipelineOwner.flushLayout (package:flutter/src/rendering/object.dart:1187:15)
#37     AutomatedTestWidgetsFlutterBinding.drawFrame (package:flutter_test/src/binding.dart:2133:27)
#38     RendererBinding._handlePersistentFrameCallback (package:flutter/src/rendering/binding.dart:495:5)
#39     SchedulerBinding._invokeFrameCallback (package:flutter/src/scheduler/binding.dart:1430:15)
#40     SchedulerBinding.handleDrawFrame (package:flutter/src/scheduler/binding.dart:1345:9)
#41     AutomatedTestWidgetsFlutterBinding.pump.<anonymous closure> (package:flutter_test/src/binding.dart:1960:9)
#44     TestAsyncUtils.guard (package:flutter_test/src/test_async_utils.dart:74:41)
#45     AutomatedTestWidgetsFlutterBinding.pump (package:flutter_test/src/binding.dart:1949:27)
#46     WidgetTester.pump.<anonymous closure> (package:flutter_test/src/widget_tester.dart:652:53)
#49     TestAsyncUtils.guard (package:flutter_test/src/test_async_utils.dart:74:41)
#50     WidgetTester.pump (package:flutter_test/src/widget_tester.dart:652:27)
#51     main.<anonymous closure> (file:///home/cdesbois/flutterApps/pcriteria/test/chip_text_interaction_test.dart:35:18)
<asynchronous suspension>
#52     testWidgets.<anonymous closure>.<anonymous closure> (package:flutter_test/src/widget_tester.dart:192:15)
<asynchronous suspension>
#53     TestWidgetsFlutterBinding._runTestBody (package:flutter_test/src/binding.dart:1682:5)
<asynchronous suspension>
<asynchronous suspension>
(elided 7 frames from class _AssertionError, dart:async, and package:stack_trace)

The following RenderObject was being processed when the exception was fired: RenderFlex#110bf relayoutBoundary=up12 NEEDS-LAYOUT NEEDS-PAINT:
  needs compositing
  creator: Row ← Listener ← RawGestureDetector ← GestureDetector ← Semantics ← DefaultSelectionStyle ←
    Builder ← MouseRegion ← Semantics ← _FocusInheritedScope ← Focus ← _ActionsScope ← ⋯
  parentData: <none> (can use size)
  constraints: BoxConstraints(0.0<=w<=794.0, h=38.0)
  size: Size(161.5, 38.0)
  direction: horizontal
  mainAxisAlignment: start
  mainAxisSize: min
  crossAxisAlignment: center
  textDirection: ltr
  verticalDirection: down
  spacing: 0.0
This RenderObject had the following descendants (showing up to depth 5):
    child 1: RenderMouseRegion#bb030 relayoutBoundary=up13
      child: RenderSemanticsAnnotations#79e11 relayoutBoundary=up14
        child: RenderExcludeSemantics#801a3 relayoutBoundary=up15
          child: RenderConstrainedBox#20816 relayoutBoundary=up16
            child: RenderPositionedBox#9b9ea
    child 2: RenderConstrainedBox#89952 relayoutBoundary=up13
    child 3: RenderMouseRegion#0cc0d relayoutBoundary=up13 NEEDS-PAINT
      child: RenderTapRegion#daf37 relayoutBoundary=up14 NEEDS-PAINT
        child: RenderIgnorePointer#3aeb4 relayoutBoundary=up15 NEEDS-PAINT
          child: RenderSemanticsAnnotations#742d9 relayoutBoundary=up16 NEEDS-PAINT
            child: RenderPointerListener#fb2b6 relayoutBoundary=up17 NEEDS-PAINT
    child 4: RenderConstrainedBox#983e8 relayoutBoundary=up13
    child 5: RenderFlex#f1eab relayoutBoundary=up13
      child 1: RenderSemanticsAnnotations#2c824 relayoutBoundary=up14
        child: _RenderInputPadding#6bd23 relayoutBoundary=up15
          child: RenderConstrainedBox#9793c relayoutBoundary=up16
            child: RenderPhysicalShape#eb562 relayoutBoundary=up17
════════════════════════════════════════════════════════════════════════════════════════════════════
══╡ EXCEPTION CAUGHT BY RENDERING LIBRARY ╞═════════════════════════════════════════════════════════
The following assertion was thrown during paint():
RenderBox was not laid out: RenderRepaintBoundary#8bbbd NEEDS-LAYOUT NEEDS-PAINT
'package:flutter/src/rendering/box.dart':
Failed assertion: line 2251 pos 12: 'hasSize'

Either the assertion indicates an error in the framework itself, or we should provide substantially
more information in this error message to help you determine and fix the underlying cause.
In either case, please report this assertion by filing a bug on GitHub:
  https://github.com/flutter/flutter/issues/new?template=02_bug.yml

The relevant error-causing widget was:
  TextField TextField:file:///home/cdesbois/flutterApps/pcriteria/lib/chips/chip_text.dart:54:13

When the exception was thrown, this was the stack:
#2      RenderBox.size (package:flutter/src/rendering/box.dart:2251:12)
#3      RenderBox.paintBounds (package:flutter/src/rendering/box.dart:3109:41)
#4      PaintingContext._repaintCompositedChild (package:flutter/src/rendering/object.dart:179:56)
#5      PaintingContext.repaintCompositedChild (package:flutter/src/rendering/object.dart:125:5)
#6      PaintingContext._compositeChild (package:flutter/src/rendering/object.dart:276:7)
#7      PaintingContext.paintChild (package:flutter/src/rendering/object.dart:257:7)
#8      _RenderDecoration.paint.doPaint (package:flutter/src/material/input_decorator.dart:1598:17)
#9      _RenderDecoration.paint (package:flutter/src/material/input_decorator.dart:1667:5)
#10     RenderObject._paintWithContext (package:flutter/src/rendering/object.dart:3429:7)
#11     PaintingContext.paintChild (package:flutter/src/rendering/object.dart:265:13)
#12     RenderProxyBoxMixin.paint (package:flutter/src/rendering/proxy_box.dart:143:13)
#13     RenderObject._paintWithContext (package:flutter/src/rendering/object.dart:3429:7)
#14     PaintingContext.paintChild (package:flutter/src/rendering/object.dart:265:13)
#15     RenderProxyBoxMixin.paint (package:flutter/src/rendering/proxy_box.dart:143:13)
#16     RenderObject._paintWithContext (package:flutter/src/rendering/object.dart:3429:7)
#17     PaintingContext.paintChild (package:flutter/src/rendering/object.dart:265:13)
#18     RenderProxyBoxMixin.paint (package:flutter/src/rendering/proxy_box.dart:143:13)
#19     RenderObject._paintWithContext (package:flutter/src/rendering/object.dart:3429:7)
#20     PaintingContext.paintChild (package:flutter/src/rendering/object.dart:265:13)
#21     RenderProxyBoxMixin.paint (package:flutter/src/rendering/proxy_box.dart:143:13)
#22     RenderObject._paintWithContext (package:flutter/src/rendering/object.dart:3429:7)
#23     PaintingContext.paintChild (package:flutter/src/rendering/object.dart:265:13)
#24     RenderProxyBoxMixin.paint (package:flutter/src/rendering/proxy_box.dart:143:13)
#25     RenderObject._paintWithContext (package:flutter/src/rendering/object.dart:3429:7)
#26     PaintingContext.paintChild (package:flutter/src/rendering/object.dart:265:13)
#27     RenderBoxContainerDefaultsMixin.defaultPaint (package:flutter/src/rendering/box.dart:3368:15)
#28     RenderFlex.paint (package:flutter/src/rendering/flex.dart:1402:7)
#29     RenderObject._paintWithContext (package:flutter/src/rendering/object.dart:3429:7)
#30     PaintingContext.paintChild (package:flutter/src/rendering/object.dart:265:13)
#31     RenderProxyBoxMixin.paint (package:flutter/src/rendering/proxy_box.dart:143:13)
#32     RenderObject._paintWithContext (package:flutter/src/rendering/object.dart:3429:7)
#33     PaintingContext.paintChild (package:flutter/src/rendering/object.dart:265:13)
#34     RenderProxyBoxMixin.paint (package:flutter/src/rendering/proxy_box.dart:143:13)
#35     RenderObject._paintWithContext (package:flutter/src/rendering/object.dart:3429:7)
#36     PaintingContext.paintChild (package:flutter/src/rendering/object.dart:265:13)
#37     RenderProxyBoxMixin.paint (package:flutter/src/rendering/proxy_box.dart:143:13)
#38     RenderObject._paintWithContext (package:flutter/src/rendering/object.dart:3429:7)
#39     PaintingContext.paintChild (package:flutter/src/rendering/object.dart:265:13)
#40     RenderProxyBoxMixin.paint (package:flutter/src/rendering/proxy_box.dart:143:13)
#41     RenderObject._paintWithContext (package:flutter/src/rendering/object.dart:3429:7)
#42     PaintingContext.paintChild (package:flutter/src/rendering/object.dart:265:13)
#43     RenderShiftedBox.paint (package:flutter/src/rendering/shifted_box.dart:98:15)
#44     RenderObject._paintWithContext (package:flutter/src/rendering/object.dart:3429:7)
#45     PaintingContext.paintChild (package:flutter/src/rendering/object.dart:265:13)
#46     RenderProxyBoxMixin.paint (package:flutter/src/rendering/proxy_box.dart:143:13)
#47     RenderCustomPaint.paint (package:flutter/src/rendering/custom_paint.dart:644:11)
#48     RenderObject._paintWithContext (package:flutter/src/rendering/object.dart:3429:7)
#49     PaintingContext.paintChild (package:flutter/src/rendering/object.dart:265:13)
#50     _RenderLayoutBuilder.paint (package:flutter/src/widgets/layout_builder.dart:470:15)
#51     RenderObject._paintWithContext (package:flutter/src/rendering/object.dart:3429:7)
#52     PaintingContext.paintChild (package:flutter/src/rendering/object.dart:265:13)
#53     RenderShiftedBox.paint (package:flutter/src/rendering/shifted_box.dart:98:15)
#54     RenderObject._paintWithContext (package:flutter/src/rendering/object.dart:3429:7)
#55     PaintingContext.paintChild (package:flutter/src/rendering/object.dart:265:13)
#56     RenderProxyBoxMixin.paint (package:flutter/src/rendering/proxy_box.dart:143:13)
#57     RenderObject._paintWithContext (package:flutter/src/rendering/object.dart:3429:7)
#58     PaintingContext.paintChild (package:flutter/src/rendering/object.dart:265:13)
#59     RenderProxyBoxMixin.paint (package:flutter/src/rendering/proxy_box.dart:143:13)
#60     RenderOpacity.paint (package:flutter/src/rendering/proxy_box.dart:952:11)
#61     RenderObject._paintWithContext (package:flutter/src/rendering/object.dart:3429:7)
#62     PaintingContext._repaintCompositedChild (package:flutter/src/rendering/object.dart:180:11)
#63     PaintingContext.repaintCompositedChild (package:flutter/src/rendering/object.dart:125:5)
#64     PipelineOwner.flushPaint (package:flutter/src/rendering/object.dart:1325:31)
#65     PipelineOwner.flushPaint (package:flutter/src/rendering/object.dart:1335:15)
#66     AutomatedTestWidgetsFlutterBinding.drawFrame (package:flutter_test/src/binding.dart:2137:31)
#67     RendererBinding._handlePersistentFrameCallback (package:flutter/src/rendering/binding.dart:495:5)
#68     SchedulerBinding._invokeFrameCallback (package:flutter/src/scheduler/binding.dart:1430:15)
#69     SchedulerBinding.handleDrawFrame (package:flutter/src/scheduler/binding.dart:1345:9)
#70     AutomatedTestWidgetsFlutterBinding.pump.<anonymous closure> (package:flutter_test/src/binding.dart:1960:9)
#73     TestAsyncUtils.guard (package:flutter_test/src/test_async_utils.dart:74:41)
#74     AutomatedTestWidgetsFlutterBinding.pump (package:flutter_test/src/binding.dart:1949:27)
#75     WidgetTester.pump.<anonymous closure> (package:flutter_test/src/widget_tester.dart:652:53)
#78     TestAsyncUtils.guard (package:flutter_test/src/test_async_utils.dart:74:41)
#79     WidgetTester.pump (package:flutter_test/src/widget_tester.dart:652:27)
#80     main.<anonymous closure> (file:///home/cdesbois/flutterApps/pcriteria/test/chip_text_interaction_test.dart:35:18)
<asynchronous suspension>
#81     testWidgets.<anonymous closure>.<anonymous closure> (package:flutter_test/src/widget_tester.dart:192:15)
<asynchronous suspension>
#82     TestWidgetsFlutterBinding._runTestBody (package:flutter_test/src/binding.dart:1682:5)
<asynchronous suspension>
<asynchronous suspension>
(elided 7 frames from class _AssertionError, dart:async, and package:stack_trace)

The following RenderObject was being processed when the exception was fired: _RenderDecoration#41cc7 relayoutBoundary=up18:
  needs compositing
  creator: _Decorator ← InputDecorator ← AnimatedBuilder ← Listener ← RawGestureDetector ←
    TextSelectionGestureDetector ← Semantics ← AnimatedBuilder ← IgnorePointer ← TextFieldTapRegion ←
    MouseRegion ← TextField ← ⋯
  parentData: <none> (can use size)
  constraints: BoxConstraints(0.0<=w<=Infinity, 0.0<=h<=38.0)
  size: MISSING
This RenderObject had the following descendants (showing up to depth 5):
    input: RenderRepaintBoundary#8bbbd NEEDS-LAYOUT NEEDS-PAINT
      child: _RenderCompositionCallback#2e715 NEEDS-LAYOUT NEEDS-PAINT
        child: RenderTapRegion#1830f NEEDS-LAYOUT NEEDS-PAINT
          child: RenderMouseRegion#13cb7 NEEDS-LAYOUT NEEDS-PAINT
            child: RenderPointerListener#6460e NEEDS-LAYOUT NEEDS-PAINT
    helperError: RenderConstrainedBox#51293 NEEDS-LAYOUT NEEDS-PAINT
    container: RenderCustomPaint#29e0c NEEDS-LAYOUT NEEDS-PAINT
════════════════════════════════════════════════════════════════════════════════════════════════════
══╡ EXCEPTION CAUGHT BY SCHEDULER LIBRARY ╞═════════════════════════════════════════════════════════
The following assertion was thrown during a scheduler callback:
'package:flutter/src/rendering/object.dart': Failed assertion: line 5493 pos 14:
'!semantics.parentDataDirty': is not true.

When the exception was thrown, this was the stack:
#2      _RenderObjectSemantics.debugCheckForParentData.debugCheckParentDataNotDirty (package:flutter/src/rendering/object.dart:5493:14)
#3      List.forEach (dart:core-patch/growable_array.dart:428:8)
#4      _RenderObjectSemantics.debugCheckForParentData.debugCheckParentDataNotDirty (package:flutter/src/rendering/object.dart:5494:42)
#5      List.forEach (dart:core-patch/growable_array.dart:428:8)
#6      _RenderObjectSemantics.debugCheckForParentData.debugCheckParentDataNotDirty (package:flutter/src/rendering/object.dart:5494:42)
#7      List.forEach (dart:core-patch/growable_array.dart:428:8)
#8      _RenderObjectSemantics.debugCheckForParentData.debugCheckParentDataNotDirty (package:flutter/src/rendering/object.dart:5494:42)
#9      List.forEach (dart:core-patch/growable_array.dart:428:8)
#10     _RenderObjectSemantics.debugCheckForParentData.debugCheckParentDataNotDirty (package:flutter/src/rendering/object.dart:5494:42)
#11     List.forEach (dart:core-patch/growable_array.dart:428:8)
#12     _RenderObjectSemantics.debugCheckForParentData.debugCheckParentDataNotDirty (package:flutter/src/rendering/object.dart:5494:42)
#13     List.forEach (dart:core-patch/growable_array.dart:428:8)
#14     _RenderObjectSemantics.debugCheckForParentData.debugCheckParentDataNotDirty (package:flutter/src/rendering/object.dart:5494:42)
#15     List.forEach (dart:core-patch/growable_array.dart:428:8)
#16     _RenderObjectSemantics.debugCheckForParentData.debugCheckParentDataNotDirty (package:flutter/src/rendering/object.dart:5494:42)
#17     List.forEach (dart:core-patch/growable_array.dart:428:8)
#18     _RenderObjectSemantics.debugCheckForParentData.debugCheckParentDataNotDirty (package:flutter/src/rendering/object.dart:5494:42)
#19     List.forEach (dart:core-patch/growable_array.dart:428:8)
#20     _RenderObjectSemantics.debugCheckForParentData.debugCheckParentDataNotDirty (package:flutter/src/rendering/object.dart:5494:42)
#21     List.forEach (dart:core-patch/growable_array.dart:428:8)
#22     _RenderObjectSemantics.debugCheckForParentData.debugCheckParentDataNotDirty (package:flutter/src/rendering/object.dart:5494:42)
#23     List.forEach (dart:core-patch/growable_array.dart:428:8)
#24     _RenderObjectSemantics.debugCheckForParentData.debugCheckParentDataNotDirty (package:flutter/src/rendering/object.dart:5494:42)
#25     List.forEach (dart:core-patch/growable_array.dart:428:8)
#26     _RenderObjectSemantics.debugCheckForParentData.debugCheckParentDataNotDirty (package:flutter/src/rendering/object.dart:5494:42)
#27     List.forEach (dart:core-patch/growable_array.dart:428:8)
#28     _RenderObjectSemantics.debugCheckForParentData.debugCheckParentDataNotDirty (package:flutter/src/rendering/object.dart:5494:42)
#29     List.forEach (dart:core-patch/growable_array.dart:428:8)
#30     _RenderObjectSemantics.debugCheckForParentData.debugCheckParentDataNotDirty (package:flutter/src/rendering/object.dart:5494:42)
#31     List.forEach (dart:core-patch/growable_array.dart:428:8)
#32     _RenderObjectSemantics.debugCheckForParentData.debugCheckParentDataNotDirty (package:flutter/src/rendering/object.dart:5494:42)
#33     List.forEach (dart:core-patch/growable_array.dart:428:8)
#34     _RenderObjectSemantics.debugCheckForParentData.debugCheckParentDataNotDirty (package:flutter/src/rendering/object.dart:5494:42)
#35     List.forEach (dart:core-patch/growable_array.dart:428:8)
#36     _RenderObjectSemantics.debugCheckForParentData.debugCheckParentDataNotDirty (package:flutter/src/rendering/object.dart:5494:42)
#37     List.forEach (dart:core-patch/growable_array.dart:428:8)
#38     _RenderObjectSemantics.debugCheckForParentData.debugCheckParentDataNotDirty (package:flutter/src/rendering/object.dart:5494:42)
#39     List.forEach (dart:core-patch/growable_array.dart:428:8)
#40     _RenderObjectSemantics.debugCheckForParentData.debugCheckParentDataNotDirty (package:flutter/src/rendering/object.dart:5494:42)
#41     List.forEach (dart:core-patch/growable_array.dart:428:8)
#42     _RenderObjectSemantics.debugCheckForParentData.debugCheckParentDataNotDirty (package:flutter/src/rendering/object.dart:5494:42)
#43     List.forEach (dart:core-patch/growable_array.dart:428:8)
#44     _RenderObjectSemantics.debugCheckForParentData.debugCheckParentDataNotDirty (package:flutter/src/rendering/object.dart:5494:42)
#45     List.forEach (dart:core-patch/growable_array.dart:428:8)
#46     _RenderObjectSemantics.debugCheckForParentData.debugCheckParentDataNotDirty (package:flutter/src/rendering/object.dart:5494:42)
#47     List.forEach (dart:core-patch/growable_array.dart:428:8)
#48     _RenderObjectSemantics.debugCheckForParentData.debugCheckParentDataNotDirty (package:flutter/src/rendering/object.dart:5494:42)
#49     List.forEach (dart:core-patch/growable_array.dart:428:8)
#50     _RenderObjectSemantics.debugCheckForParentData.debugCheckParentDataNotDirty (package:flutter/src/rendering/object.dart:5494:42)
#51     List.forEach (dart:core-patch/growable_array.dart:428:8)
#52     _RenderObjectSemantics.debugCheckForParentData.debugCheckParentDataNotDirty (package:flutter/src/rendering/object.dart:5494:42)
#53     List.forEach (dart:core-patch/growable_array.dart:428:8)
#54     _RenderObjectSemantics.debugCheckForParentData.debugCheckParentDataNotDirty (package:flutter/src/rendering/object.dart:5494:42)
#55     List.forEach (dart:core-patch/growable_array.dart:428:8)
#56     _RenderObjectSemantics.debugCheckForParentData.debugCheckParentDataNotDirty (package:flutter/src/rendering/object.dart:5494:42)
#57     List.forEach (dart:core-patch/growable_array.dart:428:8)
#58     _RenderObjectSemantics.debugCheckForParentData.debugCheckParentDataNotDirty (package:flutter/src/rendering/object.dart:5494:42)
#59     List.forEach (dart:core-patch/growable_array.dart:428:8)
#60     _RenderObjectSemantics.debugCheckForParentData.debugCheckParentDataNotDirty (package:flutter/src/rendering/object.dart:5494:42)
#61     List.forEach (dart:core-patch/growable_array.dart:428:8)
#62     _RenderObjectSemantics.debugCheckForParentData.debugCheckParentDataNotDirty (package:flutter/src/rendering/object.dart:5494:42)
#63     List.forEach (dart:core-patch/growable_array.dart:428:8)
#64     _RenderObjectSemantics.debugCheckForParentData.debugCheckParentDataNotDirty (package:flutter/src/rendering/object.dart:5494:42)
#65     List.forEach (dart:core-patch/growable_array.dart:428:8)
#66     _RenderObjectSemantics.debugCheckForParentData.debugCheckParentDataNotDirty (package:flutter/src/rendering/object.dart:5494:42)
#67     List.forEach (dart:core-patch/growable_array.dart:428:8)
#68     _RenderObjectSemantics.debugCheckForParentData.debugCheckParentDataNotDirty (package:flutter/src/rendering/object.dart:5494:42)
#69     List.forEach (dart:core-patch/growable_array.dart:428:8)
#70     _RenderObjectSemantics.debugCheckForParentData.debugCheckParentDataNotDirty (package:flutter/src/rendering/object.dart:5494:42)
#71     List.forEach (dart:core-patch/growable_array.dart:428:8)
#72     _RenderObjectSemantics.debugCheckForParentData.debugCheckParentDataNotDirty (package:flutter/src/rendering/object.dart:5494:42)
#73     List.forEach (dart:core-patch/growable_array.dart:428:8)
#74     _RenderObjectSemantics.debugCheckForParentData.debugCheckParentDataNotDirty (package:flutter/src/rendering/object.dart:5494:42)
#75     List.forEach (dart:core-patch/growable_array.dart:428:8)
#76     _RenderObjectSemantics.debugCheckForParentData.debugCheckParentDataNotDirty (package:flutter/src/rendering/object.dart:5494:42)
#77     List.forEach (dart:core-patch/growable_array.dart:428:8)
#78     _RenderObjectSemantics.debugCheckForParentData.debugCheckParentDataNotDirty (package:flutter/src/rendering/object.dart:5494:42)
#79     List.forEach (dart:core-patch/growable_array.dart:428:8)
#80     _RenderObjectSemantics.debugCheckForParentData.debugCheckParentDataNotDirty (package:flutter/src/rendering/object.dart:5494:42)
#81     List.forEach (dart:core-patch/growable_array.dart:428:8)
#82     _RenderObjectSemantics.debugCheckForParentData.debugCheckParentDataNotDirty (package:flutter/src/rendering/object.dart:5494:42)
#83     List.forEach (dart:core-patch/growable_array.dart:428:8)
#84     _RenderObjectSemantics.debugCheckForParentData.debugCheckParentDataNotDirty (package:flutter/src/rendering/object.dart:5494:42)
#85     List.forEach (dart:core-patch/growable_array.dart:428:8)
#86     _RenderObjectSemantics.debugCheckForParentData.debugCheckParentDataNotDirty (package:flutter/src/rendering/object.dart:5494:42)
#87     List.forEach (dart:core-patch/growable_array.dart:428:8)
#88     _RenderObjectSemantics.debugCheckForParentData.debugCheckParentDataNotDirty (package:flutter/src/rendering/object.dart:5494:42)
#89     List.forEach (dart:core-patch/growable_array.dart:428:8)
#90     _RenderObjectSemantics.debugCheckForParentData.debugCheckParentDataNotDirty (package:flutter/src/rendering/object.dart:5494:42)
#91     List.forEach (dart:core-patch/growable_array.dart:428:8)
#92     _RenderObjectSemantics.debugCheckForParentData.debugCheckParentDataNotDirty (package:flutter/src/rendering/object.dart:5494:42)
#93     List.forEach (dart:core-patch/growable_array.dart:428:8)
#94     _RenderObjectSemantics.debugCheckForParentData.debugCheckParentDataNotDirty (package:flutter/src/rendering/object.dart:5494:42)
#95     List.forEach (dart:core-patch/growable_array.dart:428:8)
#96     _RenderObjectSemantics.debugCheckForParentData.debugCheckParentDataNotDirty (package:flutter/src/rendering/object.dart:5494:42)
#97     List.forEach (dart:core-patch/growable_array.dart:428:8)
#98     _RenderObjectSemantics.debugCheckForParentData.debugCheckParentDataNotDirty (package:flutter/src/rendering/object.dart:5494:42)
#99     List.forEach (dart:core-patch/growable_array.dart:428:8)
#100    _RenderObjectSemantics.debugCheckForParentData.debugCheckParentDataNotDirty (package:flutter/src/rendering/object.dart:5494:42)
#101    List.forEach (dart:core-patch/growable_array.dart:428:8)
#102    _RenderObjectSemantics.debugCheckForParentData.debugCheckParentDataNotDirty (package:flutter/src/rendering/object.dart:5494:42)
#103    _RenderObjectSemantics.debugCheckForParentData (package:flutter/src/rendering/object.dart:5497:5)
#104    PipelineOwner.flushSemantics.<anonymous closure> (package:flutter/src/rendering/object.dart:1483:34)
#105    PipelineOwner.flushSemantics (package:flutter/src/rendering/object.dart:1486:8)
#106    PipelineOwner.flushSemantics (package:flutter/src/rendering/object.dart:1518:15)
#107    AutomatedTestWidgetsFlutterBinding.drawFrame (package:flutter_test/src/binding.dart:2144:35)
#108    RendererBinding._handlePersistentFrameCallback (package:flutter/src/rendering/binding.dart:495:5)
#109    SchedulerBinding._invokeFrameCallback (package:flutter/src/scheduler/binding.dart:1430:15)
#110    SchedulerBinding.handleDrawFrame (package:flutter/src/scheduler/binding.dart:1345:9)
#111    AutomatedTestWidgetsFlutterBinding.pump.<anonymous closure> (package:flutter_test/src/binding.dart:1960:9)
#114    TestAsyncUtils.guard (package:flutter_test/src/test_async_utils.dart:74:41)
#115    AutomatedTestWidgetsFlutterBinding.pump (package:flutter_test/src/binding.dart:1949:27)
#116    WidgetTester.pump.<anonymous closure> (package:flutter_test/src/widget_tester.dart:652:53)
#119    TestAsyncUtils.guard (package:flutter_test/src/test_async_utils.dart:74:41)
#120    WidgetTester.pump (package:flutter_test/src/widget_tester.dart:652:27)
#121    main.<anonymous closure> (file:///home/cdesbois/flutterApps/pcriteria/test/chip_text_interaction_test.dart:35:18)
<asynchronous suspension>
#122    testWidgets.<anonymous closure>.<anonymous closure> (package:flutter_test/src/widget_tester.dart:192:15)
<asynchronous suspension>
#123    TestWidgetsFlutterBinding._runTestBody (package:flutter_test/src/binding.dart:1682:5)
<asynchronous suspension>
<asynchronous suspension>
(elided 7 frames from class _AssertionError, dart:async, and package:stack_trace)
════════════════════════════════════════════════════════════════════════════════════════════════════
══╡ EXCEPTION CAUGHT BY FLUTTER TEST FRAMEWORK ╞════════════════════════════════════════════════════
The following TestFailure was thrown running a test:
Expected: true
  Actual: <false>

When the exception was thrown, this was the stack:
#4      main.<anonymous closure> (file:///home/cdesbois/flutterApps/pcriteria/test/chip_text_interaction_test.dart:38:5)
<asynchronous suspension>
#5      testWidgets.<anonymous closure>.<anonymous closure> (package:flutter_test/src/widget_tester.dart:192:15)
<asynchronous suspension>
#6      TestWidgetsFlutterBinding._runTestBody (package:flutter_test/src/binding.dart:1682:5)
<asynchronous suspension>
<asynchronous suspension>
(elided one frame from package:stack_trace)

This was caught by the test expectation on the following line:
  file:///home/cdesbois/flutterApps/pcriteria/test/chip_text_interaction_test.dart line 38
The test description was:
  ChipText updates displayed status on input
════════════════════════════════════════════════════════════════════════════════════════════════════
══╡ EXCEPTION CAUGHT BY FLUTTER TEST FRAMEWORK ╞════════════════════════════════════════════════════
The following message was thrown:
Multiple exceptions (30) were detected during the running of the current test, and at least one was
unexpected.
════════════════════════════════════════════════════════════════════════════════════════════════════
00:00 +0 -1: ChipText updates displayed status on input [E]
  Test failed. See exception logs above.
  The test description was: ChipText updates displayed status on input
  
00:00 +0 -1: Some tests failed.
